stm32f4xx_hal_flash.c:172:19:HAL_FLASH_Program	32	static
stm32f4xx_hal_flash.c:230:19:HAL_FLASH_Program_IT	32	static
stm32f4xx_hal_flash.c:277:6:HAL_FLASH_IRQHandler	16	static
stm32f4xx_hal_flash.c:400:13:HAL_FLASH_EndOfOperationCallback	16	static
stm32f4xx_hal_flash.c:417:13:HAL_FLASH_OperationErrorCallback	16	static
stm32f4xx_hal_flash.c:449:19:HAL_FLASH_Unlock	16	static
stm32f4xx_hal_flash.c:473:19:HAL_FLASH_Lock	4	static
stm32f4xx_hal_flash.c:485:19:HAL_FLASH_OB_Unlock	4	static
stm32f4xx_hal_flash.c:505:19:HAL_FLASH_OB_Lock	4	static
stm32f4xx_hal_flash.c:517:19:HAL_FLASH_OB_Launch	8	static
stm32f4xx_hal_flash.c:554:10:HAL_FLASH_GetError	4	static
stm32f4xx_hal_flash.c:568:19:FLASH_WaitForLastOperation	24	static
stm32f4xx_hal_flash.c:628:13:FLASH_Program_DoubleWord	32	static
stm32f4xx_hal_flash.c:656:13:FLASH_Program_Word	16	static
stm32f4xx_hal_flash.c:681:13:FLASH_Program_HalfWord	16	static
stm32f4xx_hal_flash.c:706:13:FLASH_Program_Byte	16	static
stm32f4xx_hal_flash.c:723:13:FLASH_SetErrorCode	4	static
