Archive member included to satisfy reference by file (symbol)

E:/Program Files (x86)/Atollic CMSIS PACKS/ARM/CMSIS/5.3.0/CMSIS/Lib/GCC\libarm_cortexM0l_math.a(arm_const_structs.o)
                              Src\main.o (arm_cfft_sR_f32_len512)
E:/Program Files (x86)/Atollic CMSIS PACKS/ARM/CMSIS/5.3.0/CMSIS/Lib/GCC\libarm_cortexM0l_math.a(arm_common_tables.o)
                              E:/Program Files (x86)/Atollic CMSIS PACKS/ARM/CMSIS/5.3.0/CMSIS/Lib/GCC\libarm_cortexM0l_math.a(arm_const_structs.o) (twiddleCoef_rfft_4096)
E:/Program Files (x86)/Atollic CMSIS PACKS/ARM/CMSIS/5.3.0/CMSIS/Lib/GCC\libarm_cortexM0l_math.a(arm_cfft_f32.o)
                              Src\main.o (arm_cfft_f32)
E:/Program Files (x86)/Atollic CMSIS PACKS/ARM/CMSIS/5.3.0/CMSIS/Lib/GCC\libarm_cortexM0l_math.a(arm_rfft_init_q31.o)
                              E:/Program Files (x86)/Atollic CMSIS PACKS/ARM/CMSIS/5.3.0/CMSIS/Lib/GCC\libarm_cortexM0l_math.a(arm_const_structs.o) (realCoefBQ31)
E:/Program Files (x86)/Atollic CMSIS PACKS/ARM/CMSIS/5.3.0/CMSIS/Lib/GCC\libarm_cortexM0l_math.a(arm_rfft_init_q15.o)
                              E:/Program Files (x86)/Atollic CMSIS PACKS/ARM/CMSIS/5.3.0/CMSIS/Lib/GCC\libarm_cortexM0l_math.a(arm_const_structs.o) (realCoefBQ15)
E:/Program Files (x86)/Atollic CMSIS PACKS/ARM/CMSIS/5.3.0/CMSIS/Lib/GCC\libarm_cortexM0l_math.a(arm_bitreversal2.o)
                              E:/Program Files (x86)/Atollic CMSIS PACKS/ARM/CMSIS/5.3.0/CMSIS/Lib/GCC\libarm_cortexM0l_math.a(arm_cfft_f32.o) (arm_bitreversal_32)
E:/Program Files (x86)/Atollic CMSIS PACKS/ARM/CMSIS/5.3.0/CMSIS/Lib/GCC\libarm_cortexM0l_math.a(arm_cfft_radix8_f32.o)
                              E:/Program Files (x86)/Atollic CMSIS PACKS/ARM/CMSIS/5.3.0/CMSIS/Lib/GCC\libarm_cortexM0l_math.a(arm_cfft_f32.o) (arm_radix8_butterfly_f32)
c:/program files (x86)/atollic/truestudio for stm32 9.0.0/armtools/bin/../lib/gcc/arm-atollic-eabi/6.3.1/../../../../arm-atollic-eabi/lib/armv6-m\libc_nano.a(lib_a-init.o)
                              startup\startup_stm32f072xb.o (__libc_init_array)
c:/program files (x86)/atollic/truestudio for stm32 9.0.0/armtools/bin/../lib/gcc/arm-atollic-eabi/6.3.1/../../../../arm-atollic-eabi/lib/armv6-m\libc_nano.a(lib_a-printf.o)
                              Src\main.o (printf)
c:/program files (x86)/atollic/truestudio for stm32 9.0.0/armtools/bin/../lib/gcc/arm-atollic-eabi/6.3.1/../../../../arm-atollic-eabi/lib/armv6-m\libc_nano.a(lib_a-findfp.o)
                              c:/program files (x86)/atollic/truestudio for stm32 9.0.0/armtools/bin/../lib/gcc/arm-atollic-eabi/6.3.1/../../../../arm-atollic-eabi/lib/armv6-m\libc_nano.a(lib_a-printf.o) (__sinit)
c:/program files (x86)/atollic/truestudio for stm32 9.0.0/armtools/bin/../lib/gcc/arm-atollic-eabi/6.3.1/../../../../arm-atollic-eabi/lib/armv6-m\libc_nano.a(lib_a-fwalk.o)
                              c:/program files (x86)/atollic/truestudio for stm32 9.0.0/armtools/bin/../lib/gcc/arm-atollic-eabi/6.3.1/../../../../arm-atollic-eabi/lib/armv6-m\libc_nano.a(lib_a-findfp.o) (_fwalk)
c:/program files (x86)/atollic/truestudio for stm32 9.0.0/armtools/bin/../lib/gcc/arm-atollic-eabi/6.3.1/../../../../arm-atollic-eabi/lib/armv6-m\libc_nano.a(lib_a-impure.o)
                              c:/program files (x86)/atollic/truestudio for stm32 9.0.0/armtools/bin/../lib/gcc/arm-atollic-eabi/6.3.1/../../../../arm-atollic-eabi/lib/armv6-m\libc_nano.a(lib_a-findfp.o) (_global_impure_ptr)
c:/program files (x86)/atollic/truestudio for stm32 9.0.0/armtools/bin/../lib/gcc/arm-atollic-eabi/6.3.1/../../../../arm-atollic-eabi/lib/armv6-m\libc_nano.a(lib_a-memset.o)
                              c:/program files (x86)/atollic/truestudio for stm32 9.0.0/armtools/bin/../lib/gcc/arm-atollic-eabi/6.3.1/../../../../arm-atollic-eabi/lib/armv6-m\libc_nano.a(lib_a-findfp.o) (memset)
c:/program files (x86)/atollic/truestudio for stm32 9.0.0/armtools/bin/../lib/gcc/arm-atollic-eabi/6.3.1/../../../../arm-atollic-eabi/lib/armv6-m\libc_nano.a(lib_a-nano-mallocr.o)
                              c:/program files (x86)/atollic/truestudio for stm32 9.0.0/armtools/bin/../lib/gcc/arm-atollic-eabi/6.3.1/../../../../arm-atollic-eabi/lib/armv6-m\libc_nano.a(lib_a-findfp.o) (_malloc_r)
c:/program files (x86)/atollic/truestudio for stm32 9.0.0/armtools/bin/../lib/gcc/arm-atollic-eabi/6.3.1/../../../../arm-atollic-eabi/lib/armv6-m\libc_nano.a(lib_a-nano-vfprintf.o)
                              c:/program files (x86)/atollic/truestudio for stm32 9.0.0/armtools/bin/../lib/gcc/arm-atollic-eabi/6.3.1/../../../../arm-atollic-eabi/lib/armv6-m\libc_nano.a(lib_a-printf.o) (_vfprintf_r)
c:/program files (x86)/atollic/truestudio for stm32 9.0.0/armtools/bin/../lib/gcc/arm-atollic-eabi/6.3.1/../../../../arm-atollic-eabi/lib/armv6-m\libc_nano.a(lib_a-nano-vfprintf_i.o)
[...]
Memory Configuration

Name             Origin             Length             Attributes
RAM              0x20000000         0x00004000         xrw
FLASH            0x08000000         0x00020000         xr
*default*        0x00000000         0xffffffff

Linker script and memory map

LOAD c:/program files (x86)/atollic/truestudio for stm32 9.0.0/armtools/bin/../lib/gcc/arm-atollic-eabi/6.3.1/armv6-m/crti.o
LOAD c:/program files (x86)/atollic/truestudio for stm32 9.0.0/armtools/bin/../lib/gcc/arm-atollic-eabi/6.3.1/armv6-m/crtbegin.o
LOAD Drivers\STM32F0xx_HAL_Driver\Src\stm32f0xx_hal.o
LOAD Drivers\STM32F0xx_HAL_Driver\Src\stm32f0xx_hal_cortex.o
LOAD Drivers\STM32F0xx_HAL_Driver\Src\stm32f0xx_hal_dma.o
LOAD Drivers\STM32F0xx_HAL_Driver\Src\stm32f0xx_hal_flash.o
LOAD Drivers\STM32F0xx_HAL_Driver\Src\stm32f0xx_hal_flash_ex.o
LOAD Drivers\STM32F0xx_HAL_Driver\Src\stm32f0xx_hal_gpio.o
LOAD Drivers\STM32F0xx_HAL_Driver\Src\stm32f0xx_hal_i2c.o
LOAD Drivers\STM32F0xx_HAL_Driver\Src\stm32f0xx_hal_i2c_ex.o
LOAD Drivers\STM32F0xx_HAL_Driver\Src\stm32f0xx_hal_pwr.o
LOAD Drivers\STM32F0xx_HAL_Driver\Src\stm32f0xx_hal_pwr_ex.o
LOAD Drivers\STM32F0xx_HAL_Driver\Src\stm32f0xx_hal_rcc.o
LOAD Drivers\STM32F0xx_HAL_Driver\Src\stm32f0xx_hal_rcc_ex.o
LOAD Drivers\STM32F0xx_HAL_Driver\Src\stm32f0xx_hal_tim.o
LOAD Drivers\STM32F0xx_HAL_Driver\Src\stm32f0xx_hal_tim_ex.o
LOAD Drivers\STM32F0xx_HAL_Driver\Src\stm32f0xx_hal_uart.o
LOAD Drivers\STM32F0xx_HAL_Driver\Src\stm32f0xx_hal_uart_ex.o
LOAD Src\gpio.o
LOAD Src\main.o
LOAD Src\stm32f0xx_hal_msp.o
LOAD Src\stm32f0xx_it.o
LOAD Src\system_stm32f0xx.o
LOAD Src\tim.o
LOAD Src\usart.o
LOAD startup\startup_stm32f072xb.o
LOAD E:/Program Files (x86)/Atollic CMSIS PACKS/ARM/CMSIS/5.3.0/CMSIS/Lib/GCC\libarm_cortexM0l_math.a
                0x00000080                malloc_getpagesize_P = 0x80
START GROUP
LOAD c:/program files (x86)/atollic/truestudio for stm32 9.0.0/armtools/bin/../lib/gcc/arm-atollic-eabi/6.3.1/../../../../arm-atollic-eabi/lib/armv6-m\libc_nano.a
LOAD c:/program files (x86)/atollic/truestudio for stm32 9.0.0/armtools/bin/../lib/gcc/arm-atollic-eabi/6.3.1/../../../../arm-atollic-eabi/lib/armv6-m\libm.a
END GROUP
START GROUP
LOAD c:/program files (x86)/atollic/truestudio for stm32 9.0.0/armtools/bin/../lib/gcc/arm-atollic-eabi/6.3.1/armv6-m\libgcc.a
LOAD c:/program files (x86)/atollic/truestudio for stm32 9.0.0/armtools/bin/../lib/gcc/arm-atollic-eabi/6.3.1/../../../../arm-atollic-eabi/lib/armv6-m\libc_nano.a
END GROUP
START GROUP
LOAD c:/program files (x86)/atollic/truestudio for stm32 9.0.0/armtools/bin/../lib/gcc/arm-atollic-eabi/6.3.1/armv6-m\libgcc.a
LOAD c:/program files (x86)/atollic/truestudio for stm32 9.0.0/armtools/bin/../lib/gcc/arm-atollic-eabi/6.3.1/../../../../arm-atollic-eabi/lib/armv6-m\libc_nano.a
LOAD c:/program files (x86)/atollic/truestudio for stm32 9.0.0/armtools/bin/../lib/gcc/arm-atollic-eabi/6.3.1/../../../../arm-atollic-eabi/lib/armv6-m\libnosys.a
END GROUP
START GROUP
LOAD c:/program files (x86)/atollic/truestudio for stm32 9.0.0/armtools/bin/../lib/gcc/arm-atollic-eabi/6.3.1/armv6-m\libgcc.a
LOAD c:/program files (x86)/atollic/truestudio for stm32 9.0.0/armtools/bin/../lib/gcc/arm-atollic-eabi/6.3.1/../../../../arm-atollic-eabi/lib/armv6-m\libc_nano.a
LOAD c:/program files (x86)/atollic/truestudio for stm32 9.0.0/armtools/bin/../lib/gcc/arm-atollic-eabi/6.3.1/../../../../arm-atollic-eabi/lib/armv6-m\libnosys.a
END GROUP
LOAD c:/program files (x86)/atollic/truestudio for stm32 9.0.0/armtools/bin/../lib/gcc/arm-atollic-eabi/6.3.1/armv6-m/crtend.o
LOAD c:/program files (x86)/atollic/truestudio for stm32 9.0.0/armtools/bin/../lib/gcc/arm-atollic-eabi/6.3.1/armv6-m/crtn.o
                0x20004000                _estack = 0x20004000
                0x00000200                _Min_Heap_Size = 0x200
                0x00000400                _Min_Stack_Size = 0x400

.isr_vector     0x08000000       0xc0
                0x08000000                . = ALIGN (0x4)
 *(.isr_vector)
 .isr_vector    0x08000000       0xc0 startup\startup_stm32f072xb.o
                0x08000000                g_pfnVectors
                0x080000c0                . = ALIGN (0x4)

.text           0x080000c0     0x58fc
                0x080000c0                . = ALIGN (0x4)
 *(.text)
 .text          0x080000c0       0x48 c:/program files (x86)/atollic/truestudio for stm32 9.0.0/armtools/bin/../lib/gcc/arm-atollic-eabi/6.3.1/armv6-m/crtbegin.o
 .text          0x08000108       0x50 E:/Program Files (x86)/Atollic CMSIS PACKS/ARM/CMSIS/5.3.0/CMSIS/Lib/GCC\libarm_cortexM0l_math.a(arm_bitreversal2.o)
                0x08000108                arm_bitreversal_32
                0x08000132                arm_bitreversal_16
 .text          0x08000158      0x114 c:/program files (x86)/atollic/truestudio for stm32 9.0.0/armtools/bin/../lib/gcc/arm-atollic-eabi/6.3.1/armv6-m\libgcc.a(_udivsi3.o)
                0x08000158                __aeabi_uidiv
                0x08000158                __udivsi3
                0x08000264                __aeabi_uidivmod
 .text          0x0800026c        0x4 c:/program files (x86)/atollic/truestudio for stm32 9.0.0/armtools/bin/../lib/gcc/arm-atollic-eabi/6.3.1/armv6-m\libgcc.a(_dvmd_tls.o)
                0x0800026c                __aeabi_idiv0
                0x0800026c                __aeabi_ldiv0
 .text          0x08000270      0x324 c:/program files (x86)/atollic/truestudio for stm32 9.0.0/armtools/bin/../lib/gcc/arm-atollic-eabi/6.3.1/armv6-m\libgcc.a(addsf3.o)
                0x08000270                __aeabi_fadd
 .text          0x08000594      0x290 c:/program files (x86)/atollic/truestudio for stm32 9.0.0/armtools/bin/../lib/gcc/arm-atollic-eabi/6.3.1/armv6-m\libgcc.a(divsf3.o)
                0x08000594                __aeabi_fdiv
 .text          0x08000824      0x240 c:/program files (x86)/atollic/truestudio for stm32 9.0.0/armtools/bin/../lib/gcc/arm-atollic-eabi/6.3.1/armv6-m\libgcc.a(mulsf3.o)
                0x08000824                __aeabi_fmul
 .text          0x08000a64      0x338 c:/program files (x86)/atollic/truestudio for stm32 9.0.0/armtools/bin/../lib/gcc/arm-atollic-eabi/6.3.1/armv6-m\libgcc.a(subsf3.o)
                0x08000a64                __aeabi_fsub
 .text          0x08000d9c       0x8c c:/program files (x86)/atollic/truestudio for stm32 9.0.0/armtools/bin/../lib/gcc/arm-atollic-eabi/6.3.1/armv6-m\libgcc.a(floatunsisf.o)
                0x08000d9c                __aeabi_ui2f
 .text          0x08000e28       0x3c c:/program files (x86)/atollic/truestudio for stm32 9.0.0/armtools/bin/../lib/gcc/arm-atollic-eabi/6.3.1/armv6-m\libgcc.a(_clzsi2.o)
                0x08000e28                __clzsi2
 *(.text*)
 .text.HAL_Init
                0x08000e64       0x28 Drivers\STM32F0xx_HAL_Driver\Src\stm32f0xx_hal.o
                0x08000e64                HAL_Init
 .text.HAL_InitTick
                0x08000e8c       0x38 Drivers\STM32F0xx_HAL_Driver\Src\stm32f0xx_hal.o
                0x08000e8c                HAL_InitTick
 .text.HAL_IncTick
                0x08000ec4       0x18 Drivers\STM32F0xx_HAL_Driver\Src\stm32f0xx_hal.o
                0x08000ec4                HAL_IncTick
 .text.HAL_GetTick
                0x08000edc       0x14 Drivers\STM32F0xx_HAL_Driver\Src\stm32f0xx_hal.o
                0x08000edc                HAL_GetTick
 .text.NVIC_EnableIRQ
                0x08000ef0       0x2c Drivers\STM32F0xx_HAL_Driver\Src\stm32f0xx_hal_cortex.o
 .text.NVIC_SetPriority
                0x08000f1c       0xdc Drivers\STM32F0xx_HAL_Driver\Src\stm32f0xx_hal_cortex.o
 .text.SysTick_Config
                0x08000ff8       0x48 Drivers\STM32F0xx_HAL_Driver\Src\stm32f0xx_hal_cortex.o
 .text.HAL_NVIC_SetPriority
                0x08001040       0x2c Drivers\STM32F0xx_HAL_Driver\Src\stm32f0xx_hal_cortex.o
                0x08001040                HAL_NVIC_SetPriority
 .text.HAL_NVIC_EnableIRQ
                0x0800106c       0x20 Drivers\STM32F0xx_HAL_Driver\Src\stm32f0xx_hal_cortex.o
                0x0800106c                HAL_NVIC_EnableIRQ
 .text.HAL_SYSTICK_Config
                0x0800108c       0x1a Drivers\STM32F0xx_HAL_Driver\Src\stm32f0xx_hal_cortex.o
                0x0800108c                HAL_SYSTICK_Config
 *fill*         0x080010a6        0x2 
 .text.HAL_SYSTICK_CLKSourceConfig
                0x080010a8       0x34 Drivers\STM32F0xx_HAL_Driver\Src\stm32f0xx_hal_cortex.o
                0x080010a8                HAL_SYSTICK_CLKSourceConfig
 .text.HAL_SYSTICK_IRQHandler
                0x080010dc        0xe Drivers\STM32F0xx_HAL_Driver\Src\stm32f0xx_hal_cortex.o
                0x080010dc                HAL_SYSTICK_IRQHandler
 .text.HAL_SYSTICK_Callback
                0x080010ea        0xa Drivers\STM32F0xx_HAL_Driver\Src\stm32f0xx_hal_cortex.o
                0x080010ea                HAL_SYSTICK_Callback
 .text.HAL_GPIO_Init
                0x080010f4      0x2f8 Drivers\STM32F0xx_HAL_Driver\Src\stm32f0xx_hal_gpio.o
                0x080010f4                HAL_GPIO_Init
 .text.HAL_GPIO_WritePin
                0x080013ec       0x3a Drivers\STM32F0xx_HAL_Driver\Src\stm32f0xx_hal_gpio.o
                0x080013ec                HAL_GPIO_WritePin
 *fill*         0x08001426        0x2 
 .text.HAL_RCC_OscConfig
                0x08001428      0x6bc Drivers\STM32F0xx_HAL_Driver\Src\stm32f0xx_hal_rcc.o
                0x08001428                HAL_RCC_OscConfig
 .text.HAL_RCC_ClockConfig
                0x08001ae4      0x210 Drivers\STM32F0xx_HAL_Driver\Src\stm32f0xx_hal_rcc.o
                0x08001ae4                HAL_RCC_ClockConfig
 .text.HAL_RCC_GetSysClockFreq
                0x08001cf4       0xfc Drivers\STM32F0xx_HAL_Driver\Src\stm32f0xx_hal_rcc.o
                0x08001cf4                HAL_RCC_GetSysClockFreq
 .text.HAL_RCC_GetHCLKFreq
                0x08001df0       0x14 Drivers\STM32F0xx_HAL_Driver\Src\stm32f0xx_hal_rcc.o
                0x08001df0                HAL_RCC_GetHCLKFreq
 .text.HAL_RCC_GetPCLK1Freq
                0x08001e04       0x2c Drivers\STM32F0xx_HAL_Driver\Src\stm32f0xx_hal_rcc.o
                0x08001e04                HAL_RCC_GetPCLK1Freq
 .text.HAL_RCCEx_PeriphCLKConfig
                0x08001e30      0x1fc Drivers\STM32F0xx_HAL_Driver\Src\stm32f0xx_hal_rcc_ex.o
                0x08001e30                HAL_RCCEx_PeriphCLKConfig
 .text.HAL_TIM_Base_Init
                0x0800202c       0x58 Drivers\STM32F0xx_HAL_Driver\Src\stm32f0xx_hal_tim.o
                0x0800202c                HAL_TIM_Base_Init
 .text.HAL_TIM_Base_Start_IT
                0x08002084       0x32 Drivers\STM32F0xx_HAL_Driver\Src\stm32f0xx_hal_tim.o
                0x08002084                HAL_TIM_Base_Start_IT
 .text.HAL_TIM_IRQHandler
                0x080020b6      0x22c Drivers\STM32F0xx_HAL_Driver\Src\stm32f0xx_hal_tim.o
                0x080020b6                HAL_TIM_IRQHandler
 *fill*         0x080022e2        0x2 
 .text.HAL_TIM_ConfigClockSource
                0x080022e4      0x1c0 Drivers\STM32F0xx_HAL_Driver\Src\stm32f0xx_hal_tim.o
                0x080022e4                HAL_TIM_ConfigClockSource
 .text.HAL_TIM_OC_DelayElapsedCallback
                0x080024a4       0x10 Drivers\STM32F0xx_HAL_Driver\Src\stm32f0xx_hal_tim.o
                0x080024a4                HAL_TIM_OC_DelayElapsedCallback
 .text.HAL_TIM_IC_CaptureCallback
                0x080024b4       0x10 Drivers\STM32F0xx_HAL_Driver\Src\stm32f0xx_hal_tim.o
                0x080024b4                HAL_TIM_IC_CaptureCallback
 .text.HAL_TIM_PWM_PulseFinishedCallback
                0x080024c4       0x10 Drivers\STM32F0xx_HAL_Driver\Src\stm32f0xx_hal_tim.o
                0x080024c4                HAL_TIM_PWM_PulseFinishedCallback
 .text.HAL_TIM_TriggerCallback
                0x080024d4       0x10 Drivers\STM32F0xx_HAL_Driver\Src\stm32f0xx_hal_tim.o
                0x080024d4                HAL_TIM_TriggerCallback
 .text.TIM_Base_SetConfig
                0x080024e4      0x104 Drivers\STM32F0xx_HAL_Driver\Src\stm32f0xx_hal_tim.o
                0x080024e4                TIM_Base_SetConfig
 .text.TIM_TI1_ConfigInputStage
                0x080025e8       0x64 Drivers\STM32F0xx_HAL_Driver\Src\stm32f0xx_hal_tim.o
 .text.TIM_TI2_ConfigInputStage
                0x0800264c       0x6c Drivers\STM32F0xx_HAL_Driver\Src\stm32f0xx_hal_tim.o
 .text.TIM_ITRx_SetConfig
                0x080026b8       0x40 Drivers\STM32F0xx_HAL_Driver\Src\stm32f0xx_hal_tim.o
 .text.TIM_ETR_SetConfig
                0x080026f8       0x44 Drivers\STM32F0xx_HAL_Driver\Src\stm32f0xx_hal_tim.o
                0x080026f8                TIM_ETR_SetConfig
 .text.HAL_TIMEx_MasterConfigSynchronization
                0x0800273c       0x86 Drivers\STM32F0xx_HAL_Driver\Src\stm32f0xx_hal_tim_ex.o
                0x0800273c                HAL_TIMEx_MasterConfigSynchronization
 .text.HAL_TIMEx_CommutationCallback
                0x080027c2       0x10 Drivers\STM32F0xx_HAL_Driver\Src\stm32f0xx_hal_tim_ex.o
                0x080027c2                HAL_TIMEx_CommutationCallback
 .text.HAL_TIMEx_BreakCallback
                0x080027d2       0x10 Drivers\STM32F0xx_HAL_Driver\Src\stm32f0xx_hal_tim_ex.o
                0x080027d2                HAL_TIMEx_BreakCallback
 *fill*         0x080027e2        0x2 
 .text.HAL_UART_Init
                0x080027e4       0xb0 Drivers\STM32F0xx_HAL_Driver\Src\stm32f0xx_hal_uart.o
                0x080027e4                HAL_UART_Init
 .text.HAL_UART_Transmit
                0x08002894      0x146 Drivers\STM32F0xx_HAL_Driver\Src\stm32f0xx_hal_uart.o
                0x08002894                HAL_UART_Transmit
 .text.HAL_UART_GetState
                0x080029da       0x38 Drivers\STM32F0xx_HAL_Driver\Src\stm32f0xx_hal_uart.o
                0x080029da                HAL_UART_GetState
 *fill*         0x08002a12        0x2 
 .text.UART_SetConfig
                0x08002a14      0x378 Drivers\STM32F0xx_HAL_Driver\Src\stm32f0xx_hal_uart.o
                0x08002a14                UART_SetConfig
 .text.UART_AdvFeatureConfig
                0x08002d8c      0x158 Drivers\STM32F0xx_HAL_Driver\Src\stm32f0xx_hal_uart.o
                0x08002d8c                UART_AdvFeatureConfig
 .text.UART_CheckIdleState
                0x08002ee4       0xb0 Drivers\STM32F0xx_HAL_Driver\Src\stm32f0xx_hal_uart.o
                0x08002ee4                UART_CheckIdleState
 .text.UART_WaitOnFlagUntilTimeout
                0x08002f94       0x98 Drivers\STM32F0xx_HAL_Driver\Src\stm32f0xx_hal_uart.o
                0x08002f94                UART_WaitOnFlagUntilTimeout
 .text.MX_GPIO_Init
                0x0800302c       0xd4 Src\gpio.o
                0x0800302c                MX_GPIO_Init
 .text.__io_putchar
                0x08003100       0x40 Src\main.o
                0x08003100                __io_putchar
 .text._write   0x08003140       0x38 Src\main.o
                0x08003140                _write
 .text.main     0x08003178       0x58 Src\main.o
                0x08003178                main
 .text.SystemClock_Config
                0x080031d0       0xdc Src\main.o
                0x080031d0                SystemClock_Config
 .text.HAL_TIM_PeriodElapsedCallback
                0x080032ac       0x54 Src\main.o
                0x080032ac                HAL_TIM_PeriodElapsedCallback
 .text._Error_Handler
                0x08003300        0xc Src\main.o
                0x08003300                _Error_Handler
 .text.HAL_MspInit
                0x0800330c       0x54 Src\stm32f0xx_hal_msp.o
                0x0800330c                HAL_MspInit
 .text.SysTick_Handler
                0x08003360       0x12 Src\stm32f0xx_it.o
                0x08003360                SysTick_Handler
 *fill*         0x08003372        0x2 
 .text.TIM2_IRQHandler
                0x08003374       0x18 Src\stm32f0xx_it.o
                0x08003374                TIM2_IRQHandler
 .text.SystemInit
                0x0800338c       0x88 Src\system_stm32f0xx.o
                0x0800338c                SystemInit
 .text.MX_TIM2_Init
                0x08003414       0xa4 Src\tim.o
                0x08003414                MX_TIM2_Init
 .text.HAL_TIM_Base_MspInit
                0x080034b8       0x48 Src\tim.o
                0x080034b8                HAL_TIM_Base_MspInit
 .text.MX_USART2_UART_Init
                0x08003500       0x6c Src\usart.o
                0x08003500                MX_USART2_UART_Init
 .text.HAL_UART_MspInit
                0x0800356c       0x78 Src\usart.o
                0x0800356c                HAL_UART_MspInit
 .text.Reset_Handler
                0x080035e4       0x50 startup\startup_stm32f072xb.o
                0x080035e4                Reset_Handler
 .text.Default_Handler
                0x08003634        0x2 startup\startup_stm32f072xb.o
                0x08003634                TIM1_CC_IRQHandler
                0x08003634                TSC_IRQHandler
                0x08003634                HardFault_Handler
                0x08003634                ADC1_COMP_IRQHandler
                0x08003634                PendSV_Handler
                0x08003634                NMI_Handler
                0x08003634                I2C1_IRQHandler
                0x08003634                RCC_CRS_IRQHandler
                0x08003634                SPI1_IRQHandler
                0x08003634                TIM6_DAC_IRQHandler
                0x08003634                USART3_4_IRQHandler
                0x08003634                EXTI2_3_IRQHandler
                0x08003634                I2C2_IRQHandler
                0x08003634                TIM17_IRQHandler
                0x08003634                CEC_CAN_IRQHandler
                0x08003634                RTC_IRQHandler
                0x08003634                PVD_VDDIO2_IRQHandler
                0x08003634                DMA1_Channel4_5_6_7_IRQHandler
                0x08003634                TIM16_IRQHandler
                0x08003634                TIM3_IRQHandler
                0x08003634                EXTI4_15_IRQHandler
                0x08003634                DMA1_Channel1_IRQHandler
                0x08003634                Default_Handler
                0x08003634                TIM14_IRQHandler
                0x08003634                TIM7_IRQHandler
                0x08003634                TIM15_IRQHandler
                0x08003634                EXTI0_1_IRQHandler
                0x08003634                USB_IRQHandler
                0x08003634                SPI2_IRQHandler
                0x08003634                SVC_Handler
                0x08003634                WWDG_IRQHandler
                0x08003634                DMA1_Channel2_3_IRQHandler
                0x08003634                USART2_IRQHandler
                0x08003634                FLASH_IRQHandler
                0x08003634                USART1_IRQHandler
                0x08003634                TIM1_BRK_UP_TRG_COM_IRQHandler
 *fill*         0x08003636        0x2 
 .text.arm_cfft_radix8by2_f32
                0x08003638      0x288 E:/Program Files (x86)/Atollic CMSIS PACKS/ARM/CMSIS/5.3.0/CMSIS/Lib/GCC\libarm_cortexM0l_math.a(arm_cfft_f32.o)
                0x08003638                arm_cfft_radix8by2_f32
 .text.arm_cfft_radix8by4_f32
                0x080038c0      0x73c E:/Program Files (x86)/Atollic CMSIS PACKS/ARM/CMSIS/5.3.0/CMSIS/Lib/GCC\libarm_cortexM0l_math.a(arm_cfft_f32.o)
                0x080038c0                arm_cfft_radix8by4_f32
 .text.arm_cfft_f32
                0x08003ffc       0xf8 E:/Program Files (x86)/Atollic CMSIS PACKS/ARM/CMSIS/5.3.0/CMSIS/Lib/GCC\libarm_cortexM0l_math.a(arm_cfft_f32.o)
                0x08003ffc                arm_cfft_f32
 .text.arm_radix8_butterfly_f32
                0x080040f4      0x984 E:/Program Files (x86)/Atollic CMSIS PACKS/ARM/CMSIS/5.3.0/CMSIS/Lib/GCC\libarm_cortexM0l_math.a(arm_cfft_radix8_f32.o)
                0x080040f4                arm_radix8_butterfly_f32
 .text.__libc_init_array
                0x08004a78       0x48 c:/program files (x86)/atollic/truestudio for stm32 9.0.0/armtools/bin/../lib/gcc/arm-atollic-eabi/6.3.1/../../../../arm-atollic-eabi/lib/armv6-m\libc_nano.a(lib_a-init.o)
                0x08004a78                __libc_init_array
 .text.printf   0x08004ac0       0x34 c:/program files (x86)/atollic/truestudio for stm32 9.0.0/armtools/bin/../lib/gcc/arm-atollic-eabi/6.3.1/../../../../arm-atollic-eabi/lib/armv6-m\libc_nano.a(lib_a-printf.o)
                0x08004ac0                iprintf
                0x08004ac0                printf
 .text._cleanup_r
                0x08004af4       0x10 c:/program files (x86)/atollic/truestudio for stm32 9.0.0/armtools/bin/../lib/gcc/arm-atollic-eabi/6.3.1/../../../../arm-atollic-eabi/lib/armv6-m\libc_nano.a(lib_a-findfp.o)
                0x08004af4                _cleanup_r
 .text.std.isra.0
                0x08004b04       0x48 c:/program files (x86)/atollic/truestudio for stm32 9.0.0/armtools/bin/../lib/gcc/arm-atollic-eabi/6.3.1/../../../../arm-atollic-eabi/lib/armv6-m\libc_nano.a(lib_a-findfp.o)
 .text.__sfmoreglue
                0x08004b4c       0x2c c:/program files (x86)/atollic/truestudio for stm32 9.0.0/armtools/bin/../lib/gcc/arm-atollic-eabi/6.3.1/../../../../arm-atollic-eabi/lib/armv6-m\libc_nano.a(lib_a-findfp.o)
                0x08004b4c                __sfmoreglue
 .text.__sinit  0x08004b78       0x68 c:/program files (x86)/atollic/truestudio for stm32 9.0.0/armtools/bin/../lib/gcc/arm-atollic-eabi/6.3.1/../../../../arm-atollic-eabi/lib/armv6-m\libc_nano.a(lib_a-findfp.o)
                0x08004b78                __sinit
 .text.__sfp    0x08004be0       0x80 c:/program files (x86)/atollic/truestudio for stm32 9.0.0/armtools/bin/../lib/gcc/arm-atollic-eabi/6.3.1/../../../../arm-atollic-eabi/lib/armv6-m\libc_nano.a(lib_a-findfp.o)
                0x08004be0                __sfp
 .text._fwalk_reent
                0x08004c60       0x42 c:/program files (x86)/atollic/truestudio for stm32 9.0.0/armtools/bin/../lib/gcc/arm-atollic-eabi/6.3.1/../../../../arm-atollic-eabi/lib/armv6-m\libc_nano.a(lib_a-fwalk.o)
                0x08004c60                _fwalk_reent
 .text.memset   0x08004ca2       0x10 c:/program files (x86)/atollic/truestudio for stm32 9.0.0/armtools/bin/../lib/gcc/arm-atollic-eabi/6.3.1/../../../../arm-atollic-eabi/lib/armv6-m\libc_nano.a(lib_a-memset.o)
                0x08004ca2                memset
 *fill*         0x08004cb2        0x2 
 .text._malloc_r
                0x08004cb4       0xbc c:/program files (x86)/atollic/truestudio for stm32 9.0.0/armtools/bin/../lib/gcc/arm-atollic-eabi/6.3.1/../../../../arm-atollic-eabi/lib/armv6-m\libc_nano.a(lib_a-nano-mallocr.o)
                0x08004cb4                _malloc_r
 .text.__sfputc_r
                0x08004d70       0x2a c:/program files (x86)/atollic/truestudio for stm32 9.0.0/armtools/bin/../lib/gcc/arm-atollic-eabi/6.3.1/../../../../arm-atollic-eabi/lib/armv6-m\libc_nano.a(lib_a-nano-vfprintf.o)
 .text.__sfputs_r
                0x08004d9a       0x24 c:/program files (x86)/atollic/truestudio for stm32 9.0.0/armtools/bin/../lib/gcc/arm-atollic-eabi/6.3.1/../../../../arm-atollic-eabi/lib/armv6-m\libc_nano.a(lib_a-nano-vfprintf.o)
                0x08004d9a                __sfputs_r
 *fill*         0x08004dbe        0x2 
 .text._vfprintf_r
                0x08004dc0      0x238 c:/program files (x86)/atollic/truestudio for stm32 9.0.0/armtools/bin/../lib/gcc/arm-atollic-eabi/6.3.1/../../../../arm-atollic-eabi/lib/armv6-m\libc_nano.a(lib_a-nano-vfprintf.o)
                0x08004dc0                _vfprintf_r
                0x08004dc0                _vfiprintf_r
 .text._printf_common
                0x08004ff8       0xda c:/program files (x86)/atollic/truestudio for stm32 9.0.0/armtools/bin/../lib/gcc/arm-atollic-eabi/6.3.1/../../../../arm-atollic-eabi/lib/armv6-m\libc_nano.a(lib_a-nano-vfprintf_i.o)
                0x08004ff8                _printf_common
 *fill*         0x080050d2        0x2 
 .text._printf_i
                0x080050d4      0x234 c:/program files (x86)/atollic/truestudio for stm32 9.0.0/armtools/bin/../lib/gcc/arm-atollic-eabi/6.3.1/../../../../arm-atollic-eabi/lib/armv6-m\libc_nano.a(lib_a-nano-vfprintf_i.o)
                0x080050d4                _printf_i
 .text._sbrk_r  0x08005308       0x24 c:/program files (x86)/atollic/truestudio for stm32 9.0.0/armtools/bin/../lib/gcc/arm-atollic-eabi/6.3.1/../../../../arm-atollic-eabi/lib/armv6-m\libc_nano.a(lib_a-sbrkr.o)
                0x08005308                _sbrk_r
 .text.__sread  0x0800532c       0x28 c:/program files (x86)/atollic/truestudio for stm32 9.0.0/armtools/bin/../lib/gcc/arm-atollic-eabi/6.3.1/../../../../arm-atollic-eabi/lib/armv6-m\libc_nano.a(lib_a-stdio.o)
                0x0800532c                __sread
 .text.__swrite
                0x08005354       0x38 c:/program files (x86)/atollic/truestudio for stm32 9.0.0/armtools/bin/../lib/gcc/arm-atollic-eabi/6.3.1/../../../../arm-atollic-eabi/lib/armv6-m\libc_nano.a(lib_a-stdio.o)
                0x08005354                __swrite
 .text.__sseek  0x0800538c       0x2c c:/program files (x86)/atollic/truestudio for stm32 9.0.0/armtools/bin/../lib/gcc/arm-atollic-eabi/6.3.1/../../../../arm-atollic-eabi/lib/armv6-m\libc_nano.a(lib_a-stdio.o)
                0x0800538c                __sseek
 .text.__sclose
                0x080053b8        0xc c:/program files (x86)/atollic/truestudio for stm32 9.0.0/armtools/bin/../lib/gcc/arm-atollic-eabi/6.3.1/../../../../arm-atollic-eabi/lib/armv6-m\libc_nano.a(lib_a-stdio.o)
                0x080053b8                __sclose
 .text.__swbuf_r
                0x080053c4       0xac c:/program files (x86)/atollic/truestudio for stm32 9.0.0/armtools/bin/../lib/gcc/arm-atollic-eabi/6.3.1/../../../../arm-atollic-eabi/lib/armv6-m\libc_nano.a(lib_a-wbuf.o)
                0x080053c4                __swbuf_r
 .text._write_r
                0x08005470       0x28 c:/program files (x86)/atollic/truestudio for stm32 9.0.0/armtools/bin/../lib/gcc/arm-atollic-eabi/6.3.1/../../../../arm-atollic-eabi/lib/armv6-m\libc_nano.a(lib_a-writer.o)
                0x08005470                _write_r
 .text.__swsetup_r
                0x08005498       0xec c:/program files (x86)/atollic/truestudio for stm32 9.0.0/armtools/bin/../lib/gcc/arm-atollic-eabi/6.3.1/../../../../arm-atollic-eabi/lib/armv6-m\libc_nano.a(lib_a-wsetup.o)
                0x08005498                __swsetup_r
 .text._close_r
                0x08005584       0x24 c:/program files (x86)/atollic/truestudio for stm32 9.0.0/armtools/bin/../lib/gcc/arm-atollic-eabi/6.3.1/../../../../arm-atollic-eabi/lib/armv6-m\libc_nano.a(lib_a-closer.o)
                0x08005584                _close_r
 .text.__sflush_r
                0x080055a8      0x114 c:/program files (x86)/atollic/truestudio for stm32 9.0.0/armtools/bin/../lib/gcc/arm-atollic-eabi/6.3.1/../../../../arm-atollic-eabi/lib/armv6-m\libc_nano.a(lib_a-fflush.o)
                0x080055a8                __sflush_r
 .text._fflush_r
                0x080056bc       0x58 c:/program files (x86)/atollic/truestudio for stm32 9.0.0/armtools/bin/../lib/gcc/arm-atollic-eabi/6.3.1/../../../../arm-atollic-eabi/lib/armv6-m\libc_nano.a(lib_a-fflush.o)
                0x080056bc                _fflush_r
 .text._lseek_r
                0x08005714       0x28 c:/program files (x86)/atollic/truestudio for stm32 9.0.0/armtools/bin/../lib/gcc/arm-atollic-eabi/6.3.1/../../../../arm-atollic-eabi/lib/armv6-m\libc_nano.a(lib_a-lseekr.o)
                0x08005714                _lseek_r
 .text.__swhatbuf_r
                0x0800573c       0x50 c:/program files (x86)/atollic/truestudio for stm32 9.0.0/armtools/bin/../lib/gcc/arm-atollic-eabi/6.3.1/../../../../arm-atollic-eabi/lib/armv6-m\libc_nano.a(lib_a-makebuf.o)
                0x0800573c                __swhatbuf_r
 .text.__smakebuf_r
                0x0800578c       0x88 c:/program files (x86)/atollic/truestudio for stm32 9.0.0/armtools/bin/../lib/gcc/arm-atollic-eabi/6.3.1/../../../../arm-atollic-eabi/lib/armv6-m\libc_nano.a(lib_a-makebuf.o)
                0x0800578c                __smakebuf_r
 .text.memchr   0x08005814       0x16 c:/program files (x86)/atollic/truestudio for stm32 9.0.0/armtools/bin/../lib/gcc/arm-atollic-eabi/6.3.1/../../../../arm-atollic-eabi/lib/armv6-m\libc_nano.a(lib_a-memchr-stub.o)
                0x08005814                memchr
 .text.__malloc_lock
                0x0800582a        0x2 c:/program files (x86)/atollic/truestudio for stm32 9.0.0/armtools/bin/../lib/gcc/arm-atollic-eabi/6.3.1/../../../../arm-atollic-eabi/lib/armv6-m\libc_nano.a(lib_a-mlock.o)
                0x0800582a                __malloc_lock
 .text.__malloc_unlock
                0x0800582c        0x2 c:/program files (x86)/atollic/truestudio for stm32 9.0.0/armtools/bin/../lib/gcc/arm-atollic-eabi/6.3.1/../../../../arm-atollic-eabi/lib/armv6-m\libc_nano.a(lib_a-mlock.o)
                0x0800582c                __malloc_unlock
 *fill*         0x0800582e        0x2 
 .text._free_r  0x08005830       0x94 c:/program files (x86)/atollic/truestudio for stm32 9.0.0/armtools/bin/../lib/gcc/arm-atollic-eabi/6.3.1/../../../../arm-atollic-eabi/lib/armv6-m\libc_nano.a(lib_a-nano-freer.o)
                0x08005830                _free_r
 .text._read_r  0x080058c4       0x28 c:/program files (x86)/atollic/truestudio for stm32 9.0.0/armtools/bin/../lib/gcc/arm-atollic-eabi/6.3.1/../../../../arm-atollic-eabi/lib/armv6-m\libc_nano.a(lib_a-readr.o)
                0x080058c4                _read_r
 .text._fstat_r
                0x080058ec       0x24 c:/program files (x86)/atollic/truestudio for stm32 9.0.0/armtools/bin/../lib/gcc/arm-atollic-eabi/6.3.1/../../../../arm-atollic-eabi/lib/armv6-m\libc_nano.a(lib_a-fstatr.o)
                0x080058ec                _fstat_r
 .text._isatty_r
                0x08005910       0x24 c:/program files (x86)/atollic/truestudio for stm32 9.0.0/armtools/bin/../lib/gcc/arm-atollic-eabi/6.3.1/../../../../arm-atollic-eabi/lib/armv6-m\libc_nano.a(lib_a-isattyr.o)
                0x08005910                _isatty_r
 .text._close   0x08005934       0x10 c:/program files (x86)/atollic/truestudio for stm32 9.0.0/armtools/bin/../lib/gcc/arm-atollic-eabi/6.3.1/../../../../arm-atollic-eabi/lib/armv6-m\libnosys.a(close.o)
                0x08005934                _close
 .text._fstat   0x08005944       0x10 c:/program files (x86)/atollic/truestudio for stm32 9.0.0/armtools/bin/../lib/gcc/arm-atollic-eabi/6.3.1/../../../../arm-atollic-eabi/lib/armv6-m\libnosys.a(fstat.o)
                0x08005944                _fstat
 .text._isatty  0x08005954       0x10 c:/program files (x86)/atollic/truestudio for stm32 9.0.0/armtools/bin/../lib/gcc/arm-atollic-eabi/6.3.1/../../../../arm-atollic-eabi/lib/armv6-m\libnosys.a(isatty.o)
                0x08005954                _isatty
 .text._lseek   0x08005964       0x10 c:/program files (x86)/atollic/truestudio for stm32 9.0.0/armtools/bin/../lib/gcc/arm-atollic-eabi/6.3.1/../../../../arm-atollic-eabi/lib/armv6-m\libnosys.a(lseek.o)
                0x08005964                _lseek
 .text._read    0x08005974       0x10 c:/program files (x86)/atollic/truestudio for stm32 9.0.0/armtools/bin/../lib/gcc/arm-atollic-eabi/6.3.1/../../../../arm-atollic-eabi/lib/armv6-m\libnosys.a(read.o)
                0x08005974                _read
 .text._sbrk    0x08005984       0x20 c:/program files (x86)/atollic/truestudio for stm32 9.0.0/armtools/bin/../lib/gcc/arm-atollic-eabi/6.3.1/../../../../arm-atollic-eabi/lib/armv6-m\libnosys.a(sbrk.o)
                0x08005984                _sbrk
 *(.glue_7)
 .glue_7        0x080059a4        0x0 linker stubs
 *(.glue_7t)
 .glue_7t       0x080059a4        0x0 linker stubs
 *(.eh_frame)
 .eh_frame      0x080059a4        0x0 c:/program files (x86)/atollic/truestudio for stm32 9.0.0/armtools/bin/../lib/gcc/arm-atollic-eabi/6.3.1/armv6-m/crtbegin.o
 *(.init)
 .init          0x080059a4        0x4 c:/program files (x86)/atollic/truestudio for stm32 9.0.0/armtools/bin/../lib/gcc/arm-atollic-eabi/6.3.1/armv6-m/crti.o
                0x080059a4                _init
 .init          0x080059a8        0x8 c:/program files (x86)/atollic/truestudio for stm32 9.0.0/armtools/bin/../lib/gcc/arm-atollic-eabi/6.3.1/armv6-m/crtn.o
 *(.fini)
 .fini          0x080059b0        0x4 c:/program files (x86)/atollic/truestudio for stm32 9.0.0/armtools/bin/../lib/gcc/arm-atollic-eabi/6.3.1/armv6-m/crti.o
                0x080059b0                _fini
 .fini          0x080059b4        0x8 c:/program files (x86)/atollic/truestudio for stm32 9.0.0/armtools/bin/../lib/gcc/arm-atollic-eabi/6.3.1/armv6-m/crtn.o
                0x080059bc                . = ALIGN (0x4)
                0x080059bc                _etext = .

.vfp11_veneer   0x080059bc        0x0
 .vfp11_veneer  0x080059bc        0x0 linker stubs

.v4_bx          0x080059bc        0x0
 .v4_bx         0x080059bc        0x0 linker stubs

.iplt           0x080059bc        0x0
 .iplt          0x080059bc        0x0 c:/program files (x86)/atollic/truestudio for stm32 9.0.0/armtools/bin/../lib/gcc/arm-atollic-eabi/6.3.1/armv6-m/crtbegin.o

.rodata         0x080059bc     0x1560
                0x080059bc                . = ALIGN (0x4)
 *(.rodata)
 .rodata        0x080059bc       0x20 Drivers\STM32F0xx_HAL_Driver\Src\stm32f0xx_hal_rcc.o
 .rodata        0x080059dc       0x1d Src\main.o
 *fill*         0x080059f9        0x3 
 .rodata        0x080059fc        0xd Src\tim.o
 *fill*         0x08005a09        0x3 
 .rodata        0x08005a0c        0xf Src\usart.o
 *fill*         0x08005a1b        0x1 
 .rodata        0x08005a1c       0x80 c:/program files (x86)/atollic/truestudio for stm32 9.0.0/armtools/bin/../lib/gcc/arm-atollic-eabi/6.3.1/armv6-m\libgcc.a(divsf3.o)
 .rodata        0x08005a9c       0x40 c:/program files (x86)/atollic/truestudio for stm32 9.0.0/armtools/bin/../lib/gcc/arm-atollic-eabi/6.3.1/armv6-m\libgcc.a(mulsf3.o)
 *(.rodata*)
 .rodata.AHBPrescTable
                0x08005adc       0x10 Src\system_stm32f0xx.o
                0x08005adc                AHBPrescTable
 .rodata.APBPrescTable
                0x08005aec        0x8 Src\system_stm32f0xx.o
                0x08005aec                APBPrescTable
 .rodata.arm_cfft_sR_f32_len512
                0x08005af4       0x10 E:/Program Files (x86)/Atollic CMSIS PACKS/ARM/CMSIS/5.3.0/CMSIS/Lib/GCC\libarm_cortexM0l_math.a(arm_const_structs.o)
                0x08005af4                arm_cfft_sR_f32_len512
 .rodata.twiddleCoef_512
                0x08005b04     0x1000 E:/Program Files (x86)/Atollic CMSIS PACKS/ARM/CMSIS/5.3.0/CMSIS/Lib/GCC\libarm_cortexM0l_math.a(arm_common_tables.o)
                0x08005b04                twiddleCoef_512
 .rodata.armBitRevIndexTable512
                0x08006b04      0x380 E:/Program Files (x86)/Atollic CMSIS PACKS/ARM/CMSIS/5.3.0/CMSIS/Lib/GCC\libarm_cortexM0l_math.a(arm_common_tables.o)
                0x08006b04                armBitRevIndexTable512
 .rodata.__sf_fake_stderr
                0x08006e84       0x20 c:/program files (x86)/atollic/truestudio for stm32 9.0.0/armtools/bin/../lib/gcc/arm-atollic-eabi/6.3.1/../../../../arm-atollic-eabi/lib/armv6-m\libc_nano.a(lib_a-findfp.o)
                0x08006e84                __sf_fake_stderr
 .rodata.__sf_fake_stdin
                0x08006ea4       0x20 c:/program files (x86)/atollic/truestudio for stm32 9.0.0/armtools/bin/../lib/gcc/arm-atollic-eabi/6.3.1/../../../../arm-atollic-eabi/lib/armv6-m\libc_nano.a(lib_a-findfp.o)
                0x08006ea4                __sf_fake_stdin
 .rodata.__sf_fake_stdout
                0x08006ec4       0x20 c:/program files (x86)/atollic/truestudio for stm32 9.0.0/armtools/bin/../lib/gcc/arm-atollic-eabi/6.3.1/../../../../arm-atollic-eabi/lib/armv6-m\libc_nano.a(lib_a-findfp.o)
                0x08006ec4                __sf_fake_stdout
 .rodata._global_impure_ptr
                0x08006ee4        0x4 c:/program files (x86)/atollic/truestudio for stm32 9.0.0/armtools/bin/../lib/gcc/arm-atollic-eabi/6.3.1/../../../../arm-atollic-eabi/lib/armv6-m\libc_nano.a(lib_a-impure.o)
                0x08006ee4                _global_impure_ptr
 .rodata._vfprintf_r.str1.1
                0x08006ee8       0x11 c:/program files (x86)/atollic/truestudio for stm32 9.0.0/armtools/bin/../lib/gcc/arm-atollic-eabi/6.3.1/../../../../arm-atollic-eabi/lib/armv6-m\libc_nano.a(lib_a-nano-vfprintf.o)
 .rodata._printf_i.str1.1
                0x08006ef9       0x22 c:/program files (x86)/atollic/truestudio for stm32 9.0.0/armtools/bin/../lib/gcc/arm-atollic-eabi/6.3.1/../../../../arm-atollic-eabi/lib/armv6-m\libc_nano.a(lib_a-nano-vfprintf_i.o)
                0x08006f1c                . = ALIGN (0x4)
 *fill*         0x08006f1b        0x1 

.rel.dyn        0x08006f1c        0x0
 .rel.iplt      0x08006f1c        0x0 c:/program files (x86)/atollic/truestudio for stm32 9.0.0/armtools/bin/../lib/gcc/arm-atollic-eabi/6.3.1/armv6-m/crtbegin.o

.ARM.extab
 *(.ARM.extab* .gnu.linkonce.armextab.*)

.ARM            0x08006f1c        0x0
                0x08006f1c                __exidx_start = .
 *(.ARM.exidx*)
                0x08006f1c                __exidx_end = .

.preinit_array  0x08006f1c        0x0
                0x08006f1c                PROVIDE (__preinit_array_start, .)
 *(.preinit_array*)
                0x08006f1c                PROVIDE (__preinit_array_end, .)

.init_array     0x08006f1c        0x4
                0x08006f1c                PROVIDE (__init_array_start, .)
 *(SORT(.init_array.*))
 *(.init_array*)
 .init_array    0x08006f1c        0x4 c:/program files (x86)/atollic/truestudio for stm32 9.0.0/armtools/bin/../lib/gcc/arm-atollic-eabi/6.3.1/armv6-m/crtbegin.o
                0x08006f20                PROVIDE (__init_array_end, .)

.fini_array     0x08006f20        0x4
                [!provide]                PROVIDE (__fini_array_start, .)
 *(SORT(.fini_array.*))
 *(.fini_array*)
 .fini_array    0x08006f20        0x4 c:/program files (x86)/atollic/truestudio for stm32 9.0.0/armtools/bin/../lib/gcc/arm-atollic-eabi/6.3.1/armv6-m/crtbegin.o
                [!provide]                PROVIDE (__fini_array_end, .)
                0x08006f24                _sidata = LOADADDR (.data)

.data           0x20000000     0x1068 load address 0x08006f24
                0x20000000                . = ALIGN (0x4)
                0x20000000                _sdata = .
 *(.data)
 *(.data*)
 .data.senoide_input
                0x20000000     0x1000 Src\main.o
                0x20000000                senoide_input
 .data.SystemCoreClock
                0x20001000        0x4 Src\system_stm32f0xx.o
                0x20001000                SystemCoreClock
 .data._impure_ptr
                0x20001004        0x4 c:/program files (x86)/atollic/truestudio for stm32 9.0.0/armtools/bin/../lib/gcc/arm-atollic-eabi/6.3.1/../../../../arm-atollic-eabi/lib/armv6-m\libc_nano.a(lib_a-impure.o)
                0x20001004                _impure_ptr
 .data.impure_data
                0x20001008       0x60 c:/program files (x86)/atollic/truestudio for stm32 9.0.0/armtools/bin/../lib/gcc/arm-atollic-eabi/6.3.1/../../../../arm-atollic-eabi/lib/armv6-m\libc_nano.a(lib_a-impure.o)
                0x20001068                . = ALIGN (0x4)
                0x20001068                _edata = .

.igot.plt       0x20001068        0x0 load address 0x08007f8c
 .igot.plt      0x20001068        0x0 c:/program files (x86)/atollic/truestudio for stm32 9.0.0/armtools/bin/../lib/gcc/arm-atollic-eabi/6.3.1/armv6-m/crtbegin.o
                0x20001068                . = ALIGN (0x4)

.bss            0x20001068       0xec load address 0x08007f8c
                0x20001068                _sbss = .
                0x20001068                __bss_start__ = _sbss
 *(.bss)
 .bss           0x20001068       0x1c c:/program files (x86)/atollic/truestudio for stm32 9.0.0/armtools/bin/../lib/gcc/arm-atollic-eabi/6.3.1/armv6-m/crtbegin.o
 *(.bss*)
 .bss.__malloc_free_list
                0x20001084        0x4 c:/program files (x86)/atollic/truestudio for stm32 9.0.0/armtools/bin/../lib/gcc/arm-atollic-eabi/6.3.1/../../../../arm-atollic-eabi/lib/armv6-m\libc_nano.a(lib_a-nano-mallocr.o)
                0x20001084                __malloc_free_list
 .bss.__malloc_sbrk_start
                0x20001088        0x4 c:/program files (x86)/atollic/truestudio for stm32 9.0.0/armtools/bin/../lib/gcc/arm-atollic-eabi/6.3.1/../../../../arm-atollic-eabi/lib/armv6-m\libc_nano.a(lib_a-nano-mallocr.o)
                0x20001088                __malloc_sbrk_start
 .bss.heap_end.4116
                0x2000108c        0x4 c:/program files (x86)/atollic/truestudio for stm32 9.0.0/armtools/bin/../lib/gcc/arm-atollic-eabi/6.3.1/../../../../arm-atollic-eabi/lib/armv6-m\libnosys.a(sbrk.o)
 *(COMMON)
 COMMON         0x20001090        0x4 Drivers\STM32F0xx_HAL_Driver\Src\stm32f0xx_hal.o
                0x20001090                uwTick
 COMMON         0x20001094        0xc Src\main.o
                0x20001094                FFT_result
                0x20001098                i
                0x2000109c                FFT_old
 COMMON         0x200010a0       0x40 Src\tim.o
                0x200010a0                htim2
 COMMON         0x200010e0       0x70 Src\usart.o
                0x200010e0                huart2
 COMMON         0x20001150        0x4 c:/program files (x86)/atollic/truestudio for stm32 9.0.0/armtools/bin/../lib/gcc/arm-atollic-eabi/6.3.1/../../../../arm-atollic-eabi/lib/armv6-m\libc_nano.a(lib_a-reent.o)
                0x20001150                errno
                0x20001154                . = ALIGN (0x4)
                0x20001154                _ebss = .
                0x20001154                __bss_end__ = _ebss

._user_heap_stack
                0x20001154      0x600 load address 0x08007f8c
                0x20001154                . = ALIGN (0x4)
                0x20001154                PROVIDE (end, .)
                [!provide]                PROVIDE (_end, .)
                0x20001354                . = (. + _Min_Heap_Size)
 *fill*         0x20001154      0x200 
                0x20001754                . = (. + _Min_Stack_Size)
 *fill*         0x20001354      0x400 
                0x20001754                . = ALIGN (0x4)

/DISCARD/
 libc.a(*)
 libm.a(*)
 libgcc.a(*)

.ARM.attributes
                0x00000000       0x28
 *(.ARM.attributes)
 .ARM.attributes
                0x00000000       0x1e c:/program files (x86)/atollic/truestudio for stm32 9.0.0/armtools/bin/../lib/gcc/arm-atollic-eabi/6.3.1/armv6-m/crti.o
 .ARM.attributes
                0x0000001e       0x2c c:/program files (x86)/atollic/truestudio for stm32 9.0.0/armtools/bin/../lib/gcc/arm-atollic-eabi/6.3.1/armv6-m/crtbegin.o
 .ARM.attributes
                0x0000004a       0x31 Drivers\STM32F0xx_HAL_Driver\Src\stm32f0xx_hal.o
 .ARM.attributes
                0x0000007b       0x31 Drivers\STM32F0xx_HAL_Driver\Src\stm32f0xx_hal_cortex.o
 .ARM.attributes
                0x000000ac       0x31 Drivers\STM32F0xx_HAL_Driver\Src\stm32f0xx_hal_gpio.o
 .ARM.attributes
                0x000000dd       0x31 Drivers\STM32F0xx_HAL_Driver\Src\stm32f0xx_hal_rcc.o
 .ARM.attributes
                0x0000010e       0x31 Drivers\STM32F0xx_HAL_Driver\Src\stm32f0xx_hal_rcc_ex.o
 .ARM.attributes
                0x0000013f       0x31 Drivers\STM32F0xx_HAL_Driver\Src\stm32f0xx_hal_tim.o
 .ARM.attributes
                0x00000170       0x31 Drivers\STM32F0xx_HAL_Driver\Src\stm32f0xx_hal_tim_ex.o
 .ARM.attributes
                0x000001a1       0x31 Drivers\STM32F0xx_HAL_Driver\Src\stm32f0xx_hal_uart.o
 .ARM.attributes
                0x000001d2       0x31 Src\gpio.o
 .ARM.attributes
                0x00000203       0x31 Src\main.o
 .ARM.attributes
                0x00000234       0x31 Src\stm32f0xx_hal_msp.o
 .ARM.attributes
                0x00000265       0x31 Src\stm32f0xx_it.o
 .ARM.attributes
                0x00000296       0x31 Src\system_stm32f0xx.o
 .ARM.attributes
                0x000002c7       0x31 Src\tim.o
 .ARM.attributes
                0x000002f8       0x31 Src\usart.o
 .ARM.attributes
                0x00000329       0x21 startup\startup_stm32f072xb.o
 .ARM.attributes
                0x0000034a       0x31 E:/Program Files (x86)/Atollic CMSIS PACKS/ARM/CMSIS/5.3.0/CMSIS/Lib/GCC\libarm_cortexM0l_math.a(arm_const_structs.o)
 .ARM.attributes
                0x0000037b       0x31 E:/Program Files (x86)/Atollic CMSIS PACKS/ARM/CMSIS/5.3.0/CMSIS/Lib/GCC\libarm_cortexM0l_math.a(arm_common_tables.o)
 .ARM.attributes
                0x000003ac       0x31 E:/Program Files (x86)/Atollic CMSIS PACKS/ARM/CMSIS/5.3.0/CMSIS/Lib/GCC\libarm_cortexM0l_math.a(arm_cfft_f32.o)
 .ARM.attributes
                0x000003dd       0x21 E:/Program Files (x86)/Atollic CMSIS PACKS/ARM/CMSIS/5.3.0/CMSIS/Lib/GCC\libarm_cortexM0l_math.a(arm_bitreversal2.o)
 .ARM.attributes
                0x000003fe       0x31 E:/Program Files (x86)/Atollic CMSIS PACKS/ARM/CMSIS/5.3.0/CMSIS/Lib/GCC\libarm_cortexM0l_math.a(arm_cfft_radix8_f32.o)
 .ARM.attributes
                0x0000042f       0x2c c:/program files (x86)/atollic/truestudio for stm32 9.0.0/armtools/bin/../lib/gcc/arm-atollic-eabi/6.3.1/../../../../arm-atollic-eabi/lib/armv6-m\libc_nano.a(lib_a-init.o)
 .ARM.attributes
                0x0000045b       0x2c c:/program files (x86)/atollic/truestudio for stm32 9.0.0/armtools/bin/../lib/gcc/arm-atollic-eabi/6.3.1/../../../../arm-atollic-eabi/lib/armv6-m\libc_nano.a(lib_a-printf.o)
 .ARM.attributes
                0x00000487       0x2c c:/program files (x86)/atollic/truestudio for stm32 9.0.0/armtools/bin/../lib/gcc/arm-atollic-eabi/6.3.1/../../../../arm-atollic-eabi/lib/armv6-m\libc_nano.a(lib_a-findfp.o)
 .ARM.attributes
                0x000004b3       0x2c c:/program files (x86)/atollic/truestudio for stm32 9.0.0/armtools/bin/../lib/gcc/arm-atollic-eabi/6.3.1/../../../../arm-atollic-eabi/lib/armv6-m\libc_nano.a(lib_a-fwalk.o)
 .ARM.attributes
                0x000004df       0x2c c:/program files (x86)/atollic/truestudio for stm32 9.0.0/armtools/bin/../lib/gcc/arm-atollic-eabi/6.3.1/../../../../arm-atollic-eabi/lib/armv6-m\libc_nano.a(lib_a-impure.o)
 .ARM.attributes
                0x0000050b       0x2c c:/program files (x86)/atollic/truestudio for stm32 9.0.0/armtools/bin/../lib/gcc/arm-atollic-eabi/6.3.1/../../../../arm-atollic-eabi/lib/armv6-m\libc_nano.a(lib_a-memset.o)
 .ARM.attributes
                0x00000537       0x2c c:/program files (x86)/atollic/truestudio for stm32 9.0.0/armtools/bin/../lib/gcc/arm-atollic-eabi/6.3.1/../../../../arm-atollic-eabi/lib/armv6-m\libc_nano.a(lib_a-nano-mallocr.o)
 .ARM.attributes
                0x00000563       0x2c c:/program files (x86)/atollic/truestudio for stm32 9.0.0/armtools/bin/../lib/gcc/arm-atollic-eabi/6.3.1/../../../../arm-atollic-eabi/lib/armv6-m\libc_nano.a(lib_a-nano-vfprintf.o)
 .ARM.attributes
                0x0000058f       0x2c c:/program files (x86)/atollic/truestudio for stm32 9.0.0/armtools/bin/../lib/gcc/arm-atollic-eabi/6.3.1/../../../../arm-atollic-eabi/lib/armv6-m\libc_nano.a(lib_a-nano-vfprintf_i.o)
 .ARM.attributes
                0x000005bb       0x2c c:/program files (x86)/atollic/truestudio for stm32 9.0.0/armtools/bin/../lib/gcc/arm-atollic-eabi/6.3.1/../../../../arm-atollic-eabi/lib/armv6-m\libc_nano.a(lib_a-sbrkr.o)
 .ARM.attributes
                0x000005e7       0x2c c:/program files (x86)/atollic/truestudio for stm32 9.0.0/armtools/bin/../lib/gcc/arm-atollic-eabi/6.3.1/../../../../arm-atollic-eabi/lib/armv6-m\libc_nano.a(lib_a-stdio.o)
 .ARM.attributes
                0x00000613       0x2c c:/program files (x86)/atollic/truestudio for stm32 9.0.0/armtools/bin/../lib/gcc/arm-atollic-eabi/6.3.1/../../../../arm-atollic-eabi/lib/armv6-m\libc_nano.a(lib_a-wbuf.o)
 .ARM.attributes
                0x0000063f       0x2c c:/program files (x86)/atollic/truestudio for stm32 9.0.0/armtools/bin/../lib/gcc/arm-atollic-eabi/6.3.1/../../../../arm-atollic-eabi/lib/armv6-m\libc_nano.a(lib_a-writer.o)
 .ARM.attributes
                0x0000066b       0x2c c:/program files (x86)/atollic/truestudio for stm32 9.0.0/armtools/bin/../lib/gcc/arm-atollic-eabi/6.3.1/../../../../arm-atollic-eabi/lib/armv6-m\libc_nano.a(lib_a-wsetup.o)
 .ARM.attributes
                0x00000697       0x2c c:/program files (x86)/atollic/truestudio for stm32 9.0.0/armtools/bin/../lib/gcc/arm-atollic-eabi/6.3.1/../../../../arm-atollic-eabi/lib/armv6-m\libc_nano.a(lib_a-closer.o)
 .ARM.attributes
                0x000006c3       0x2c c:/program files (x86)/atollic/truestudio for stm32 9.0.0/armtools/bin/../lib/gcc/arm-atollic-eabi/6.3.1/../../../../arm-atollic-eabi/lib/armv6-m\libc_nano.a(lib_a-fflush.o)
 .ARM.attributes
                0x000006ef       0x2c c:/program files (x86)/atollic/truestudio for stm32 9.0.0/armtools/bin/../lib/gcc/arm-atollic-eabi/6.3.1/../../../../arm-atollic-eabi/lib/armv6-m\libc_nano.a(lib_a-lseekr.o)
 .ARM.attributes
                0x0000071b       0x2c c:/program files (x86)/atollic/truestudio for stm32 9.0.0/armtools/bin/../lib/gcc/arm-atollic-eabi/6.3.1/../../../../arm-atollic-eabi/lib/armv6-m\libc_nano.a(lib_a-makebuf.o)
 .ARM.attributes
                0x00000747       0x2c c:/program files (x86)/atollic/truestudio for stm32 9.0.0/armtools/bin/../lib/gcc/arm-atollic-eabi/6.3.1/../../../../arm-atollic-eabi/lib/armv6-m\libc_nano.a(lib_a-memchr-stub.o)
 .ARM.attributes
                0x00000773       0x2c c:/program files (x86)/atollic/truestudio for stm32 9.0.0/armtools/bin/../lib/gcc/arm-atollic-eabi/6.3.1/../../../../arm-atollic-eabi/lib/armv6-m\libc_nano.a(lib_a-mlock.o)
 .ARM.attributes
                0x0000079f       0x2c c:/program files (x86)/atollic/truestudio for stm32 9.0.0/armtools/bin/../lib/gcc/arm-atollic-eabi/6.3.1/../../../../arm-atollic-eabi/lib/armv6-m\libc_nano.a(lib_a-nano-freer.o)
 .ARM.attributes
                0x000007cb       0x2c c:/program files (x86)/atollic/truestudio for stm32 9.0.0/armtools/bin/../lib/gcc/arm-atollic-eabi/6.3.1/../../../../arm-atollic-eabi/lib/armv6-m\libc_nano.a(lib_a-readr.o)
 .ARM.attributes
                0x000007f7       0x2c c:/program files (x86)/atollic/truestudio for stm32 9.0.0/armtools/bin/../lib/gcc/arm-atollic-eabi/6.3.1/../../../../arm-atollic-eabi/lib/armv6-m\libc_nano.a(lib_a-reent.o)
 .ARM.attributes
                0x00000823       0x2c c:/program files (x86)/atollic/truestudio for stm32 9.0.0/armtools/bin/../lib/gcc/arm-atollic-eabi/6.3.1/../../../../arm-atollic-eabi/lib/armv6-m\libc_nano.a(lib_a-fstatr.o)
 .ARM.attributes
                0x0000084f       0x2c c:/program files (x86)/atollic/truestudio for stm32 9.0.0/armtools/bin/../lib/gcc/arm-atollic-eabi/6.3.1/../../../../arm-atollic-eabi/lib/armv6-m\libc_nano.a(lib_a-isattyr.o)
 .ARM.attributes
                0x0000087b       0x1e c:/program files (x86)/atollic/truestudio for stm32 9.0.0/armtools/bin/../lib/gcc/arm-atollic-eabi/6.3.1/armv6-m\libgcc.a(_udivsi3.o)
 .ARM.attributes
                0x00000899       0x1e c:/program files (x86)/atollic/truestudio for stm32 9.0.0/armtools/bin/../lib/gcc/arm-atollic-eabi/6.3.1/armv6-m\libgcc.a(_dvmd_tls.o)
 .ARM.attributes
                0x000008b7       0x2c c:/program files (x86)/atollic/truestudio for stm32 9.0.0/armtools/bin/../lib/gcc/arm-atollic-eabi/6.3.1/armv6-m\libgcc.a(addsf3.o)
 .ARM.attributes
                0x000008e3       0x2c c:/program files (x86)/atollic/truestudio for stm32 9.0.0/armtools/bin/../lib/gcc/arm-atollic-eabi/6.3.1/armv6-m\libgcc.a(divsf3.o)
 .ARM.attributes
                0x0000090f       0x2c c:/program files (x86)/atollic/truestudio for stm32 9.0.0/armtools/bin/../lib/gcc/arm-atollic-eabi/6.3.1/armv6-m\libgcc.a(mulsf3.o)
 .ARM.attributes
                0x0000093b       0x2c c:/program files (x86)/atollic/truestudio for stm32 9.0.0/armtools/bin/../lib/gcc/arm-atollic-eabi/6.3.1/armv6-m\libgcc.a(subsf3.o)
 .ARM.attributes
                0x00000967       0x2c c:/program files (x86)/atollic/truestudio for stm32 9.0.0/armtools/bin/../lib/gcc/arm-atollic-eabi/6.3.1/armv6-m\libgcc.a(floatunsisf.o)
 .ARM.attributes
                0x00000993       0x1e c:/program files (x86)/atollic/truestudio for stm32 9.0.0/armtools/bin/../lib/gcc/arm-atollic-eabi/6.3.1/armv6-m\libgcc.a(_clzsi2.o)
 .ARM.attributes
                0x000009b1       0x2c c:/program files (x86)/atollic/truestudio for stm32 9.0.0/armtools/bin/../lib/gcc/arm-atollic-eabi/6.3.1/../../../../arm-atollic-eabi/lib/armv6-m\libnosys.a(close.o)
 .ARM.attributes
                0x000009dd       0x2c c:/program files (x86)/atollic/truestudio for stm32 9.0.0/armtools/bin/../lib/gcc/arm-atollic-eabi/6.3.1/../../../../arm-atollic-eabi/lib/armv6-m\libnosys.a(fstat.o)
 .ARM.attributes
                0x00000a09       0x2c c:/program files (x86)/atollic/truestudio for stm32 9.0.0/armtools/bin/../lib/gcc/arm-atollic-eabi/6.3.1/../../../../arm-atollic-eabi/lib/armv6-m\libnosys.a(isatty.o)
 .ARM.attributes
                0x00000a35       0x2c c:/program files (x86)/atollic/truestudio for stm32 9.0.0/armtools/bin/../lib/gcc/arm-atollic-eabi/6.3.1/../../../../arm-atollic-eabi/lib/armv6-m\libnosys.a(lseek.o)
 .ARM.attributes
                0x00000a61       0x2c c:/program files (x86)/atollic/truestudio for stm32 9.0.0/armtools/bin/../lib/gcc/arm-atollic-eabi/6.3.1/../../../../arm-atollic-eabi/lib/armv6-m\libnosys.a(read.o)
 .ARM.attributes
                0x00000a8d       0x2c c:/program files (x86)/atollic/truestudio for stm32 9.0.0/armtools/bin/../lib/gcc/arm-atollic-eabi/6.3.1/../../../../arm-atollic-eabi/lib/armv6-m\libnosys.a(sbrk.o)
 .ARM.attributes
                0x00000ab9       0x1e c:/program files (x86)/atollic/truestudio for stm32 9.0.0/armtools/bin/../lib/gcc/arm-atollic-eabi/6.3.1/armv6-m/crtn.o
OUTPUT(Cortex-M0.elf elf32-littlearm)

.debug_info     0x00000000    0x139bc
 .debug_info    0x00000000      0xdf4 Drivers\STM32F0xx_HAL_Driver\Src\stm32f0xx_hal.o
 .debug_info    0x00000df4      0xf3b Drivers\STM32F0xx_HAL_Driver\Src\stm32f0xx_hal_cortex.o
 .debug_info    0x00001d2f      0xe52 Drivers\STM32F0xx_HAL_Driver\Src\stm32f0xx_hal_gpio.o
 .debug_info    0x00002b81      0xfa9 Drivers\STM32F0xx_HAL_Driver\Src\stm32f0xx_hal_rcc.o
 .debug_info    0x00003b2a      0xe35 Drivers\STM32F0xx_HAL_Driver\Src\stm32f0xx_hal_rcc_ex.o
 .debug_info    0x0000495f     0x2a93 Drivers\STM32F0xx_HAL_Driver\Src\stm32f0xx_hal_tim.o
 .debug_info    0x000073f2     0x183f Drivers\STM32F0xx_HAL_Driver\Src\stm32f0xx_hal_tim_ex.o
 .debug_info    0x00008c31     0x1b55 Drivers\STM32F0xx_HAL_Driver\Src\stm32f0xx_hal_uart.o
 .debug_info    0x0000a786      0xb74 Src\gpio.o
 .debug_info    0x0000b2fa     0x1e90 Src\main.o
 .debug_info    0x0000d18a      0xaed Src\stm32f0xx_hal_msp.o
 .debug_info    0x0000dc77      0xdb6 Src\stm32f0xx_it.o
 .debug_info    0x0000ea2d      0xa63 Src\system_stm32f0xx.o
 .debug_info    0x0000f490     0x1080 Src\tim.o
 .debug_info    0x00010510     0x10aa Src\usart.o
 .debug_info    0x000115ba       0x6b startup\startup_stm32f072xb.o
 .debug_info    0x00011625      0xe6b E:/Program Files (x86)/Atollic CMSIS PACKS/ARM/CMSIS/5.3.0/CMSIS/Lib/GCC\libarm_cortexM0l_math.a(arm_const_structs.o)
 .debug_info    0x00012490      0x9b1 E:/Program Files (x86)/Atollic CMSIS PACKS/ARM/CMSIS/5.3.0/CMSIS/Lib/GCC\libarm_cortexM0l_math.a(arm_common_tables.o)
 .debug_info    0x00012e41      0x6ae E:/Program Files (x86)/Atollic CMSIS PACKS/ARM/CMSIS/5.3.0/CMSIS/Lib/GCC\libarm_cortexM0l_math.a(arm_cfft_f32.o)
 .debug_info    0x000134ef       0x98 E:/Program Files (x86)/Atollic CMSIS PACKS/ARM/CMSIS/5.3.0/CMSIS/Lib/GCC\libarm_cortexM0l_math.a(arm_bitreversal2.o)
 .debug_info    0x00013587      0x435 E:/Program Files (x86)/Atollic CMSIS PACKS/ARM/CMSIS/5.3.0/CMSIS/Lib/GCC\libarm_cortexM0l_math.a(arm_cfft_radix8_f32.o)

.debug_abbrev   0x00000000     0x251d
 .debug_abbrev  0x00000000      0x266 Drivers\STM32F0xx_HAL_Driver\Src\stm32f0xx_hal.o
 .debug_abbrev  0x00000266      0x30f Drivers\STM32F0xx_HAL_Driver\Src\stm32f0xx_hal_cortex.o
 .debug_abbrev  0x00000575      0x24c Drivers\STM32F0xx_HAL_Driver\Src\stm32f0xx_hal_gpio.o
 .debug_abbrev  0x000007c1      0x281 Drivers\STM32F0xx_HAL_Driver\Src\stm32f0xx_hal_rcc.o
 .debug_abbrev  0x00000a42      0x255 Drivers\STM32F0xx_HAL_Driver\Src\stm32f0xx_hal_rcc_ex.o
 .debug_abbrev  0x00000c97      0x2ab Drivers\STM32F0xx_HAL_Driver\Src\stm32f0xx_hal_tim.o
 .debug_abbrev  0x00000f42      0x288 Drivers\STM32F0xx_HAL_Driver\Src\stm32f0xx_hal_tim_ex.o
 .debug_abbrev  0x000011ca      0x271 Drivers\STM32F0xx_HAL_Driver\Src\stm32f0xx_hal_uart.o
 .debug_abbrev  0x0000143b      0x1c0 Src\gpio.o
 .debug_abbrev  0x000015fb      0x27d Src\main.o
 .debug_abbrev  0x00001878      0x1be Src\stm32f0xx_hal_msp.o
 .debug_abbrev  0x00001a36      0x1ac Src\stm32f0xx_it.o
 .debug_abbrev  0x00001be2      0x1ca Src\system_stm32f0xx.o
 .debug_abbrev  0x00001dac      0x203 Src\tim.o
 .debug_abbrev  0x00001faf      0x1eb Src\usart.o
 .debug_abbrev  0x0000219a       0x12 startup\startup_stm32f072xb.o
 .debug_abbrev  0x000021ac       0xcb E:/Program Files (x86)/Atollic CMSIS PACKS/ARM/CMSIS/5.3.0/CMSIS/Lib/GCC\libarm_cortexM0l_math.a(arm_const_structs.o)
 .debug_abbrev  0x00002277       0x84 E:/Program Files (x86)/Atollic CMSIS PACKS/ARM/CMSIS/5.3.0/CMSIS/Lib/GCC\libarm_cortexM0l_math.a(arm_common_tables.o)
 .debug_abbrev  0x000022fb      0x166 E:/Program Files (x86)/Atollic CMSIS PACKS/ARM/CMSIS/5.3.0/CMSIS/Lib/GCC\libarm_cortexM0l_math.a(arm_cfft_f32.o)
 .debug_abbrev  0x00002461       0x14 E:/Program Files (x86)/Atollic CMSIS PACKS/ARM/CMSIS/5.3.0/CMSIS/Lib/GCC\libarm_cortexM0l_math.a(arm_bitreversal2.o)
 .debug_abbrev  0x00002475       0xa8 E:/Program Files (x86)/Atollic CMSIS PACKS/ARM/CMSIS/5.3.0/CMSIS/Lib/GCC\libarm_cortexM0l_math.a(arm_cfft_radix8_f32.o)

.debug_aranges  0x00000000      0xb60
 .debug_aranges
                0x00000000       0xb8 Drivers\STM32F0xx_HAL_Driver\Src\stm32f0xx_hal.o
 .debug_aranges
                0x000000b8       0xc0 Drivers\STM32F0xx_HAL_Driver\Src\stm32f0xx_hal_cortex.o
 .debug_aranges
                0x00000178       0x58 Drivers\STM32F0xx_HAL_Driver\Src\stm32f0xx_hal_gpio.o
 .debug_aranges
                0x000001d0       0x80 Drivers\STM32F0xx_HAL_Driver\Src\stm32f0xx_hal_rcc.o
 .debug_aranges
                0x00000250       0x78 Drivers\STM32F0xx_HAL_Driver\Src\stm32f0xx_hal_rcc_ex.o
 .debug_aranges
                0x000002c8      0x378 Drivers\STM32F0xx_HAL_Driver\Src\stm32f0xx_hal_tim.o
 .debug_aranges
                0x00000640      0x148 Drivers\STM32F0xx_HAL_Driver\Src\stm32f0xx_hal_tim_ex.o
 .debug_aranges
                0x00000788      0x1d8 Drivers\STM32F0xx_HAL_Driver\Src\stm32f0xx_hal_uart.o
 .debug_aranges
                0x00000960       0x20 Src\gpio.o
 .debug_aranges
                0x00000980       0x48 Src\main.o
 .debug_aranges
                0x000009c8       0x20 Src\stm32f0xx_hal_msp.o
 .debug_aranges
                0x000009e8       0x28 Src\stm32f0xx_it.o
 .debug_aranges
                0x00000a10       0x28 Src\system_stm32f0xx.o
 .debug_aranges
                0x00000a38       0x30 Src\tim.o
 .debug_aranges
                0x00000a68       0x30 Src\usart.o
 .debug_aranges
                0x00000a98       0x28 startup\startup_stm32f072xb.o
 .debug_aranges
                0x00000ac0       0x18 E:/Program Files (x86)/Atollic CMSIS PACKS/ARM/CMSIS/5.3.0/CMSIS/Lib/GCC\libarm_cortexM0l_math.a(arm_const_structs.o)
 .debug_aranges
                0x00000ad8       0x18 E:/Program Files (x86)/Atollic CMSIS PACKS/ARM/CMSIS/5.3.0/CMSIS/Lib/GCC\libarm_cortexM0l_math.a(arm_common_tables.o)
 .debug_aranges
                0x00000af0       0x30 E:/Program Files (x86)/Atollic CMSIS PACKS/ARM/CMSIS/5.3.0/CMSIS/Lib/GCC\libarm_cortexM0l_math.a(arm_cfft_f32.o)
 .debug_aranges
                0x00000b20       0x20 E:/Program Files (x86)/Atollic CMSIS PACKS/ARM/CMSIS/5.3.0/CMSIS/Lib/GCC\libarm_cortexM0l_math.a(arm_bitreversal2.o)
 .debug_aranges
                0x00000b40       0x20 E:/Program Files (x86)/Atollic CMSIS PACKS/ARM/CMSIS/5.3.0/CMSIS/Lib/GCC\libarm_cortexM0l_math.a(arm_cfft_radix8_f32.o)

.debug_ranges   0x00000000      0x9f8
 .debug_ranges  0x00000000       0xa8 Drivers\STM32F0xx_HAL_Driver\Src\stm32f0xx_hal.o
 .debug_ranges  0x000000a8       0xb0 Drivers\STM32F0xx_HAL_Driver\Src\stm32f0xx_hal_cortex.o
 .debug_ranges  0x00000158       0x48 Drivers\STM32F0xx_HAL_Driver\Src\stm32f0xx_hal_gpio.o
 .debug_ranges  0x000001a0       0x70 Drivers\STM32F0xx_HAL_Driver\Src\stm32f0xx_hal_rcc.o
 .debug_ranges  0x00000210       0x68 Drivers\STM32F0xx_HAL_Driver\Src\stm32f0xx_hal_rcc_ex.o
 .debug_ranges  0x00000278      0x368 Drivers\STM32F0xx_HAL_Driver\Src\stm32f0xx_hal_tim.o
 .debug_ranges  0x000005e0      0x138 Drivers\STM32F0xx_HAL_Driver\Src\stm32f0xx_hal_tim_ex.o
 .debug_ranges  0x00000718      0x1c8 Drivers\STM32F0xx_HAL_Driver\Src\stm32f0xx_hal_uart.o
 .debug_ranges  0x000008e0       0x10 Src\gpio.o
 .debug_ranges  0x000008f0       0x38 Src\main.o
 .debug_ranges  0x00000928       0x10 Src\stm32f0xx_hal_msp.o
 .debug_ranges  0x00000938       0x18 Src\stm32f0xx_it.o
 .debug_ranges  0x00000950       0x18 Src\system_stm32f0xx.o
 .debug_ranges  0x00000968       0x20 Src\tim.o
 .debug_ranges  0x00000988       0x20 Src\usart.o
 .debug_ranges  0x000009a8       0x20 startup\startup_stm32f072xb.o
 .debug_ranges  0x000009c8       0x20 E:/Program Files (x86)/Atollic CMSIS PACKS/ARM/CMSIS/5.3.0/CMSIS/Lib/GCC\libarm_cortexM0l_math.a(arm_cfft_f32.o)
 .debug_ranges  0x000009e8       0x10 E:/Program Files (x86)/Atollic CMSIS PACKS/ARM/CMSIS/5.3.0/CMSIS/Lib/GCC\libarm_cortexM0l_math.a(arm_cfft_radix8_f32.o)

.debug_line     0x00000000     0x67fc
 .debug_line    0x00000000      0x403 Drivers\STM32F0xx_HAL_Driver\Src\stm32f0xx_hal.o
 .debug_line    0x00000403      0x429 Drivers\STM32F0xx_HAL_Driver\Src\stm32f0xx_hal_cortex.o
 .debug_line    0x0000082c      0x41e Drivers\STM32F0xx_HAL_Driver\Src\stm32f0xx_hal_gpio.o
 .debug_line    0x00000c4a      0x52e Drivers\STM32F0xx_HAL_Driver\Src\stm32f0xx_hal_rcc.o
 .debug_line    0x00001178      0x4e0 Drivers\STM32F0xx_HAL_Driver\Src\stm32f0xx_hal_rcc_ex.o
 .debug_line    0x00001658     0x1578 Drivers\STM32F0xx_HAL_Driver\Src\stm32f0xx_hal_tim.o
 .debug_line    0x00002bd0      0x91b Drivers\STM32F0xx_HAL_Driver\Src\stm32f0xx_hal_tim_ex.o
 .debug_line    0x000034eb      0xc72 Drivers\STM32F0xx_HAL_Driver\Src\stm32f0xx_hal_uart.o
 .debug_line    0x0000415d      0x257 Src\gpio.o
 .debug_line    0x000043b4      0x43e Src\main.o
 .debug_line    0x000047f2      0x21f Src\stm32f0xx_hal_msp.o
 .debug_line    0x00004a11      0x293 Src\stm32f0xx_it.o
 .debug_line    0x00004ca4      0x256 Src\system_stm32f0xx.o
 .debug_line    0x00004efa      0x2d8 Src\tim.o
 .debug_line    0x000051d2      0x2dc Src\usart.o
 .debug_line    0x000054ae       0x83 startup\startup_stm32f072xb.o
 .debug_line    0x00005531      0x14c E:/Program Files (x86)/Atollic CMSIS PACKS/ARM/CMSIS/5.3.0/CMSIS/Lib/GCC\libarm_cortexM0l_math.a(arm_const_structs.o)
 .debug_line    0x0000567d      0x135 E:/Program Files (x86)/Atollic CMSIS PACKS/ARM/CMSIS/5.3.0/CMSIS/Lib/GCC\libarm_cortexM0l_math.a(arm_common_tables.o)
 .debug_line    0x000057b2      0x772 E:/Program Files (x86)/Atollic CMSIS PACKS/ARM/CMSIS/5.3.0/CMSIS/Lib/GCC\libarm_cortexM0l_math.a(arm_cfft_f32.o)
 .debug_line    0x00005f24       0x8a E:/Program Files (x86)/Atollic CMSIS PACKS/ARM/CMSIS/5.3.0/CMSIS/Lib/GCC\libarm_cortexM0l_math.a(arm_bitreversal2.o)
 .debug_line    0x00005fae      0x84e E:/Program Files (x86)/Atollic CMSIS PACKS/ARM/CMSIS/5.3.0/CMSIS/Lib/GCC\libarm_cortexM0l_math.a(arm_cfft_radix8_f32.o)

.debug_str      0x00000000     0x426f
 .debug_str     0x00000000      0x9c1 Drivers\STM32F0xx_HAL_Driver\Src\stm32f0xx_hal.o
                                0xa56 (size before relaxing)
 .debug_str     0x000009c1      0x220 Drivers\STM32F0xx_HAL_Driver\Src\stm32f0xx_hal_cortex.o
                                0xa9a (size before relaxing)
 .debug_str     0x00000be1      0x1c7 Drivers\STM32F0xx_HAL_Driver\Src\stm32f0xx_hal_gpio.o
                                0x85d (size before relaxing)
 .debug_str     0x00000da8      0x2ff Drivers\STM32F0xx_HAL_Driver\Src\stm32f0xx_hal_rcc.o
                                0xa1a (size before relaxing)
 .debug_str     0x000010a7      0x35a Drivers\STM32F0xx_HAL_Driver\Src\stm32f0xx_hal_rcc_ex.o
                                0xa2b (size before relaxing)
 .debug_str     0x00001401     0x10d0 Drivers\STM32F0xx_HAL_Driver\Src\stm32f0xx_hal_tim.o
                               0x1783 (size before relaxing)
 .debug_str     0x000024d1      0x543 Drivers\STM32F0xx_HAL_Driver\Src\stm32f0xx_hal_tim_ex.o
                               0x1098 (size before relaxing)
 .debug_str     0x00002a14      0x868 Drivers\STM32F0xx_HAL_Driver\Src\stm32f0xx_hal_uart.o
                               0x1142 (size before relaxing)
 .debug_str     0x0000327c       0x2b Src\gpio.o
                                0x6e8 (size before relaxing)
 .debug_str     0x000032a7      0x8c3 Src\main.o
                               0x1906 (size before relaxing)
 .debug_str     0x00003b6a       0x1b Src\stm32f0xx_hal_msp.o
                                0x83a (size before relaxing)
 .debug_str     0x00003b85       0x36 Src\stm32f0xx_it.o
                                0x9c4 (size before relaxing)
 .debug_str     0x00003bbb       0x3b Src\system_stm32f0xx.o
                                0x683 (size before relaxing)
 .debug_str     0x00003bf6       0x29 Src\tim.o
                                0xcef (size before relaxing)
 .debug_str     0x00003c1f       0x2e Src\usart.o
                                0xb83 (size before relaxing)
 .debug_str     0x00003c4d      0x487 E:/Program Files (x86)/Atollic CMSIS PACKS/ARM/CMSIS/5.3.0/CMSIS/Lib/GCC\libarm_cortexM0l_math.a(arm_const_structs.o)
                                0xcfd (size before relaxing)
 .debug_str     0x000040d4       0x2e E:/Program Files (x86)/Atollic CMSIS PACKS/ARM/CMSIS/5.3.0/CMSIS/Lib/GCC\libarm_cortexM0l_math.a(arm_common_tables.o)
                                0x6e2 (size before relaxing)
 .debug_str     0x00004102      0x120 E:/Program Files (x86)/Atollic CMSIS PACKS/ARM/CMSIS/5.3.0/CMSIS/Lib/GCC\libarm_cortexM0l_math.a(arm_cfft_f32.o)
                                0x33d (size before relaxing)
 .debug_str     0x00004222       0x4d E:/Program Files (x86)/Atollic CMSIS PACKS/ARM/CMSIS/5.3.0/CMSIS/Lib/GCC\libarm_cortexM0l_math.a(arm_cfft_radix8_f32.o)
                                0x234 (size before relaxing)

.comment        0x00000000       0xea
 .comment       0x00000000       0x7c Drivers\STM32F0xx_HAL_Driver\Src\stm32f0xx_hal.o
                                 0x7d (size before relaxing)
 .comment       0x0000007c       0x7d Drivers\STM32F0xx_HAL_Driver\Src\stm32f0xx_hal_cortex.o
 .comment       0x0000007c       0x7d Drivers\STM32F0xx_HAL_Driver\Src\stm32f0xx_hal_gpio.o
 .comment       0x0000007c       0x7d Drivers\STM32F0xx_HAL_Driver\Src\stm32f0xx_hal_rcc.o
 .comment       0x0000007c       0x7d Drivers\STM32F0xx_HAL_Driver\Src\stm32f0xx_hal_rcc_ex.o
 .comment       0x0000007c       0x7d Drivers\STM32F0xx_HAL_Driver\Src\stm32f0xx_hal_tim.o
 .comment       0x0000007c       0x7d Drivers\STM32F0xx_HAL_Driver\Src\stm32f0xx_hal_tim_ex.o
 .comment       0x0000007c       0x7d Drivers\STM32F0xx_HAL_Driver\Src\stm32f0xx_hal_uart.o
 .comment       0x0000007c       0x7d Src\gpio.o
 .comment       0x0000007c       0x7d Src\main.o
 .comment       0x0000007c       0x7d Src\stm32f0xx_hal_msp.o
 .comment       0x0000007c       0x7d Src\stm32f0xx_it.o
 .comment       0x0000007c       0x7d Src\system_stm32f0xx.o
 .comment       0x0000007c       0x7d Src\tim.o
 .comment       0x0000007c       0x7d Src\usart.o
 .comment       0x0000007c       0x6e E:/Program Files (x86)/Atollic CMSIS PACKS/ARM/CMSIS/5.3.0/CMSIS/Lib/GCC\libarm_cortexM0l_math.a(arm_const_structs.o)
                                 0x6f (size before relaxing)
 .comment       0x000000ea       0x6f E:/Program Files (x86)/Atollic CMSIS PACKS/ARM/CMSIS/5.3.0/CMSIS/Lib/GCC\libarm_cortexM0l_math.a(arm_common_tables.o)
 .comment       0x000000ea       0x6f E:/Program Files (x86)/Atollic CMSIS PACKS/ARM/CMSIS/5.3.0/CMSIS/Lib/GCC\libarm_cortexM0l_math.a(arm_cfft_f32.o)
 .comment       0x000000ea       0x6f E:/Program Files (x86)/Atollic CMSIS PACKS/ARM/CMSIS/5.3.0/CMSIS/Lib/GCC\libarm_cortexM0l_math.a(arm_cfft_radix8_f32.o)

.debug_frame    0x00000000     0x2edc
 .debug_frame   0x00000000      0x248 Drivers\STM32F0xx_HAL_Driver\Src\stm32f0xx_hal.o
 .debug_frame   0x00000248      0x2a4 Drivers\STM32F0xx_HAL_Driver\Src\stm32f0xx_hal_cortex.o
 .debug_frame   0x000004ec      0x110 Drivers\STM32F0xx_HAL_Driver\Src\stm32f0xx_hal_gpio.o
 .debug_frame   0x000005fc      0x194 Drivers\STM32F0xx_HAL_Driver\Src\stm32f0xx_hal_rcc.o
 .debug_frame   0x00000790      0x180 Drivers\STM32F0xx_HAL_Driver\Src\stm32f0xx_hal_rcc_ex.o
 .debug_frame   0x00000910      0xd90 Drivers\STM32F0xx_HAL_Driver\Src\stm32f0xx_hal_tim.o
 .debug_frame   0x000016a0      0x4d0 Drivers\STM32F0xx_HAL_Driver\Src\stm32f0xx_hal_tim_ex.o
 .debug_frame   0x00001b70      0x710 Drivers\STM32F0xx_HAL_Driver\Src\stm32f0xx_hal_uart.o
 .debug_frame   0x00002280       0x30 Src\gpio.o
 .debug_frame   0x000022b0       0xd0 Src\main.o
 .debug_frame   0x00002380       0x30 Src\stm32f0xx_hal_msp.o
 .debug_frame   0x000023b0       0x48 Src\stm32f0xx_it.o
 .debug_frame   0x000023f8       0x4c Src\system_stm32f0xx.o
 .debug_frame   0x00002444       0x70 Src\tim.o
 .debug_frame   0x000024b4       0x6c Src\usart.o
 .debug_frame   0x00002520       0x8c E:/Program Files (x86)/Atollic CMSIS PACKS/ARM/CMSIS/5.3.0/CMSIS/Lib/GCC\libarm_cortexM0l_math.a(arm_cfft_f32.o)
 .debug_frame   0x000025ac       0x3c E:/Program Files (x86)/Atollic CMSIS PACKS/ARM/CMSIS/5.3.0/CMSIS/Lib/GCC\libarm_cortexM0l_math.a(arm_cfft_radix8_f32.o)
 .debug_frame   0x000025e8       0x2c c:/program files (x86)/atollic/truestudio for stm32 9.0.0/armtools/bin/../lib/gcc/arm-atollic-eabi/6.3.1/../../../../arm-atollic-eabi/lib/armv6-m\libc_nano.a(lib_a-init.o)
 .debug_frame   0x00002614       0x50 c:/program files (x86)/atollic/truestudio for stm32 9.0.0/armtools/bin/../lib/gcc/arm-atollic-eabi/6.3.1/../../../../arm-atollic-eabi/lib/armv6-m\libc_nano.a(lib_a-printf.o)
 .debug_frame   0x00002664      0x140 c:/program files (x86)/atollic/truestudio for stm32 9.0.0/armtools/bin/../lib/gcc/arm-atollic-eabi/6.3.1/../../../../arm-atollic-eabi/lib/armv6-m\libc_nano.a(lib_a-findfp.o)
 .debug_frame   0x000027a4       0x58 c:/program files (x86)/atollic/truestudio for stm32 9.0.0/armtools/bin/../lib/gcc/arm-atollic-eabi/6.3.1/../../../../arm-atollic-eabi/lib/armv6-m\libc_nano.a(lib_a-fwalk.o)
 .debug_frame   0x000027fc       0x20 c:/program files (x86)/atollic/truestudio for stm32 9.0.0/armtools/bin/../lib/gcc/arm-atollic-eabi/6.3.1/../../../../arm-atollic-eabi/lib/armv6-m\libc_nano.a(lib_a-memset.o)
 .debug_frame   0x0000281c       0x2c c:/program files (x86)/atollic/truestudio for stm32 9.0.0/armtools/bin/../lib/gcc/arm-atollic-eabi/6.3.1/../../../../arm-atollic-eabi/lib/armv6-m\libc_nano.a(lib_a-nano-mallocr.o)
 .debug_frame   0x00002848       0x9c c:/program files (x86)/atollic/truestudio for stm32 9.0.0/armtools/bin/../lib/gcc/arm-atollic-eabi/6.3.1/../../../../arm-atollic-eabi/lib/armv6-m\libc_nano.a(lib_a-nano-vfprintf.o)
 .debug_frame   0x000028e4       0x54 c:/program files (x86)/atollic/truestudio for stm32 9.0.0/armtools/bin/../lib/gcc/arm-atollic-eabi/6.3.1/../../../../arm-atollic-eabi/lib/armv6-m\libc_nano.a(lib_a-nano-vfprintf_i.o)
 .debug_frame   0x00002938       0x2c c:/program files (x86)/atollic/truestudio for stm32 9.0.0/armtools/bin/../lib/gcc/arm-atollic-eabi/6.3.1/../../../../arm-atollic-eabi/lib/armv6-m\libc_nano.a(lib_a-sbrkr.o)
 .debug_frame   0x00002964       0x90 c:/program files (x86)/atollic/truestudio for stm32 9.0.0/armtools/bin/../lib/gcc/arm-atollic-eabi/6.3.1/../../../../arm-atollic-eabi/lib/armv6-m\libc_nano.a(lib_a-stdio.o)
 .debug_frame   0x000029f4       0x48 c:/program files (x86)/atollic/truestudio for stm32 9.0.0/armtools/bin/../lib/gcc/arm-atollic-eabi/6.3.1/../../../../arm-atollic-eabi/lib/armv6-m\libc_nano.a(lib_a-wbuf.o)
 .debug_frame   0x00002a3c       0x2c c:/program files (x86)/atollic/truestudio for stm32 9.0.0/armtools/bin/../lib/gcc/arm-atollic-eabi/6.3.1/../../../../arm-atollic-eabi/lib/armv6-m\libc_nano.a(lib_a-writer.o)
 .debug_frame   0x00002a68       0x2c c:/program files (x86)/atollic/truestudio for stm32 9.0.0/armtools/bin/../lib/gcc/arm-atollic-eabi/6.3.1/../../../../arm-atollic-eabi/lib/armv6-m\libc_nano.a(lib_a-wsetup.o)
 .debug_frame   0x00002a94       0x2c c:/program files (x86)/atollic/truestudio for stm32 9.0.0/armtools/bin/../lib/gcc/arm-atollic-eabi/6.3.1/../../../../arm-atollic-eabi/lib/armv6-m\libc_nano.a(lib_a-closer.o)
 .debug_frame   0x00002ac0       0x68 c:/program files (x86)/atollic/truestudio for stm32 9.0.0/armtools/bin/../lib/gcc/arm-atollic-eabi/6.3.1/../../../../arm-atollic-eabi/lib/armv6-m\libc_nano.a(lib_a-fflush.o)
 .debug_frame   0x00002b28       0x2c c:/program files (x86)/atollic/truestudio for stm32 9.0.0/armtools/bin/../lib/gcc/arm-atollic-eabi/6.3.1/../../../../arm-atollic-eabi/lib/armv6-m\libc_nano.a(lib_a-lseekr.o)
 .debug_frame   0x00002b54       0x54 c:/program files (x86)/atollic/truestudio for stm32 9.0.0/armtools/bin/../lib/gcc/arm-atollic-eabi/6.3.1/../../../../arm-atollic-eabi/lib/armv6-m\libc_nano.a(lib_a-makebuf.o)
 .debug_frame   0x00002ba8       0x20 c:/program files (x86)/atollic/truestudio for stm32 9.0.0/armtools/bin/../lib/gcc/arm-atollic-eabi/6.3.1/../../../../arm-atollic-eabi/lib/armv6-m\libc_nano.a(lib_a-memchr-stub.o)
 .debug_frame   0x00002bc8       0x30 c:/program files (x86)/atollic/truestudio for stm32 9.0.0/armtools/bin/../lib/gcc/arm-atollic-eabi/6.3.1/../../../../arm-atollic-eabi/lib/armv6-m\libc_nano.a(lib_a-mlock.o)
 .debug_frame   0x00002bf8       0x2c c:/program files (x86)/atollic/truestudio for stm32 9.0.0/armtools/bin/../lib/gcc/arm-atollic-eabi/6.3.1/../../../../arm-atollic-eabi/lib/armv6-m\libc_nano.a(lib_a-nano-freer.o)
 .debug_frame   0x00002c24       0x2c c:/program files (x86)/atollic/truestudio for stm32 9.0.0/armtools/bin/../lib/gcc/arm-atollic-eabi/6.3.1/../../../../arm-atollic-eabi/lib/armv6-m\libc_nano.a(lib_a-readr.o)
 .debug_frame   0x00002c50       0x48 c:/program files (x86)/atollic/truestudio for stm32 9.0.0/armtools/bin/../lib/gcc/arm-atollic-eabi/6.3.1/../../../../arm-atollic-eabi/lib/armv6-m\libc_nano.a(lib_a-reent.o)
 .debug_frame   0x00002c98       0x2c c:/program files (x86)/atollic/truestudio for stm32 9.0.0/armtools/bin/../lib/gcc/arm-atollic-eabi/6.3.1/../../../../arm-atollic-eabi/lib/armv6-m\libc_nano.a(lib_a-fstatr.o)
 .debug_frame   0x00002cc4       0x2c c:/program files (x86)/atollic/truestudio for stm32 9.0.0/armtools/bin/../lib/gcc/arm-atollic-eabi/6.3.1/../../../../arm-atollic-eabi/lib/armv6-m\libc_nano.a(lib_a-isattyr.o)
 .debug_frame   0x00002cf0       0x20 c:/program files (x86)/atollic/truestudio for stm32 9.0.0/armtools/bin/../lib/gcc/arm-atollic-eabi/6.3.1/armv6-m\libgcc.a(_udivsi3.o)
 .debug_frame   0x00002d10       0x34 c:/program files (x86)/atollic/truestudio for stm32 9.0.0/armtools/bin/../lib/gcc/arm-atollic-eabi/6.3.1/armv6-m\libgcc.a(addsf3.o)
 .debug_frame   0x00002d44       0x3c c:/program files (x86)/atollic/truestudio for stm32 9.0.0/armtools/bin/../lib/gcc/arm-atollic-eabi/6.3.1/armv6-m\libgcc.a(divsf3.o)
 .debug_frame   0x00002d80       0x3c c:/program files (x86)/atollic/truestudio for stm32 9.0.0/armtools/bin/../lib/gcc/arm-atollic-eabi/6.3.1/armv6-m\libgcc.a(mulsf3.o)
 .debug_frame   0x00002dbc       0x38 c:/program files (x86)/atollic/truestudio for stm32 9.0.0/armtools/bin/../lib/gcc/arm-atollic-eabi/6.3.1/armv6-m\libgcc.a(subsf3.o)
 .debug_frame   0x00002df4       0x28 c:/program files (x86)/atollic/truestudio for stm32 9.0.0/armtools/bin/../lib/gcc/arm-atollic-eabi/6.3.1/armv6-m\libgcc.a(floatunsisf.o)
 .debug_frame   0x00002e1c       0x20 c:/program files (x86)/atollic/truestudio for stm32 9.0.0/armtools/bin/../lib/gcc/arm-atollic-eabi/6.3.1/../../../../arm-atollic-eabi/lib/armv6-m\libnosys.a(close.o)
 .debug_frame   0x00002e3c       0x20 c:/program files (x86)/atollic/truestudio for stm32 9.0.0/armtools/bin/../lib/gcc/arm-atollic-eabi/6.3.1/../../../../arm-atollic-eabi/lib/armv6-m\libnosys.a(fstat.o)
 .debug_frame   0x00002e5c       0x20 c:/program files (x86)/atollic/truestudio for stm32 9.0.0/armtools/bin/../lib/gcc/arm-atollic-eabi/6.3.1/../../../../arm-atollic-eabi/lib/armv6-m\libnosys.a(isatty.o)
 .debug_frame   0x00002e7c       0x20 c:/program files (x86)/atollic/truestudio for stm32 9.0.0/armtools/bin/../lib/gcc/arm-atollic-eabi/6.3.1/../../../../arm-atollic-eabi/lib/armv6-m\libnosys.a(lseek.o)
 .debug_frame   0x00002e9c       0x20 c:/program files (x86)/atollic/truestudio for stm32 9.0.0/armtools/bin/../lib/gcc/arm-atollic-eabi/6.3.1/../../../../arm-atollic-eabi/lib/armv6-m\libnosys.a(read.o)
 .debug_frame   0x00002ebc       0x20 c:/program files (x86)/atollic/truestudio for stm32 9.0.0/armtools/bin/../lib/gcc/arm-atollic-eabi/6.3.1/../../../../arm-atollic-eabi/lib/armv6-m\libnosys.a(sbrk.o)

.debug_loc      0x00000000     0x297b
 .debug_loc     0x00000000     0x1959 E:/Program Files (x86)/Atollic CMSIS PACKS/ARM/CMSIS/5.3.0/CMSIS/Lib/GCC\libarm_cortexM0l_math.a(arm_cfft_f32.o)
 .debug_loc     0x00001959     0x1022 E:/Program Files (x86)/Atollic CMSIS PACKS/ARM/CMSIS/5.3.0/CMSIS/Lib/GCC\libarm_cortexM0l_math.a(arm_cfft_radix8_f32.o)

.stab           0x00000000       0x84
 .stab          0x00000000       0x24 c:/program files (x86)/atollic/truestudio for stm32 9.0.0/armtools/bin/../lib/gcc/arm-atollic-eabi/6.3.1/../../../../arm-atollic-eabi/lib/armv6-m\libnosys.a(close.o)
 .stab          0x00000024       0x18 c:/program files (x86)/atollic/truestudio for stm32 9.0.0/armtools/bin/../lib/gcc/arm-atollic-eabi/6.3.1/../../../../arm-atollic-eabi/lib/armv6-m\libnosys.a(fstat.o)
                                 0x24 (size before relaxing)
 .stab          0x0000003c       0x18 c:/program files (x86)/atollic/truestudio for stm32 9.0.0/armtools/bin/../lib/gcc/arm-atollic-eabi/6.3.1/../../../../arm-atollic-eabi/lib/armv6-m\libnosys.a(isatty.o)
                                 0x24 (size before relaxing)
 .stab          0x00000054       0x18 c:/program files (x86)/atollic/truestudio for stm32 9.0.0/armtools/bin/../lib/gcc/arm-atollic-eabi/6.3.1/../../../../arm-atollic-eabi/lib/armv6-m\libnosys.a(lseek.o)
                                 0x24 (size before relaxing)
 .stab          0x0000006c       0x18 c:/program files (x86)/atollic/truestudio for stm32 9.0.0/armtools/bin/../lib/gcc/arm-atollic-eabi/6.3.1/../../../../arm-atollic-eabi/lib/armv6-m\libnosys.a(read.o)
                                 0x24 (size before relaxing)

.stabstr        0x00000000      0x117
 .stabstr       0x00000000      0x117 c:/program files (x86)/atollic/truestudio for stm32 9.0.0/armtools/bin/../lib/gcc/arm-atollic-eabi/6.3.1/../../../../arm-atollic-eabi/lib/armv6-m\libnosys.a(close.o)
