Archive member included to satisfy reference by file (symbol)

E:/Program Files (x86)/Atollic CMSIS PACKS/ARM/CMSIS/5.3.0/CMSIS/Lib/GCC\libarm_cortexM4lf_math.a(arm_const_structs.o)
                              Src\main.o (arm_cfft_sR_f32_len1024)
E:/Program Files (x86)/Atollic CMSIS PACKS/ARM/CMSIS/5.3.0/CMSIS/Lib/GCC\libarm_cortexM4lf_math.a(arm_common_tables.o)
                              E:/Program Files (x86)/Atollic CMSIS PACKS/ARM/CMSIS/5.3.0/CMSIS/Lib/GCC\libarm_cortexM4lf_math.a(arm_const_structs.o) (twiddleCoef_rfft_4096)
E:/Program Files (x86)/Atollic CMSIS PACKS/ARM/CMSIS/5.3.0/CMSIS/Lib/GCC\libarm_cortexM4lf_math.a(arm_cfft_f32.o)
                              Src\main.o (arm_cfft_f32)
E:/Program Files (x86)/Atollic CMSIS PACKS/ARM/CMSIS/5.3.0/CMSIS/Lib/GCC\libarm_cortexM4lf_math.a(arm_rfft_init_q31.o)
                              E:/Program Files (x86)/Atollic CMSIS PACKS/ARM/CMSIS/5.3.0/CMSIS/Lib/GCC\libarm_cortexM4lf_math.a(arm_const_structs.o) (realCoefBQ31)
E:/Program Files (x86)/Atollic CMSIS PACKS/ARM/CMSIS/5.3.0/CMSIS/Lib/GCC\libarm_cortexM4lf_math.a(arm_rfft_init_q15.o)
                              E:/Program Files (x86)/Atollic CMSIS PACKS/ARM/CMSIS/5.3.0/CMSIS/Lib/GCC\libarm_cortexM4lf_math.a(arm_const_structs.o) (realCoefBQ15)
E:/Program Files (x86)/Atollic CMSIS PACKS/ARM/CMSIS/5.3.0/CMSIS/Lib/GCC\libarm_cortexM4lf_math.a(arm_bitreversal2.o)
                              E:/Program Files (x86)/Atollic CMSIS PACKS/ARM/CMSIS/5.3.0/CMSIS/Lib/GCC\libarm_cortexM4lf_math.a(arm_cfft_f32.o) (arm_bitreversal_32)
E:/Program Files (x86)/Atollic CMSIS PACKS/ARM/CMSIS/5.3.0/CMSIS/Lib/GCC\libarm_cortexM4lf_math.a(arm_cfft_radix8_f32.o)
                              E:/Program Files (x86)/Atollic CMSIS PACKS/ARM/CMSIS/5.3.0/CMSIS/Lib/GCC\libarm_cortexM4lf_math.a(arm_cfft_f32.o) (arm_radix8_butterfly_f32)
c:/program files (x86)/atollic/truestudio for stm32 9.0.0/armtools/bin/../lib/gcc/arm-atollic-eabi/6.3.1/../../../../arm-atollic-eabi/lib/armv7e-m/fpu\libc_nano.a(lib_a-init.o)
                              startup\startup_stm32f405xx.o (__libc_init_array)
c:/program files (x86)/atollic/truestudio for stm32 9.0.0/armtools/bin/../lib/gcc/arm-atollic-eabi/6.3.1/../../../../arm-atollic-eabi/lib/armv7e-m/fpu\libc_nano.a(lib_a-printf.o)
                              Src\main.o (printf)
c:/program files (x86)/atollic/truestudio for stm32 9.0.0/armtools/bin/../lib/gcc/arm-atollic-eabi/6.3.1/../../../../arm-atollic-eabi/lib/armv7e-m/fpu\libc_nano.a(lib_a-findfp.o)
                              c:/program files (x86)/atollic/truestudio for stm32 9.0.0/armtools/bin/../lib/gcc/arm-atollic-eabi/6.3.1/../../../../arm-atollic-eabi/lib/armv7e-m/fpu\libc_nano.a(lib_a-printf.o) (__sinit)
c:/program files (x86)/atollic/truestudio for stm32 9.0.0/armtools/bin/../lib/gcc/arm-atollic-eabi/6.3.1/../../../../arm-atollic-eabi/lib/armv7e-m/fpu\libc_nano.a(lib_a-fwalk.o)
                              c:/program files (x86)/atollic/truestudio for stm32 9.0.0/armtools/bin/../lib/gcc/arm-atollic-eabi/6.3.1/../../../../arm-atollic-eabi/lib/armv7e-m/fpu\libc_nano.a(lib_a-findfp.o) (_fwalk)
c:/program files (x86)/atollic/truestudio for stm32 9.0.0/armtools/bin/../lib/gcc/arm-atollic-eabi/6.3.1/../../../../arm-atollic-eabi/lib/armv7e-m/fpu\libc_nano.a(lib_a-impure.o)
                              c:/program files (x86)/atollic/truestudio for stm32 9.0.0/armtools/bin/../lib/gcc/arm-atollic-eabi/6.3.1/../../../../arm-atollic-eabi/lib/armv7e-m/fpu\libc_nano.a(lib_a-findfp.o) (_global_impure_ptr)
c:/program files (x86)/atollic/truestudio for stm32 9.0.0/armtools/bin/../lib/gcc/arm-atollic-eabi/6.3.1/../../../../arm-atollic-eabi/lib/armv7e-m/fpu\libc_nano.a(lib_a-memset.o)
                              c:/program files (x86)/atollic/truestudio for stm32 9.0.0/armtools/bin/../lib/gcc/arm-atollic-eabi/6.3.1/../../../../arm-atollic-eabi/lib/armv7e-m/fpu\libc_nano.a(lib_a-findfp.o) (memset)
c:/program files (x86)/atollic/truestudio for stm32 9.0.0/armtools/bin/../lib/gcc/arm-atollic-eabi/6.3.1/../../../../arm-atollic-eabi/lib/armv7e-m/fpu\libc_nano.a(lib_a-nano-mallocr.o)
                              c:/program files (x86)/atollic/truestudio for stm32 9.0.0/armtools/bin/../lib/gcc/arm-atollic-eabi/6.3.1/../../../../arm-atollic-eabi/lib/armv7e-m/fpu\libc_nano.a(lib_a-findfp.o) (_malloc_r)
c:/program files (x86)/atollic/truestudio for stm32 9.0.0/armtools/bin/../lib/gcc/arm-atollic-eabi/6.3.1/../../../../arm-atollic-eabi/lib/armv7e-m/fpu\libc_nano.a(lib_a-nano-vfprintf.o)
                              c:/program files (x86)/atollic/truestudio for stm32 9.0.0/armtools/bin/../lib/gcc/arm-atollic-eabi/6.3.1/../../../../arm-atollic-eabi/lib/armv7e-m/fpu\libc_nano.a(lib_a-printf.o) (_vfprintf_r)
c:/program files (x86)/atollic/truestudio for stm32 9.0.0/armtools/bin/../lib/gcc/arm-atollic-eabi/6.3.1/../../../../arm-atollic-eabi/lib/armv7e-m/fpu\libc_nano.a(lib_a-nano-vfprintf_i.o)
[...]
Memory Configuration

Name             Origin             Length             Attributes
RAM              0x20000000         0x00020000         xrw
CCMRAM           0x10000000         0x00010000         rw
FLASH            0x08000000         0x00100000         xr
*default*        0x00000000         0xffffffff

Linker script and memory map

LOAD c:/program files (x86)/atollic/truestudio for stm32 9.0.0/armtools/bin/../lib/gcc/arm-atollic-eabi/6.3.1/armv7e-m/fpu/crti.o
LOAD c:/program files (x86)/atollic/truestudio for stm32 9.0.0/armtools/bin/../lib/gcc/arm-atollic-eabi/6.3.1/armv7e-m/fpu/crtbegin.o
LOAD Drivers\STM32F4xx_HAL_Driver\Src\stm32f4xx_hal.o
LOAD Drivers\STM32F4xx_HAL_Driver\Src\stm32f4xx_hal_cortex.o
LOAD Drivers\STM32F4xx_HAL_Driver\Src\stm32f4xx_hal_dma.o
LOAD Drivers\STM32F4xx_HAL_Driver\Src\stm32f4xx_hal_dma_ex.o
LOAD Drivers\STM32F4xx_HAL_Driver\Src\stm32f4xx_hal_flash.o
LOAD Drivers\STM32F4xx_HAL_Driver\Src\stm32f4xx_hal_flash_ex.o
LOAD Drivers\STM32F4xx_HAL_Driver\Src\stm32f4xx_hal_flash_ramfunc.o
LOAD Drivers\STM32F4xx_HAL_Driver\Src\stm32f4xx_hal_gpio.o
LOAD Drivers\STM32F4xx_HAL_Driver\Src\stm32f4xx_hal_pwr.o
LOAD Drivers\STM32F4xx_HAL_Driver\Src\stm32f4xx_hal_pwr_ex.o
LOAD Drivers\STM32F4xx_HAL_Driver\Src\stm32f4xx_hal_rcc.o
LOAD Drivers\STM32F4xx_HAL_Driver\Src\stm32f4xx_hal_rcc_ex.o
LOAD Drivers\STM32F4xx_HAL_Driver\Src\stm32f4xx_hal_tim.o
LOAD Drivers\STM32F4xx_HAL_Driver\Src\stm32f4xx_hal_tim_ex.o
LOAD Src\gpio.o
LOAD Src\main.o
LOAD Src\stm32f4xx_hal_msp.o
LOAD Src\stm32f4xx_it.o
LOAD Src\system_stm32f4xx.o
LOAD Src\tim.o
LOAD startup\startup_stm32f405xx.o
LOAD E:/Program Files (x86)/Atollic CMSIS PACKS/ARM/CMSIS/5.3.0/CMSIS/Lib/GCC\libarm_cortexM4lf_math.a
                0x00000080                malloc_getpagesize_P = 0x80
START GROUP
LOAD c:/program files (x86)/atollic/truestudio for stm32 9.0.0/armtools/bin/../lib/gcc/arm-atollic-eabi/6.3.1/../../../../arm-atollic-eabi/lib/armv7e-m/fpu\libc_nano.a
LOAD c:/program files (x86)/atollic/truestudio for stm32 9.0.0/armtools/bin/../lib/gcc/arm-atollic-eabi/6.3.1/../../../../arm-atollic-eabi/lib/armv7e-m/fpu\libm.a
END GROUP
START GROUP
LOAD c:/program files (x86)/atollic/truestudio for stm32 9.0.0/armtools/bin/../lib/gcc/arm-atollic-eabi/6.3.1/armv7e-m/fpu\libgcc.a
LOAD c:/program files (x86)/atollic/truestudio for stm32 9.0.0/armtools/bin/../lib/gcc/arm-atollic-eabi/6.3.1/../../../../arm-atollic-eabi/lib/armv7e-m/fpu\libc_nano.a
END GROUP
START GROUP
LOAD c:/program files (x86)/atollic/truestudio for stm32 9.0.0/armtools/bin/../lib/gcc/arm-atollic-eabi/6.3.1/armv7e-m/fpu\libgcc.a
LOAD c:/program files (x86)/atollic/truestudio for stm32 9.0.0/armtools/bin/../lib/gcc/arm-atollic-eabi/6.3.1/../../../../arm-atollic-eabi/lib/armv7e-m/fpu\libc_nano.a
LOAD c:/program files (x86)/atollic/truestudio for stm32 9.0.0/armtools/bin/../lib/gcc/arm-atollic-eabi/6.3.1/../../../../arm-atollic-eabi/lib/armv7e-m/fpu\libnosys.a
END GROUP
START GROUP
LOAD c:/program files (x86)/atollic/truestudio for stm32 9.0.0/armtools/bin/../lib/gcc/arm-atollic-eabi/6.3.1/armv7e-m/fpu\libgcc.a
LOAD c:/program files (x86)/atollic/truestudio for stm32 9.0.0/armtools/bin/../lib/gcc/arm-atollic-eabi/6.3.1/../../../../arm-atollic-eabi/lib/armv7e-m/fpu\libc_nano.a
LOAD c:/program files (x86)/atollic/truestudio for stm32 9.0.0/armtools/bin/../lib/gcc/arm-atollic-eabi/6.3.1/../../../../arm-atollic-eabi/lib/armv7e-m/fpu\libnosys.a
END GROUP
LOAD c:/program files (x86)/atollic/truestudio for stm32 9.0.0/armtools/bin/../lib/gcc/arm-atollic-eabi/6.3.1/armv7e-m/fpu/crtend.o
LOAD c:/program files (x86)/atollic/truestudio for stm32 9.0.0/armtools/bin/../lib/gcc/arm-atollic-eabi/6.3.1/armv7e-m/fpu/crtn.o
                0x20020000                _estack = 0x20020000
                0x00000200                _Min_Heap_Size = 0x200
                0x00000400                _Min_Stack_Size = 0x400

.isr_vector     0x08000000      0x188
                0x08000000                . = ALIGN (0x4)
 *(.isr_vector)
 .isr_vector    0x08000000      0x188 startup\startup_stm32f405xx.o
                0x08000000                g_pfnVectors
                0x08000188                . = ALIGN (0x4)

.text           0x08000190     0x38c4
                0x08000190                . = ALIGN (0x4)
 *(.text)
 .text          0x08000190       0x40 c:/program files (x86)/atollic/truestudio for stm32 9.0.0/armtools/bin/../lib/gcc/arm-atollic-eabi/6.3.1/armv7e-m/fpu/crtbegin.o
 .text          0x080001d0       0xc0 E:/Program Files (x86)/Atollic CMSIS PACKS/ARM/CMSIS/5.3.0/CMSIS/Lib/GCC\libarm_cortexM4lf_math.a(arm_bitreversal2.o)
                0x080001d0                arm_bitreversal_32
                0x0800023a                arm_bitreversal_16
 .text          0x08000290       0xa0 c:/program files (x86)/atollic/truestudio for stm32 9.0.0/armtools/bin/../lib/gcc/arm-atollic-eabi/6.3.1/../../../../arm-atollic-eabi/lib/armv7e-m/fpu\libc_nano.a(lib_a-memchr.o)
                0x08000290                memchr
 .text          0x08000330       0x30 c:/program files (x86)/atollic/truestudio for stm32 9.0.0/armtools/bin/../lib/gcc/arm-atollic-eabi/6.3.1/armv7e-m/fpu\libgcc.a(_aeabi_uldivmod.o)
                0x08000330                __aeabi_uldivmod
 .text          0x08000360      0x2dc c:/program files (x86)/atollic/truestudio for stm32 9.0.0/armtools/bin/../lib/gcc/arm-atollic-eabi/6.3.1/armv7e-m/fpu\libgcc.a(_udivmoddi4.o)
                0x08000360                __udivmoddi4
 .text          0x0800063c        0x4 c:/program files (x86)/atollic/truestudio for stm32 9.0.0/armtools/bin/../lib/gcc/arm-atollic-eabi/6.3.1/armv7e-m/fpu\libgcc.a(_dvmd_tls.o)
                0x0800063c                __aeabi_idiv0
                0x0800063c                __aeabi_ldiv0
 *(.text*)
 .text.HAL_Init
                0x08000640       0x44 Drivers\STM32F4xx_HAL_Driver\Src\stm32f4xx_hal.o
                0x08000640                HAL_Init
 .text.HAL_InitTick
                0x08000684       0x60 Drivers\STM32F4xx_HAL_Driver\Src\stm32f4xx_hal.o
                0x08000684                HAL_InitTick
 .text.HAL_IncTick
                0x080006e4       0x28 Drivers\STM32F4xx_HAL_Driver\Src\stm32f4xx_hal.o
                0x080006e4                HAL_IncTick
 .text.HAL_GetTick
                0x0800070c       0x18 Drivers\STM32F4xx_HAL_Driver\Src\stm32f4xx_hal.o
                0x0800070c                HAL_GetTick
 .text.__NVIC_SetPriorityGrouping
                0x08000724       0x48 Drivers\STM32F4xx_HAL_Driver\Src\stm32f4xx_hal_cortex.o
 .text.__NVIC_GetPriorityGrouping
                0x0800076c       0x1c Drivers\STM32F4xx_HAL_Driver\Src\stm32f4xx_hal_cortex.o
 .text.__NVIC_EnableIRQ
                0x08000788       0x3c Drivers\STM32F4xx_HAL_Driver\Src\stm32f4xx_hal_cortex.o
 .text.__NVIC_SetPriority
                0x080007c4       0x54 Drivers\STM32F4xx_HAL_Driver\Src\stm32f4xx_hal_cortex.o
 .text.NVIC_EncodePriority
                0x08000818       0x62 Drivers\STM32F4xx_HAL_Driver\Src\stm32f4xx_hal_cortex.o
 *fill*         0x0800087a        0x2 
 .text.SysTick_Config
                0x0800087c       0x44 Drivers\STM32F4xx_HAL_Driver\Src\stm32f4xx_hal_cortex.o
 .text.HAL_NVIC_SetPriorityGrouping
                0x080008c0       0x16 Drivers\STM32F4xx_HAL_Driver\Src\stm32f4xx_hal_cortex.o
                0x080008c0                HAL_NVIC_SetPriorityGrouping
 .text.HAL_NVIC_SetPriority
                0x080008d6       0x38 Drivers\STM32F4xx_HAL_Driver\Src\stm32f4xx_hal_cortex.o
                0x080008d6                HAL_NVIC_SetPriority
 .text.HAL_NVIC_EnableIRQ
                0x0800090e       0x1c Drivers\STM32F4xx_HAL_Driver\Src\stm32f4xx_hal_cortex.o
                0x0800090e                HAL_NVIC_EnableIRQ
 .text.HAL_SYSTICK_Config
                0x0800092a       0x18 Drivers\STM32F4xx_HAL_Driver\Src\stm32f4xx_hal_cortex.o
                0x0800092a                HAL_SYSTICK_Config
 *fill*         0x08000942        0x2 
 .text.HAL_SYSTICK_CLKSourceConfig
                0x08000944       0x38 Drivers\STM32F4xx_HAL_Driver\Src\stm32f4xx_hal_cortex.o
                0x08000944                HAL_SYSTICK_CLKSourceConfig
 .text.HAL_SYSTICK_IRQHandler
                0x0800097c        0xc Drivers\STM32F4xx_HAL_Driver\Src\stm32f4xx_hal_cortex.o
                0x0800097c                HAL_SYSTICK_IRQHandler
 .text.HAL_SYSTICK_Callback
                0x08000988        0xe Drivers\STM32F4xx_HAL_Driver\Src\stm32f4xx_hal_cortex.o
                0x08000988                HAL_SYSTICK_Callback
 *fill*         0x08000996        0x2 
 .text.HAL_RCC_OscConfig
                0x08000998      0x484 Drivers\STM32F4xx_HAL_Driver\Src\stm32f4xx_hal_rcc.o
                0x08000998                HAL_RCC_OscConfig
 .text.HAL_RCC_ClockConfig
                0x08000e1c      0x1c4 Drivers\STM32F4xx_HAL_Driver\Src\stm32f4xx_hal_rcc.o
                0x08000e1c                HAL_RCC_ClockConfig
 .text.HAL_RCC_GetSysClockFreq
                0x08000fe0      0x16c Drivers\STM32F4xx_HAL_Driver\Src\stm32f4xx_hal_rcc.o
                0x08000fe0                HAL_RCC_GetSysClockFreq
 .text.HAL_RCC_GetHCLKFreq
                0x0800114c       0x18 Drivers\STM32F4xx_HAL_Driver\Src\stm32f4xx_hal_rcc.o
                0x0800114c                HAL_RCC_GetHCLKFreq
 .text.HAL_TIM_Base_Init
                0x08001164       0x56 Drivers\STM32F4xx_HAL_Driver\Src\stm32f4xx_hal_tim.o
                0x08001164                HAL_TIM_Base_Init
 .text.HAL_TIM_Base_Start_IT
                0x080011ba       0x36 Drivers\STM32F4xx_HAL_Driver\Src\stm32f4xx_hal_tim.o
                0x080011ba                HAL_TIM_Base_Start_IT
 .text.HAL_TIM_IRQHandler
                0x080011f0      0x210 Drivers\STM32F4xx_HAL_Driver\Src\stm32f4xx_hal_tim.o
                0x080011f0                HAL_TIM_IRQHandler
 .text.HAL_TIM_ConfigClockSource
                0x08001400      0x1b6 Drivers\STM32F4xx_HAL_Driver\Src\stm32f4xx_hal_tim.o
                0x08001400                HAL_TIM_ConfigClockSource
 .text.HAL_TIM_OC_DelayElapsedCallback
                0x080015b6       0x14 Drivers\STM32F4xx_HAL_Driver\Src\stm32f4xx_hal_tim.o
                0x080015b6                HAL_TIM_OC_DelayElapsedCallback
 .text.HAL_TIM_IC_CaptureCallback
                0x080015ca       0x14 Drivers\STM32F4xx_HAL_Driver\Src\stm32f4xx_hal_tim.o
                0x080015ca                HAL_TIM_IC_CaptureCallback
 .text.HAL_TIM_PWM_PulseFinishedCallback
                0x080015de       0x14 Drivers\STM32F4xx_HAL_Driver\Src\stm32f4xx_hal_tim.o
                0x080015de                HAL_TIM_PWM_PulseFinishedCallback
 .text.HAL_TIM_TriggerCallback
                0x080015f2       0x14 Drivers\STM32F4xx_HAL_Driver\Src\stm32f4xx_hal_tim.o
                0x080015f2                HAL_TIM_TriggerCallback
 *fill*         0x08001606        0x2 
 .text.TIM_Base_SetConfig
                0x08001608      0x154 Drivers\STM32F4xx_HAL_Driver\Src\stm32f4xx_hal_tim.o
                0x08001608                TIM_Base_SetConfig
 .text.TIM_TI1_ConfigInputStage
                0x0800175c       0x66 Drivers\STM32F4xx_HAL_Driver\Src\stm32f4xx_hal_tim.o
 .text.TIM_TI2_ConfigInputStage
                0x080017c2       0x68 Drivers\STM32F4xx_HAL_Driver\Src\stm32f4xx_hal_tim.o
 .text.TIM_ITRx_SetConfig
                0x0800182a       0x40 Drivers\STM32F4xx_HAL_Driver\Src\stm32f4xx_hal_tim.o
 .text.TIM_ETR_SetConfig
                0x0800186a       0x44 Drivers\STM32F4xx_HAL_Driver\Src\stm32f4xx_hal_tim.o
 .text.HAL_TIMEx_MasterConfigSynchronization
                0x080018ae       0x8a Drivers\STM32F4xx_HAL_Driver\Src\stm32f4xx_hal_tim_ex.o
                0x080018ae                HAL_TIMEx_MasterConfigSynchronization
 .text.HAL_TIMEx_CommutationCallback
                0x08001938       0x14 Drivers\STM32F4xx_HAL_Driver\Src\stm32f4xx_hal_tim_ex.o
                0x08001938                HAL_TIMEx_CommutationCallback
 .text.HAL_TIMEx_BreakCallback
                0x0800194c       0x14 Drivers\STM32F4xx_HAL_Driver\Src\stm32f4xx_hal_tim_ex.o
                0x0800194c                HAL_TIMEx_BreakCallback
 .text.MX_GPIO_Init
                0x08001960       0x6c Src\gpio.o
                0x08001960                MX_GPIO_Init
 .text.ITM_SendChar
                0x080019cc       0x4e Src\main.o
 .text._write   0x08001a1a       0x38 Src\main.o
                0x08001a1a                _write
 *fill*         0x08001a52        0x2 
 .text.main     0x08001a54       0x50 Src\main.o
                0x08001a54                main
 .text.SystemClock_Config
                0x08001aa4       0xf0 Src\main.o
                0x08001aa4                SystemClock_Config
 .text.HAL_TIM_PeriodElapsedCallback
                0x08001b94       0x40 Src\main.o
                0x08001b94                HAL_TIM_PeriodElapsedCallback
 .text._Error_Handler
                0x08001bd4        0xc Src\main.o
                0x08001bd4                _Error_Handler
 .text.HAL_MspInit
                0x08001be0       0x62 Src\stm32f4xx_hal_msp.o
                0x08001be0                HAL_MspInit
 .text.NMI_Handler
                0x08001c42        0xe Src\stm32f4xx_it.o
                0x08001c42                NMI_Handler
 .text.HardFault_Handler
                0x08001c50        0x6 Src\stm32f4xx_it.o
                0x08001c50                HardFault_Handler
 .text.MemManage_Handler
                0x08001c56        0x6 Src\stm32f4xx_it.o
                0x08001c56                MemManage_Handler
 .text.BusFault_Handler
                0x08001c5c        0x6 Src\stm32f4xx_it.o
                0x08001c5c                BusFault_Handler
 .text.UsageFault_Handler
                0x08001c62        0x6 Src\stm32f4xx_it.o
                0x08001c62                UsageFault_Handler
 .text.SVC_Handler
                0x08001c68        0xe Src\stm32f4xx_it.o
                0x08001c68                SVC_Handler
 .text.DebugMon_Handler
                0x08001c76        0xe Src\stm32f4xx_it.o
                0x08001c76                DebugMon_Handler
 .text.PendSV_Handler
                0x08001c84        0xe Src\stm32f4xx_it.o
                0x08001c84                PendSV_Handler
 .text.SysTick_Handler
                0x08001c92       0x10 Src\stm32f4xx_it.o
                0x08001c92                SysTick_Handler
 *fill*         0x08001ca2        0x2 
 .text.TIM2_IRQHandler
                0x08001ca4       0x14 Src\stm32f4xx_it.o
                0x08001ca4                TIM2_IRQHandler
 .text.SystemInit
                0x08001cb8       0x6c Src\system_stm32f4xx.o
                0x08001cb8                SystemInit
 .text.MX_TIM2_Init
                0x08001d24       0x90 Src\tim.o
                0x08001d24                MX_TIM2_Init
 .text.HAL_TIM_Base_MspInit
                0x08001db4       0x4c Src\tim.o
                0x08001db4                HAL_TIM_Base_MspInit
 .text.Reset_Handler
                0x08001e00       0x50 startup\startup_stm32f405xx.o
                0x08001e00                Reset_Handler
 .text.Default_Handler
                0x08001e50        0x2 startup\startup_stm32f405xx.o
                0x08001e50                RTC_Alarm_IRQHandler
                0x08001e50                HASH_RNG_IRQHandler
                0x08001e50                EXTI2_IRQHandler
                0x08001e50                TIM8_CC_IRQHandler
                0x08001e50                TIM1_CC_IRQHandler
                0x08001e50                DMA2_Stream5_IRQHandler
                0x08001e50                DMA1_Stream5_IRQHandler
                0x08001e50                PVD_IRQHandler
                0x08001e50                SDIO_IRQHandler
                0x08001e50                TAMP_STAMP_IRQHandler
                0x08001e50                CAN2_RX1_IRQHandler
                0x08001e50                EXTI3_IRQHandler
                0x08001e50                TIM8_TRG_COM_TIM14_IRQHandler
                0x08001e50                TIM1_UP_TIM10_IRQHandler
                0x08001e50                TIM8_UP_TIM13_IRQHandler
                0x08001e50                I2C3_ER_IRQHandler
                0x08001e50                EXTI0_IRQHandler
                0x08001e50                I2C2_EV_IRQHandler
                0x08001e50                DMA1_Stream2_IRQHandler
                0x08001e50                CAN1_RX0_IRQHandler
                0x08001e50                FPU_IRQHandler
                0x08001e50                OTG_HS_WKUP_IRQHandler
                0x08001e50                CAN2_SCE_IRQHandler
                0x08001e50                DMA2_Stream2_IRQHandler
                0x08001e50                SPI1_IRQHandler
                0x08001e50                TIM6_DAC_IRQHandler
                0x08001e50                TIM1_BRK_TIM9_IRQHandler
                0x08001e50                CAN2_RX0_IRQHandler
                0x08001e50                DMA2_Stream3_IRQHandler
                0x08001e50                USART6_IRQHandler
                0x08001e50                USART3_IRQHandler
                0x08001e50                CAN1_RX1_IRQHandler
                0x08001e50                UART5_IRQHandler
                0x08001e50                DMA2_Stream0_IRQHandler
                0x08001e50                TIM4_IRQHandler
                0x08001e50                I2C1_EV_IRQHandler
                0x08001e50                DMA1_Stream6_IRQHandler
                0x08001e50                DMA1_Stream1_IRQHandler
                0x08001e50                UART4_IRQHandler
                0x08001e50                TIM3_IRQHandler
                0x08001e50                RCC_IRQHandler
                0x08001e50                TIM8_BRK_TIM12_IRQHandler
                0x08001e50                Default_Handler
                0x08001e50                EXTI15_10_IRQHandler
                0x08001e50                ADC_IRQHandler
                0x08001e50                DMA1_Stream7_IRQHandler
                0x08001e50                TIM7_IRQHandler
                0x08001e50                CAN2_TX_IRQHandler
                0x08001e50                TIM5_IRQHandler
                0x08001e50                DMA2_Stream7_IRQHandler
                0x08001e50                I2C3_EV_IRQHandler
                0x08001e50                EXTI9_5_IRQHandler
                0x08001e50                RTC_WKUP_IRQHandler
                0x08001e50                SPI2_IRQHandler
                0x08001e50                OTG_HS_EP1_IN_IRQHandler
                0x08001e50                DMA1_Stream0_IRQHandler
                0x08001e50                CAN1_TX_IRQHandler
                0x08001e50                EXTI4_IRQHandler
                0x08001e50                FSMC_IRQHandler
                0x08001e50                OTG_HS_EP1_OUT_IRQHandler
                0x08001e50                WWDG_IRQHandler
                0x08001e50                OTG_FS_WKUP_IRQHandler
                0x08001e50                TIM1_TRG_COM_TIM11_IRQHandler
                0x08001e50                OTG_HS_IRQHandler
                0x08001e50                EXTI1_IRQHandler
                0x08001e50                USART2_IRQHandler
                0x08001e50                I2C2_ER_IRQHandler
                0x08001e50                DMA2_Stream1_IRQHandler
                0x08001e50                CAN1_SCE_IRQHandler
                0x08001e50                FLASH_IRQHandler
                0x08001e50                DMA2_Stream4_IRQHandler
                0x08001e50                USART1_IRQHandler
                0x08001e50                OTG_FS_IRQHandler
                0x08001e50                SPI3_IRQHandler
                0x08001e50                DMA1_Stream4_IRQHandler
                0x08001e50                I2C1_ER_IRQHandler
                0x08001e50                DMA2_Stream6_IRQHandler
                0x08001e50                DMA1_Stream3_IRQHandler
 *fill*         0x08001e52        0x2 
 .text.arm_cfft_radix8by2_f32
                0x08001e54      0x1a0 E:/Program Files (x86)/Atollic CMSIS PACKS/ARM/CMSIS/5.3.0/CMSIS/Lib/GCC\libarm_cortexM4lf_math.a(arm_cfft_f32.o)
                0x08001e54                arm_cfft_radix8by2_f32
 .text.arm_cfft_radix8by4_f32
                0x08001ff4      0x4bc E:/Program Files (x86)/Atollic CMSIS PACKS/ARM/CMSIS/5.3.0/CMSIS/Lib/GCC\libarm_cortexM4lf_math.a(arm_cfft_f32.o)
                0x08001ff4                arm_cfft_radix8by4_f32
 .text.arm_cfft_f32
                0x080024b0       0xf4 E:/Program Files (x86)/Atollic CMSIS PACKS/ARM/CMSIS/5.3.0/CMSIS/Lib/GCC\libarm_cortexM4lf_math.a(arm_cfft_f32.o)
                0x080024b0                arm_cfft_f32
 .text.arm_radix8_butterfly_f32
                0x080025a4      0x5e4 E:/Program Files (x86)/Atollic CMSIS PACKS/ARM/CMSIS/5.3.0/CMSIS/Lib/GCC\libarm_cortexM4lf_math.a(arm_cfft_radix8_f32.o)
                0x080025a4                arm_radix8_butterfly_f32
 .text.__libc_init_array
                0x08002b88       0x48 c:/program files (x86)/atollic/truestudio for stm32 9.0.0/armtools/bin/../lib/gcc/arm-atollic-eabi/6.3.1/../../../../arm-atollic-eabi/lib/armv7e-m/fpu\libc_nano.a(lib_a-init.o)
                0x08002b88                __libc_init_array
 .text.printf   0x08002bd0       0x30 c:/program files (x86)/atollic/truestudio for stm32 9.0.0/armtools/bin/../lib/gcc/arm-atollic-eabi/6.3.1/../../../../arm-atollic-eabi/lib/armv7e-m/fpu\libc_nano.a(lib_a-printf.o)
                0x08002bd0                iprintf
                0x08002bd0                printf
 .text._cleanup_r
                0x08002c00        0xc c:/program files (x86)/atollic/truestudio for stm32 9.0.0/armtools/bin/../lib/gcc/arm-atollic-eabi/6.3.1/../../../../arm-atollic-eabi/lib/armv7e-m/fpu\libc_nano.a(lib_a-findfp.o)
                0x08002c00                _cleanup_r
 .text.std.isra.0
                0x08002c0c       0x48 c:/program files (x86)/atollic/truestudio for stm32 9.0.0/armtools/bin/../lib/gcc/arm-atollic-eabi/6.3.1/../../../../arm-atollic-eabi/lib/armv7e-m/fpu\libc_nano.a(lib_a-findfp.o)
 .text.__sfmoreglue
                0x08002c54       0x2c c:/program files (x86)/atollic/truestudio for stm32 9.0.0/armtools/bin/../lib/gcc/arm-atollic-eabi/6.3.1/../../../../arm-atollic-eabi/lib/armv7e-m/fpu\libc_nano.a(lib_a-findfp.o)
                0x08002c54                __sfmoreglue
 .text.__sinit  0x08002c80       0x60 c:/program files (x86)/atollic/truestudio for stm32 9.0.0/armtools/bin/../lib/gcc/arm-atollic-eabi/6.3.1/../../../../arm-atollic-eabi/lib/armv7e-m/fpu\libc_nano.a(lib_a-findfp.o)
                0x08002c80                __sinit
 .text.__sfp    0x08002ce0       0x78 c:/program files (x86)/atollic/truestudio for stm32 9.0.0/armtools/bin/../lib/gcc/arm-atollic-eabi/6.3.1/../../../../arm-atollic-eabi/lib/armv7e-m/fpu\libc_nano.a(lib_a-findfp.o)
                0x08002ce0                __sfp
 .text._fwalk_reent
                0x08002d58       0x3c c:/program files (x86)/atollic/truestudio for stm32 9.0.0/armtools/bin/../lib/gcc/arm-atollic-eabi/6.3.1/../../../../arm-atollic-eabi/lib/armv7e-m/fpu\libc_nano.a(lib_a-fwalk.o)
                0x08002d58                _fwalk_reent
 .text.memset   0x08002d94       0x10 c:/program files (x86)/atollic/truestudio for stm32 9.0.0/armtools/bin/../lib/gcc/arm-atollic-eabi/6.3.1/../../../../arm-atollic-eabi/lib/armv7e-m/fpu\libc_nano.a(lib_a-memset.o)
                0x08002d94                memset
 .text._malloc_r
                0x08002da4       0xbc c:/program files (x86)/atollic/truestudio for stm32 9.0.0/armtools/bin/../lib/gcc/arm-atollic-eabi/6.3.1/../../../../arm-atollic-eabi/lib/armv7e-m/fpu\libc_nano.a(lib_a-nano-mallocr.o)
                0x08002da4                _malloc_r
 .text.__sfputc_r
                0x08002e60       0x30 c:/program files (x86)/atollic/truestudio for stm32 9.0.0/armtools/bin/../lib/gcc/arm-atollic-eabi/6.3.1/../../../../arm-atollic-eabi/lib/armv7e-m/fpu\libc_nano.a(lib_a-nano-vfprintf.o)
 .text.__sfputs_r
                0x08002e90       0x24 c:/program files (x86)/atollic/truestudio for stm32 9.0.0/armtools/bin/../lib/gcc/arm-atollic-eabi/6.3.1/../../../../arm-atollic-eabi/lib/armv7e-m/fpu\libc_nano.a(lib_a-nano-vfprintf.o)
                0x08002e90                __sfputs_r
 .text._vfprintf_r
                0x08002eb4      0x22c c:/program files (x86)/atollic/truestudio for stm32 9.0.0/armtools/bin/../lib/gcc/arm-atollic-eabi/6.3.1/../../../../arm-atollic-eabi/lib/armv7e-m/fpu\libc_nano.a(lib_a-nano-vfprintf.o)
                0x08002eb4                _vfprintf_r
                0x08002eb4                _vfiprintf_r
 .text._printf_common
                0x080030e0       0xec c:/program files (x86)/atollic/truestudio for stm32 9.0.0/armtools/bin/../lib/gcc/arm-atollic-eabi/6.3.1/../../../../arm-atollic-eabi/lib/armv7e-m/fpu\libc_nano.a(lib_a-nano-vfprintf_i.o)
                0x080030e0                _printf_common
 .text._printf_i
                0x080031cc      0x240 c:/program files (x86)/atollic/truestudio for stm32 9.0.0/armtools/bin/../lib/gcc/arm-atollic-eabi/6.3.1/../../../../arm-atollic-eabi/lib/armv7e-m/fpu\libc_nano.a(lib_a-nano-vfprintf_i.o)
                0x080031cc                _printf_i
 .text._sbrk_r  0x0800340c       0x20 c:/program files (x86)/atollic/truestudio for stm32 9.0.0/armtools/bin/../lib/gcc/arm-atollic-eabi/6.3.1/../../../../arm-atollic-eabi/lib/armv7e-m/fpu\libc_nano.a(lib_a-sbrkr.o)
                0x0800340c                _sbrk_r
 .text.__sread  0x0800342c       0x22 c:/program files (x86)/atollic/truestudio for stm32 9.0.0/armtools/bin/../lib/gcc/arm-atollic-eabi/6.3.1/../../../../arm-atollic-eabi/lib/armv7e-m/fpu\libc_nano.a(lib_a-stdio.o)
                0x0800342c                __sread
 .text.__swrite
                0x0800344e       0x38 c:/program files (x86)/atollic/truestudio for stm32 9.0.0/armtools/bin/../lib/gcc/arm-atollic-eabi/6.3.1/../../../../arm-atollic-eabi/lib/armv7e-m/fpu\libc_nano.a(lib_a-stdio.o)
                0x0800344e                __swrite
 .text.__sseek  0x08003486       0x24 c:/program files (x86)/atollic/truestudio for stm32 9.0.0/armtools/bin/../lib/gcc/arm-atollic-eabi/6.3.1/../../../../arm-atollic-eabi/lib/armv7e-m/fpu\libc_nano.a(lib_a-stdio.o)
                0x08003486                __sseek
 .text.__sclose
                0x080034aa        0x8 c:/program files (x86)/atollic/truestudio for stm32 9.0.0/armtools/bin/../lib/gcc/arm-atollic-eabi/6.3.1/../../../../arm-atollic-eabi/lib/armv7e-m/fpu\libc_nano.a(lib_a-stdio.o)
                0x080034aa                __sclose
 *fill*         0x080034b2        0x2 
 .text.__swbuf_r
                0x080034b4       0xa4 c:/program files (x86)/atollic/truestudio for stm32 9.0.0/armtools/bin/../lib/gcc/arm-atollic-eabi/6.3.1/../../../../arm-atollic-eabi/lib/armv7e-m/fpu\libc_nano.a(lib_a-wbuf.o)
                0x080034b4                __swbuf_r
 .text._write_r
                0x08003558       0x24 c:/program files (x86)/atollic/truestudio for stm32 9.0.0/armtools/bin/../lib/gcc/arm-atollic-eabi/6.3.1/../../../../arm-atollic-eabi/lib/armv7e-m/fpu\libc_nano.a(lib_a-writer.o)
                0x08003558                _write_r
 .text.__swsetup_r
                0x0800357c       0xdc c:/program files (x86)/atollic/truestudio for stm32 9.0.0/armtools/bin/../lib/gcc/arm-atollic-eabi/6.3.1/../../../../arm-atollic-eabi/lib/armv7e-m/fpu\libc_nano.a(lib_a-wsetup.o)
                0x0800357c                __swsetup_r
 .text._close_r
                0x08003658       0x20 c:/program files (x86)/atollic/truestudio for stm32 9.0.0/armtools/bin/../lib/gcc/arm-atollic-eabi/6.3.1/../../../../arm-atollic-eabi/lib/armv7e-m/fpu\libc_nano.a(lib_a-closer.o)
                0x08003658                _close_r
 .text.__sflush_r
                0x08003678      0x110 c:/program files (x86)/atollic/truestudio for stm32 9.0.0/armtools/bin/../lib/gcc/arm-atollic-eabi/6.3.1/../../../../arm-atollic-eabi/lib/armv7e-m/fpu\libc_nano.a(lib_a-fflush.o)
                0x08003678                __sflush_r
 .text._fflush_r
                0x08003788       0x54 c:/program files (x86)/atollic/truestudio for stm32 9.0.0/armtools/bin/../lib/gcc/arm-atollic-eabi/6.3.1/../../../../arm-atollic-eabi/lib/armv7e-m/fpu\libc_nano.a(lib_a-fflush.o)
                0x08003788                _fflush_r
 .text._lseek_r
                0x080037dc       0x24 c:/program files (x86)/atollic/truestudio for stm32 9.0.0/armtools/bin/../lib/gcc/arm-atollic-eabi/6.3.1/../../../../arm-atollic-eabi/lib/armv7e-m/fpu\libc_nano.a(lib_a-lseekr.o)
                0x080037dc                _lseek_r
 .text.__swhatbuf_r
                0x08003800       0x48 c:/program files (x86)/atollic/truestudio for stm32 9.0.0/armtools/bin/../lib/gcc/arm-atollic-eabi/6.3.1/../../../../arm-atollic-eabi/lib/armv7e-m/fpu\libc_nano.a(lib_a-makebuf.o)
                0x08003800                __swhatbuf_r
 .text.__smakebuf_r
                0x08003848       0x80 c:/program files (x86)/atollic/truestudio for stm32 9.0.0/armtools/bin/../lib/gcc/arm-atollic-eabi/6.3.1/../../../../arm-atollic-eabi/lib/armv7e-m/fpu\libc_nano.a(lib_a-makebuf.o)
                0x08003848                __smakebuf_r
 .text.__malloc_lock
                0x080038c8        0x2 c:/program files (x86)/atollic/truestudio for stm32 9.0.0/armtools/bin/../lib/gcc/arm-atollic-eabi/6.3.1/../../../../arm-atollic-eabi/lib/armv7e-m/fpu\libc_nano.a(lib_a-mlock.o)
                0x080038c8                __malloc_lock
 .text.__malloc_unlock
                0x080038ca        0x2 c:/program files (x86)/atollic/truestudio for stm32 9.0.0/armtools/bin/../lib/gcc/arm-atollic-eabi/6.3.1/../../../../arm-atollic-eabi/lib/armv7e-m/fpu\libc_nano.a(lib_a-mlock.o)
                0x080038ca                __malloc_unlock
 .text._free_r  0x080038cc       0x9c c:/program files (x86)/atollic/truestudio for stm32 9.0.0/armtools/bin/../lib/gcc/arm-atollic-eabi/6.3.1/../../../../arm-atollic-eabi/lib/armv7e-m/fpu\libc_nano.a(lib_a-nano-freer.o)
                0x080038cc                _free_r
 .text._read_r  0x08003968       0x24 c:/program files (x86)/atollic/truestudio for stm32 9.0.0/armtools/bin/../lib/gcc/arm-atollic-eabi/6.3.1/../../../../arm-atollic-eabi/lib/armv7e-m/fpu\libc_nano.a(lib_a-readr.o)
                0x08003968                _read_r
 .text._fstat_r
                0x0800398c       0x24 c:/program files (x86)/atollic/truestudio for stm32 9.0.0/armtools/bin/../lib/gcc/arm-atollic-eabi/6.3.1/../../../../arm-atollic-eabi/lib/armv7e-m/fpu\libc_nano.a(lib_a-fstatr.o)
                0x0800398c                _fstat_r
 .text._isatty_r
                0x080039b0       0x20 c:/program files (x86)/atollic/truestudio for stm32 9.0.0/armtools/bin/../lib/gcc/arm-atollic-eabi/6.3.1/../../../../arm-atollic-eabi/lib/armv7e-m/fpu\libc_nano.a(lib_a-isattyr.o)
                0x080039b0                _isatty_r
 .text._close   0x080039d0       0x10 c:/program files (x86)/atollic/truestudio for stm32 9.0.0/armtools/bin/../lib/gcc/arm-atollic-eabi/6.3.1/../../../../arm-atollic-eabi/lib/armv7e-m/fpu\libnosys.a(close.o)
                0x080039d0                _close
 .text._fstat   0x080039e0       0x10 c:/program files (x86)/atollic/truestudio for stm32 9.0.0/armtools/bin/../lib/gcc/arm-atollic-eabi/6.3.1/../../../../arm-atollic-eabi/lib/armv7e-m/fpu\libnosys.a(fstat.o)
                0x080039e0                _fstat
 .text._isatty  0x080039f0       0x10 c:/program files (x86)/atollic/truestudio for stm32 9.0.0/armtools/bin/../lib/gcc/arm-atollic-eabi/6.3.1/../../../../arm-atollic-eabi/lib/armv7e-m/fpu\libnosys.a(isatty.o)
                0x080039f0                _isatty
 .text._lseek   0x08003a00       0x10 c:/program files (x86)/atollic/truestudio for stm32 9.0.0/armtools/bin/../lib/gcc/arm-atollic-eabi/6.3.1/../../../../arm-atollic-eabi/lib/armv7e-m/fpu\libnosys.a(lseek.o)
                0x08003a00                _lseek
 .text._read    0x08003a10       0x10 c:/program files (x86)/atollic/truestudio for stm32 9.0.0/armtools/bin/../lib/gcc/arm-atollic-eabi/6.3.1/../../../../arm-atollic-eabi/lib/armv7e-m/fpu\libnosys.a(read.o)
                0x08003a10                _read
 .text._sbrk    0x08003a20       0x1c c:/program files (x86)/atollic/truestudio for stm32 9.0.0/armtools/bin/../lib/gcc/arm-atollic-eabi/6.3.1/../../../../arm-atollic-eabi/lib/armv7e-m/fpu\libnosys.a(sbrk.o)
                0x08003a20                _sbrk
 *(.glue_7)
 .glue_7        0x08003a3c        0x0 linker stubs
 *(.glue_7t)
 .glue_7t       0x08003a3c        0x0 linker stubs
 *(.eh_frame)
 .eh_frame      0x08003a3c        0x0 c:/program files (x86)/atollic/truestudio for stm32 9.0.0/armtools/bin/../lib/gcc/arm-atollic-eabi/6.3.1/armv7e-m/fpu/crtbegin.o
 *(.init)
 .init          0x08003a3c        0x4 c:/program files (x86)/atollic/truestudio for stm32 9.0.0/armtools/bin/../lib/gcc/arm-atollic-eabi/6.3.1/armv7e-m/fpu/crti.o
                0x08003a3c                _init
 .init          0x08003a40        0x8 c:/program files (x86)/atollic/truestudio for stm32 9.0.0/armtools/bin/../lib/gcc/arm-atollic-eabi/6.3.1/armv7e-m/fpu/crtn.o
 *(.fini)
 .fini          0x08003a48        0x4 c:/program files (x86)/atollic/truestudio for stm32 9.0.0/armtools/bin/../lib/gcc/arm-atollic-eabi/6.3.1/armv7e-m/fpu/crti.o
                0x08003a48                _fini
 .fini          0x08003a4c        0x8 c:/program files (x86)/atollic/truestudio for stm32 9.0.0/armtools/bin/../lib/gcc/arm-atollic-eabi/6.3.1/armv7e-m/fpu/crtn.o
                0x08003a54                . = ALIGN (0x4)
                0x08003a54                _etext = .

.vfp11_veneer   0x08003a54        0x0
 .vfp11_veneer  0x08003a54        0x0 linker stubs

.v4_bx          0x08003a54        0x0
 .v4_bx         0x08003a54        0x0 linker stubs

.iplt           0x08003a54        0x0
 .iplt          0x08003a54        0x0 c:/program files (x86)/atollic/truestudio for stm32 9.0.0/armtools/bin/../lib/gcc/arm-atollic-eabi/6.3.1/armv7e-m/fpu/crtbegin.o

.rodata         0x08003a54     0x2ef8
                0x08003a54                . = ALIGN (0x4)
 *(.rodata)
 .rodata        0x08003a54       0x1d Src\main.o
 *fill*         0x08003a71        0x3 
 .rodata        0x08003a74        0xd Src\tim.o
 *(.rodata*)
 *fill*         0x08003a81        0x3 
 .rodata.AHBPrescTable
                0x08003a84       0x10 Src\system_stm32f4xx.o
                0x08003a84                AHBPrescTable
 .rodata.arm_cfft_sR_f32_len1024
                0x08003a94       0x10 E:/Program Files (x86)/Atollic CMSIS PACKS/ARM/CMSIS/5.3.0/CMSIS/Lib/GCC\libarm_cortexM4lf_math.a(arm_const_structs.o)
                0x08003a94                arm_cfft_sR_f32_len1024
 .rodata.twiddleCoef_1024
                0x08003aa4     0x2000 E:/Program Files (x86)/Atollic CMSIS PACKS/ARM/CMSIS/5.3.0/CMSIS/Lib/GCC\libarm_cortexM4lf_math.a(arm_common_tables.o)
                0x08003aa4                twiddleCoef_1024
 .rodata.armBitRevIndexTable1024
                0x08005aa4      0xe10 E:/Program Files (x86)/Atollic CMSIS PACKS/ARM/CMSIS/5.3.0/CMSIS/Lib/GCC\libarm_cortexM4lf_math.a(arm_common_tables.o)
                0x08005aa4                armBitRevIndexTable1024
 .rodata.__sf_fake_stderr
                0x080068b4       0x20 c:/program files (x86)/atollic/truestudio for stm32 9.0.0/armtools/bin/../lib/gcc/arm-atollic-eabi/6.3.1/../../../../arm-atollic-eabi/lib/armv7e-m/fpu\libc_nano.a(lib_a-findfp.o)
                0x080068b4                __sf_fake_stderr
 .rodata.__sf_fake_stdin
                0x080068d4       0x20 c:/program files (x86)/atollic/truestudio for stm32 9.0.0/armtools/bin/../lib/gcc/arm-atollic-eabi/6.3.1/../../../../arm-atollic-eabi/lib/armv7e-m/fpu\libc_nano.a(lib_a-findfp.o)
                0x080068d4                __sf_fake_stdin
 .rodata.__sf_fake_stdout
                0x080068f4       0x20 c:/program files (x86)/atollic/truestudio for stm32 9.0.0/armtools/bin/../lib/gcc/arm-atollic-eabi/6.3.1/../../../../arm-atollic-eabi/lib/armv7e-m/fpu\libc_nano.a(lib_a-findfp.o)
                0x080068f4                __sf_fake_stdout
 .rodata._global_impure_ptr
                0x08006914        0x4 c:/program files (x86)/atollic/truestudio for stm32 9.0.0/armtools/bin/../lib/gcc/arm-atollic-eabi/6.3.1/../../../../arm-atollic-eabi/lib/armv7e-m/fpu\libc_nano.a(lib_a-impure.o)
                0x08006914                _global_impure_ptr
 .rodata._vfprintf_r.str1.1
                0x08006918       0x11 c:/program files (x86)/atollic/truestudio for stm32 9.0.0/armtools/bin/../lib/gcc/arm-atollic-eabi/6.3.1/../../../../arm-atollic-eabi/lib/armv7e-m/fpu\libc_nano.a(lib_a-nano-vfprintf.o)
 .rodata._printf_i.str1.1
                0x08006929       0x22 c:/program files (x86)/atollic/truestudio for stm32 9.0.0/armtools/bin/../lib/gcc/arm-atollic-eabi/6.3.1/../../../../arm-atollic-eabi/lib/armv7e-m/fpu\libc_nano.a(lib_a-nano-vfprintf_i.o)
                0x0800694c                . = ALIGN (0x4)
 *fill*         0x0800694b        0x1 

.ARM.extab
 *(.ARM.extab* .gnu.linkonce.armextab.*)

.ARM            0x0800694c        0x8
                0x0800694c                __exidx_start = .
 *(.ARM.exidx*)
 .ARM.exidx     0x0800694c        0x8 c:/program files (x86)/atollic/truestudio for stm32 9.0.0/armtools/bin/../lib/gcc/arm-atollic-eabi/6.3.1/armv7e-m/fpu\libgcc.a(_udivmoddi4.o)
                0x08006954                __exidx_end = .

.rel.dyn        0x08006954        0x0
 .rel.iplt      0x08006954        0x0 c:/program files (x86)/atollic/truestudio for stm32 9.0.0/armtools/bin/../lib/gcc/arm-atollic-eabi/6.3.1/armv7e-m/fpu/crtbegin.o

.preinit_array  0x08006954        0x0
                0x08006954                PROVIDE (__preinit_array_start, .)
 *(.preinit_array*)
                0x08006954                PROVIDE (__preinit_array_end, .)

.init_array     0x08006954        0x4
                0x08006954                PROVIDE (__init_array_start, .)
 *(SORT(.init_array.*))
 *(.init_array*)
 .init_array    0x08006954        0x4 c:/program files (x86)/atollic/truestudio for stm32 9.0.0/armtools/bin/../lib/gcc/arm-atollic-eabi/6.3.1/armv7e-m/fpu/crtbegin.o
                0x08006958                PROVIDE (__init_array_end, .)

.fini_array     0x08006958        0x4
                [!provide]                PROVIDE (__fini_array_start, .)
 *(SORT(.fini_array.*))
 *(.fini_array*)
 .fini_array    0x08006958        0x4 c:/program files (x86)/atollic/truestudio for stm32 9.0.0/armtools/bin/../lib/gcc/arm-atollic-eabi/6.3.1/armv7e-m/fpu/crtbegin.o
                [!provide]                PROVIDE (__fini_array_end, .)
                0x0800695c                _sidata = LOADADDR (.data)

.data           0x20000000     0x2070 load address 0x0800695c
                0x20000000                . = ALIGN (0x4)
                0x20000000                _sdata = .
 *(.data)
 *(.data*)
 .data.uwTickPrio
                0x20000000        0x4 Drivers\STM32F4xx_HAL_Driver\Src\stm32f4xx_hal.o
                0x20000000                uwTickPrio
 .data.uwTickFreq
                0x20000004        0x1 Drivers\STM32F4xx_HAL_Driver\Src\stm32f4xx_hal.o
                0x20000004                uwTickFreq
 *fill*         0x20000005        0x3 
 .data.testInput_f32_10khz
                0x20000008     0x2000 Src\main.o
                0x20000008                testInput_f32_10khz
 .data.SystemCoreClock
                0x20002008        0x4 Src\system_stm32f4xx.o
                0x20002008                SystemCoreClock
 .data._impure_ptr
                0x2000200c        0x4 c:/program files (x86)/atollic/truestudio for stm32 9.0.0/armtools/bin/../lib/gcc/arm-atollic-eabi/6.3.1/../../../../arm-atollic-eabi/lib/armv7e-m/fpu\libc_nano.a(lib_a-impure.o)
                0x2000200c                _impure_ptr
 .data.impure_data
                0x20002010       0x60 c:/program files (x86)/atollic/truestudio for stm32 9.0.0/armtools/bin/../lib/gcc/arm-atollic-eabi/6.3.1/../../../../arm-atollic-eabi/lib/armv7e-m/fpu\libc_nano.a(lib_a-impure.o)
                0x20002070                . = ALIGN (0x4)
                0x20002070                _edata = .
                0x080089cc                _siccmram = LOADADDR (.ccmram)

.igot.plt       0x20002070        0x0 load address 0x080089cc
 .igot.plt      0x20002070        0x0 c:/program files (x86)/atollic/truestudio for stm32 9.0.0/armtools/bin/../lib/gcc/arm-atollic-eabi/6.3.1/armv7e-m/fpu/crtbegin.o

.ccmram         0x10000000        0x0 load address 0x080089cc
                0x10000000                . = ALIGN (0x4)
                0x10000000                _sccmram = .
 *(.ccmram)
 *(.ccmram*)
                0x10000000                . = ALIGN (0x4)
                0x10000000                _eccmram = .
                0x10000000                . = ALIGN (0x4)

.bss            0x20002070       0x74
                0x20002070                _sbss = .
                0x20002070                __bss_start__ = _sbss
 *(.bss)
 .bss           0x20002070       0x1c c:/program files (x86)/atollic/truestudio for stm32 9.0.0/armtools/bin/../lib/gcc/arm-atollic-eabi/6.3.1/armv7e-m/fpu/crtbegin.o
 *(.bss*)
 .bss.__malloc_free_list
                0x2000208c        0x4 c:/program files (x86)/atollic/truestudio for stm32 9.0.0/armtools/bin/../lib/gcc/arm-atollic-eabi/6.3.1/../../../../arm-atollic-eabi/lib/armv7e-m/fpu\libc_nano.a(lib_a-nano-mallocr.o)
                0x2000208c                __malloc_free_list
 .bss.__malloc_sbrk_start
                0x20002090        0x4 c:/program files (x86)/atollic/truestudio for stm32 9.0.0/armtools/bin/../lib/gcc/arm-atollic-eabi/6.3.1/../../../../arm-atollic-eabi/lib/armv7e-m/fpu\libc_nano.a(lib_a-nano-mallocr.o)
                0x20002090                __malloc_sbrk_start
 .bss.heap_end.5239
                0x20002094        0x4 c:/program files (x86)/atollic/truestudio for stm32 9.0.0/armtools/bin/../lib/gcc/arm-atollic-eabi/6.3.1/../../../../arm-atollic-eabi/lib/armv7e-m/fpu\libnosys.a(sbrk.o)
 *(COMMON)
 COMMON         0x20002098        0x4 Drivers\STM32F4xx_HAL_Driver\Src\stm32f4xx_hal.o
                0x20002098                uwTick
 COMMON         0x2000209c        0x8 Src\main.o
                0x2000209c                FFT_result
                0x200020a0                FFT_old
 COMMON         0x200020a4       0x3c Src\tim.o
                0x200020a4                htim2
 COMMON         0x200020e0        0x4 c:/program files (x86)/atollic/truestudio for stm32 9.0.0/armtools/bin/../lib/gcc/arm-atollic-eabi/6.3.1/../../../../arm-atollic-eabi/lib/armv7e-m/fpu\libc_nano.a(lib_a-reent.o)
                0x200020e0                errno
                0x200020e4                . = ALIGN (0x4)
                0x200020e4                _ebss = .
                0x200020e4                __bss_end__ = _ebss

._user_heap_stack
                0x200020e4      0x600
                0x200020e4                . = ALIGN (0x4)
                0x200020e4                PROVIDE (end, .)
                [!provide]                PROVIDE (_end, .)
                0x200022e4                . = (. + _Min_Heap_Size)
 *fill*         0x200020e4      0x200 
                0x200026e4                . = (. + _Min_Stack_Size)
 *fill*         0x200022e4      0x400 
                0x200026e4                . = ALIGN (0x4)

/DISCARD/
 libc.a(*)
 libm.a(*)
 libgcc.a(*)

.ARM.attributes
                0x00000000       0x30
 *(.ARM.attributes)
 .ARM.attributes
                0x00000000       0x22 c:/program files (x86)/atollic/truestudio for stm32 9.0.0/armtools/bin/../lib/gcc/arm-atollic-eabi/6.3.1/armv7e-m/fpu/crti.o
 .ARM.attributes
                0x00000022       0x34 c:/program files (x86)/atollic/truestudio for stm32 9.0.0/armtools/bin/../lib/gcc/arm-atollic-eabi/6.3.1/armv7e-m/fpu/crtbegin.o
 .ARM.attributes
                0x00000056       0x39 Drivers\STM32F4xx_HAL_Driver\Src\stm32f4xx_hal.o
 .ARM.attributes
                0x0000008f       0x39 Drivers\STM32F4xx_HAL_Driver\Src\stm32f4xx_hal_cortex.o
 .ARM.attributes
                0x000000c8       0x39 Drivers\STM32F4xx_HAL_Driver\Src\stm32f4xx_hal_rcc.o
 .ARM.attributes
                0x00000101       0x39 Drivers\STM32F4xx_HAL_Driver\Src\stm32f4xx_hal_tim.o
 .ARM.attributes
                0x0000013a       0x39 Drivers\STM32F4xx_HAL_Driver\Src\stm32f4xx_hal_tim_ex.o
 .ARM.attributes
                0x00000173       0x39 Src\gpio.o
 .ARM.attributes
                0x000001ac       0x39 Src\main.o
 .ARM.attributes
                0x000001e5       0x39 Src\stm32f4xx_hal_msp.o
 .ARM.attributes
                0x0000021e       0x39 Src\stm32f4xx_it.o
 .ARM.attributes
                0x00000257       0x39 Src\system_stm32f4xx.o
 .ARM.attributes
                0x00000290       0x39 Src\tim.o
 .ARM.attributes
                0x000002c9       0x21 startup\startup_stm32f405xx.o
 .ARM.attributes
                0x000002ea       0x39 E:/Program Files (x86)/Atollic CMSIS PACKS/ARM/CMSIS/5.3.0/CMSIS/Lib/GCC\libarm_cortexM4lf_math.a(arm_const_structs.o)
 .ARM.attributes
                0x00000323       0x39 E:/Program Files (x86)/Atollic CMSIS PACKS/ARM/CMSIS/5.3.0/CMSIS/Lib/GCC\libarm_cortexM4lf_math.a(arm_common_tables.o)
 .ARM.attributes
                0x0000035c       0x39 E:/Program Files (x86)/Atollic CMSIS PACKS/ARM/CMSIS/5.3.0/CMSIS/Lib/GCC\libarm_cortexM4lf_math.a(arm_cfft_f32.o)
 .ARM.attributes
                0x00000395       0x25 E:/Program Files (x86)/Atollic CMSIS PACKS/ARM/CMSIS/5.3.0/CMSIS/Lib/GCC\libarm_cortexM4lf_math.a(arm_bitreversal2.o)
 .ARM.attributes
                0x000003ba       0x39 E:/Program Files (x86)/Atollic CMSIS PACKS/ARM/CMSIS/5.3.0/CMSIS/Lib/GCC\libarm_cortexM4lf_math.a(arm_cfft_radix8_f32.o)
 .ARM.attributes
                0x000003f3       0x34 c:/program files (x86)/atollic/truestudio for stm32 9.0.0/armtools/bin/../lib/gcc/arm-atollic-eabi/6.3.1/../../../../arm-atollic-eabi/lib/armv7e-m/fpu\libc_nano.a(lib_a-init.o)
 .ARM.attributes
                0x00000427       0x34 c:/program files (x86)/atollic/truestudio for stm32 9.0.0/armtools/bin/../lib/gcc/arm-atollic-eabi/6.3.1/../../../../arm-atollic-eabi/lib/armv7e-m/fpu\libc_nano.a(lib_a-printf.o)
 .ARM.attributes
                0x0000045b       0x34 c:/program files (x86)/atollic/truestudio for stm32 9.0.0/armtools/bin/../lib/gcc/arm-atollic-eabi/6.3.1/../../../../arm-atollic-eabi/lib/armv7e-m/fpu\libc_nano.a(lib_a-findfp.o)
 .ARM.attributes
                0x0000048f       0x34 c:/program files (x86)/atollic/truestudio for stm32 9.0.0/armtools/bin/../lib/gcc/arm-atollic-eabi/6.3.1/../../../../arm-atollic-eabi/lib/armv7e-m/fpu\libc_nano.a(lib_a-fwalk.o)
 .ARM.attributes
                0x000004c3       0x34 c:/program files (x86)/atollic/truestudio for stm32 9.0.0/armtools/bin/../lib/gcc/arm-atollic-eabi/6.3.1/../../../../arm-atollic-eabi/lib/armv7e-m/fpu\libc_nano.a(lib_a-impure.o)
 .ARM.attributes
                0x000004f7       0x34 c:/program files (x86)/atollic/truestudio for stm32 9.0.0/armtools/bin/../lib/gcc/arm-atollic-eabi/6.3.1/../../../../arm-atollic-eabi/lib/armv7e-m/fpu\libc_nano.a(lib_a-memset.o)
 .ARM.attributes
                0x0000052b       0x34 c:/program files (x86)/atollic/truestudio for stm32 9.0.0/armtools/bin/../lib/gcc/arm-atollic-eabi/6.3.1/../../../../arm-atollic-eabi/lib/armv7e-m/fpu\libc_nano.a(lib_a-nano-mallocr.o)
 .ARM.attributes
                0x0000055f       0x34 c:/program files (x86)/atollic/truestudio for stm32 9.0.0/armtools/bin/../lib/gcc/arm-atollic-eabi/6.3.1/../../../../arm-atollic-eabi/lib/armv7e-m/fpu\libc_nano.a(lib_a-nano-vfprintf.o)
 .ARM.attributes
                0x00000593       0x34 c:/program files (x86)/atollic/truestudio for stm32 9.0.0/armtools/bin/../lib/gcc/arm-atollic-eabi/6.3.1/../../../../arm-atollic-eabi/lib/armv7e-m/fpu\libc_nano.a(lib_a-nano-vfprintf_i.o)
 .ARM.attributes
                0x000005c7       0x34 c:/program files (x86)/atollic/truestudio for stm32 9.0.0/armtools/bin/../lib/gcc/arm-atollic-eabi/6.3.1/../../../../arm-atollic-eabi/lib/armv7e-m/fpu\libc_nano.a(lib_a-sbrkr.o)
 .ARM.attributes
                0x000005fb       0x34 c:/program files (x86)/atollic/truestudio for stm32 9.0.0/armtools/bin/../lib/gcc/arm-atollic-eabi/6.3.1/../../../../arm-atollic-eabi/lib/armv7e-m/fpu\libc_nano.a(lib_a-stdio.o)
 .ARM.attributes
                0x0000062f       0x34 c:/program files (x86)/atollic/truestudio for stm32 9.0.0/armtools/bin/../lib/gcc/arm-atollic-eabi/6.3.1/../../../../arm-atollic-eabi/lib/armv7e-m/fpu\libc_nano.a(lib_a-wbuf.o)
 .ARM.attributes
                0x00000663       0x34 c:/program files (x86)/atollic/truestudio for stm32 9.0.0/armtools/bin/../lib/gcc/arm-atollic-eabi/6.3.1/../../../../arm-atollic-eabi/lib/armv7e-m/fpu\libc_nano.a(lib_a-writer.o)
 .ARM.attributes
                0x00000697       0x34 c:/program files (x86)/atollic/truestudio for stm32 9.0.0/armtools/bin/../lib/gcc/arm-atollic-eabi/6.3.1/../../../../arm-atollic-eabi/lib/armv7e-m/fpu\libc_nano.a(lib_a-wsetup.o)
 .ARM.attributes
                0x000006cb       0x34 c:/program files (x86)/atollic/truestudio for stm32 9.0.0/armtools/bin/../lib/gcc/arm-atollic-eabi/6.3.1/../../../../arm-atollic-eabi/lib/armv7e-m/fpu\libc_nano.a(lib_a-closer.o)
 .ARM.attributes
                0x000006ff       0x34 c:/program files (x86)/atollic/truestudio for stm32 9.0.0/armtools/bin/../lib/gcc/arm-atollic-eabi/6.3.1/../../../../arm-atollic-eabi/lib/armv7e-m/fpu\libc_nano.a(lib_a-fflush.o)
 .ARM.attributes
                0x00000733       0x34 c:/program files (x86)/atollic/truestudio for stm32 9.0.0/armtools/bin/../lib/gcc/arm-atollic-eabi/6.3.1/../../../../arm-atollic-eabi/lib/armv7e-m/fpu\libc_nano.a(lib_a-lseekr.o)
 .ARM.attributes
                0x00000767       0x34 c:/program files (x86)/atollic/truestudio for stm32 9.0.0/armtools/bin/../lib/gcc/arm-atollic-eabi/6.3.1/../../../../arm-atollic-eabi/lib/armv7e-m/fpu\libc_nano.a(lib_a-makebuf.o)
 .ARM.attributes
                0x0000079b       0x20 c:/program files (x86)/atollic/truestudio for stm32 9.0.0/armtools/bin/../lib/gcc/arm-atollic-eabi/6.3.1/../../../../arm-atollic-eabi/lib/armv7e-m/fpu\libc_nano.a(lib_a-memchr.o)
 .ARM.attributes
                0x000007bb       0x34 c:/program files (x86)/atollic/truestudio for stm32 9.0.0/armtools/bin/../lib/gcc/arm-atollic-eabi/6.3.1/../../../../arm-atollic-eabi/lib/armv7e-m/fpu\libc_nano.a(lib_a-mlock.o)
 .ARM.attributes
                0x000007ef       0x34 c:/program files (x86)/atollic/truestudio for stm32 9.0.0/armtools/bin/../lib/gcc/arm-atollic-eabi/6.3.1/../../../../arm-atollic-eabi/lib/armv7e-m/fpu\libc_nano.a(lib_a-nano-freer.o)
 .ARM.attributes
                0x00000823       0x34 c:/program files (x86)/atollic/truestudio for stm32 9.0.0/armtools/bin/../lib/gcc/arm-atollic-eabi/6.3.1/../../../../arm-atollic-eabi/lib/armv7e-m/fpu\libc_nano.a(lib_a-readr.o)
 .ARM.attributes
                0x00000857       0x34 c:/program files (x86)/atollic/truestudio for stm32 9.0.0/armtools/bin/../lib/gcc/arm-atollic-eabi/6.3.1/../../../../arm-atollic-eabi/lib/armv7e-m/fpu\libc_nano.a(lib_a-reent.o)
 .ARM.attributes
                0x0000088b       0x34 c:/program files (x86)/atollic/truestudio for stm32 9.0.0/armtools/bin/../lib/gcc/arm-atollic-eabi/6.3.1/../../../../arm-atollic-eabi/lib/armv7e-m/fpu\libc_nano.a(lib_a-fstatr.o)
 .ARM.attributes
                0x000008bf       0x34 c:/program files (x86)/atollic/truestudio for stm32 9.0.0/armtools/bin/../lib/gcc/arm-atollic-eabi/6.3.1/../../../../arm-atollic-eabi/lib/armv7e-m/fpu\libc_nano.a(lib_a-isattyr.o)
 .ARM.attributes
                0x000008f3       0x22 c:/program files (x86)/atollic/truestudio for stm32 9.0.0/armtools/bin/../lib/gcc/arm-atollic-eabi/6.3.1/armv7e-m/fpu\libgcc.a(_aeabi_uldivmod.o)
 .ARM.attributes
                0x00000915       0x34 c:/program files (x86)/atollic/truestudio for stm32 9.0.0/armtools/bin/../lib/gcc/arm-atollic-eabi/6.3.1/armv7e-m/fpu\libgcc.a(_udivmoddi4.o)
 .ARM.attributes
                0x00000949       0x22 c:/program files (x86)/atollic/truestudio for stm32 9.0.0/armtools/bin/../lib/gcc/arm-atollic-eabi/6.3.1/armv7e-m/fpu\libgcc.a(_dvmd_tls.o)
 .ARM.attributes
                0x0000096b       0x34 c:/program files (x86)/atollic/truestudio for stm32 9.0.0/armtools/bin/../lib/gcc/arm-atollic-eabi/6.3.1/../../../../arm-atollic-eabi/lib/armv7e-m/fpu\libnosys.a(close.o)
 .ARM.attributes
                0x0000099f       0x34 c:/program files (x86)/atollic/truestudio for stm32 9.0.0/armtools/bin/../lib/gcc/arm-atollic-eabi/6.3.1/../../../../arm-atollic-eabi/lib/armv7e-m/fpu\libnosys.a(fstat.o)
 .ARM.attributes
                0x000009d3       0x34 c:/program files (x86)/atollic/truestudio for stm32 9.0.0/armtools/bin/../lib/gcc/arm-atollic-eabi/6.3.1/../../../../arm-atollic-eabi/lib/armv7e-m/fpu\libnosys.a(isatty.o)
 .ARM.attributes
                0x00000a07       0x34 c:/program files (x86)/atollic/truestudio for stm32 9.0.0/armtools/bin/../lib/gcc/arm-atollic-eabi/6.3.1/../../../../arm-atollic-eabi/lib/armv7e-m/fpu\libnosys.a(lseek.o)
 .ARM.attributes
                0x00000a3b       0x34 c:/program files (x86)/atollic/truestudio for stm32 9.0.0/armtools/bin/../lib/gcc/arm-atollic-eabi/6.3.1/../../../../arm-atollic-eabi/lib/armv7e-m/fpu\libnosys.a(read.o)
 .ARM.attributes
                0x00000a6f       0x34 c:/program files (x86)/atollic/truestudio for stm32 9.0.0/armtools/bin/../lib/gcc/arm-atollic-eabi/6.3.1/../../../../arm-atollic-eabi/lib/armv7e-m/fpu\libnosys.a(sbrk.o)
 .ARM.attributes
                0x00000aa3       0x22 c:/program files (x86)/atollic/truestudio for stm32 9.0.0/armtools/bin/../lib/gcc/arm-atollic-eabi/6.3.1/armv7e-m/fpu/crtn.o
OUTPUT(Cortex-M4.elf elf32-littlearm)

.debug_info     0x00000000    0x102dc
 .debug_info    0x00000000     0x110c Drivers\STM32F4xx_HAL_Driver\Src\stm32f4xx_hal.o
 .debug_info    0x0000110c     0x15d7 Drivers\STM32F4xx_HAL_Driver\Src\stm32f4xx_hal_cortex.o
 .debug_info    0x000026e3     0x10b6 Drivers\STM32F4xx_HAL_Driver\Src\stm32f4xx_hal_rcc.o
 .debug_info    0x00003799     0x29f8 Drivers\STM32F4xx_HAL_Driver\Src\stm32f4xx_hal_tim.o
 .debug_info    0x00006191     0x17d2 Drivers\STM32F4xx_HAL_Driver\Src\stm32f4xx_hal_tim_ex.o
 .debug_info    0x00007963      0xb41 Src\gpio.o
 .debug_info    0x000084a4     0x2093 Src\main.o
 .debug_info    0x0000a537      0xb51 Src\stm32f4xx_hal_msp.o
 .debug_info    0x0000b088      0xe9c Src\stm32f4xx_it.o
 .debug_info    0x0000bf24      0xd17 Src\system_stm32f4xx.o
 .debug_info    0x0000cc3b     0x12e4 Src\tim.o
 .debug_info    0x0000df1f       0x6b startup\startup_stm32f405xx.o
 .debug_info    0x0000df8a      0xe6b E:/Program Files (x86)/Atollic CMSIS PACKS/ARM/CMSIS/5.3.0/CMSIS/Lib/GCC\libarm_cortexM4lf_math.a(arm_const_structs.o)
 .debug_info    0x0000edf5      0x9b1 E:/Program Files (x86)/Atollic CMSIS PACKS/ARM/CMSIS/5.3.0/CMSIS/Lib/GCC\libarm_cortexM4lf_math.a(arm_common_tables.o)
 .debug_info    0x0000f7a6      0x685 E:/Program Files (x86)/Atollic CMSIS PACKS/ARM/CMSIS/5.3.0/CMSIS/Lib/GCC\libarm_cortexM4lf_math.a(arm_cfft_f32.o)
 .debug_info    0x0000fe2b       0x98 E:/Program Files (x86)/Atollic CMSIS PACKS/ARM/CMSIS/5.3.0/CMSIS/Lib/GCC\libarm_cortexM4lf_math.a(arm_bitreversal2.o)
 .debug_info    0x0000fec3      0x419 E:/Program Files (x86)/Atollic CMSIS PACKS/ARM/CMSIS/5.3.0/CMSIS/Lib/GCC\libarm_cortexM4lf_math.a(arm_cfft_radix8_f32.o)

.debug_abbrev   0x00000000     0x1d14
 .debug_abbrev  0x00000000      0x280 Drivers\STM32F4xx_HAL_Driver\Src\stm32f4xx_hal.o
 .debug_abbrev  0x00000280      0x371 Drivers\STM32F4xx_HAL_Driver\Src\stm32f4xx_hal_cortex.o
 .debug_abbrev  0x000005f1      0x2c8 Drivers\STM32F4xx_HAL_Driver\Src\stm32f4xx_hal_rcc.o
 .debug_abbrev  0x000008b9      0x2ab Drivers\STM32F4xx_HAL_Driver\Src\stm32f4xx_hal_tim.o
 .debug_abbrev  0x00000b64      0x288 Drivers\STM32F4xx_HAL_Driver\Src\stm32f4xx_hal_tim_ex.o
 .debug_abbrev  0x00000dec      0x1a8 Src\gpio.o
 .debug_abbrev  0x00000f94      0x2b6 Src\main.o
 .debug_abbrev  0x0000124a      0x199 Src\stm32f4xx_hal_msp.o
 .debug_abbrev  0x000013e3      0x1c4 Src\stm32f4xx_it.o
 .debug_abbrev  0x000015a7      0x1ca Src\system_stm32f4xx.o
 .debug_abbrev  0x00001771      0x203 Src\tim.o
 .debug_abbrev  0x00001974       0x12 startup\startup_stm32f405xx.o
 .debug_abbrev  0x00001986       0xcb E:/Program Files (x86)/Atollic CMSIS PACKS/ARM/CMSIS/5.3.0/CMSIS/Lib/GCC\libarm_cortexM4lf_math.a(arm_const_structs.o)
 .debug_abbrev  0x00001a51       0x84 E:/Program Files (x86)/Atollic CMSIS PACKS/ARM/CMSIS/5.3.0/CMSIS/Lib/GCC\libarm_cortexM4lf_math.a(arm_common_tables.o)
 .debug_abbrev  0x00001ad5      0x183 E:/Program Files (x86)/Atollic CMSIS PACKS/ARM/CMSIS/5.3.0/CMSIS/Lib/GCC\libarm_cortexM4lf_math.a(arm_cfft_f32.o)
 .debug_abbrev  0x00001c58       0x14 E:/Program Files (x86)/Atollic CMSIS PACKS/ARM/CMSIS/5.3.0/CMSIS/Lib/GCC\libarm_cortexM4lf_math.a(arm_bitreversal2.o)
 .debug_abbrev  0x00001c6c       0xa8 E:/Program Files (x86)/Atollic CMSIS PACKS/ARM/CMSIS/5.3.0/CMSIS/Lib/GCC\libarm_cortexM4lf_math.a(arm_cfft_radix8_f32.o)

.debug_aranges  0x00000000      0x938
 .debug_aranges
                0x00000000       0xe0 Drivers\STM32F4xx_HAL_Driver\Src\stm32f4xx_hal.o
 .debug_aranges
                0x000000e0      0x118 Drivers\STM32F4xx_HAL_Driver\Src\stm32f4xx_hal_cortex.o
 .debug_aranges
                0x000001f8       0x88 Drivers\STM32F4xx_HAL_Driver\Src\stm32f4xx_hal_rcc.o
 .debug_aranges
                0x00000280      0x368 Drivers\STM32F4xx_HAL_Driver\Src\stm32f4xx_hal_tim.o
 .debug_aranges
                0x000005e8      0x140 Drivers\STM32F4xx_HAL_Driver\Src\stm32f4xx_hal_tim_ex.o
 .debug_aranges
                0x00000728       0x20 Src\gpio.o
 .debug_aranges
                0x00000748       0x48 Src\main.o
 .debug_aranges
                0x00000790       0x20 Src\stm32f4xx_hal_msp.o
 .debug_aranges
                0x000007b0       0x68 Src\stm32f4xx_it.o
 .debug_aranges
                0x00000818       0x28 Src\system_stm32f4xx.o
 .debug_aranges
                0x00000840       0x30 Src\tim.o
 .debug_aranges
                0x00000870       0x28 startup\startup_stm32f405xx.o
 .debug_aranges
                0x00000898       0x18 E:/Program Files (x86)/Atollic CMSIS PACKS/ARM/CMSIS/5.3.0/CMSIS/Lib/GCC\libarm_cortexM4lf_math.a(arm_const_structs.o)
 .debug_aranges
                0x000008b0       0x18 E:/Program Files (x86)/Atollic CMSIS PACKS/ARM/CMSIS/5.3.0/CMSIS/Lib/GCC\libarm_cortexM4lf_math.a(arm_common_tables.o)
 .debug_aranges
                0x000008c8       0x30 E:/Program Files (x86)/Atollic CMSIS PACKS/ARM/CMSIS/5.3.0/CMSIS/Lib/GCC\libarm_cortexM4lf_math.a(arm_cfft_f32.o)
 .debug_aranges
                0x000008f8       0x20 E:/Program Files (x86)/Atollic CMSIS PACKS/ARM/CMSIS/5.3.0/CMSIS/Lib/GCC\libarm_cortexM4lf_math.a(arm_bitreversal2.o)
 .debug_aranges
                0x00000918       0x20 E:/Program Files (x86)/Atollic CMSIS PACKS/ARM/CMSIS/5.3.0/CMSIS/Lib/GCC\libarm_cortexM4lf_math.a(arm_cfft_radix8_f32.o)

.debug_ranges   0x00000000      0x810
 .debug_ranges  0x00000000       0xd0 Drivers\STM32F4xx_HAL_Driver\Src\stm32f4xx_hal.o
 .debug_ranges  0x000000d0      0x108 Drivers\STM32F4xx_HAL_Driver\Src\stm32f4xx_hal_cortex.o
 .debug_ranges  0x000001d8       0x78 Drivers\STM32F4xx_HAL_Driver\Src\stm32f4xx_hal_rcc.o
 .debug_ranges  0x00000250      0x358 Drivers\STM32F4xx_HAL_Driver\Src\stm32f4xx_hal_tim.o
 .debug_ranges  0x000005a8      0x130 Drivers\STM32F4xx_HAL_Driver\Src\stm32f4xx_hal_tim_ex.o
 .debug_ranges  0x000006d8       0x10 Src\gpio.o
 .debug_ranges  0x000006e8       0x38 Src\main.o
 .debug_ranges  0x00000720       0x10 Src\stm32f4xx_hal_msp.o
 .debug_ranges  0x00000730       0x58 Src\stm32f4xx_it.o
 .debug_ranges  0x00000788       0x18 Src\system_stm32f4xx.o
 .debug_ranges  0x000007a0       0x20 Src\tim.o
 .debug_ranges  0x000007c0       0x20 startup\startup_stm32f405xx.o
 .debug_ranges  0x000007e0       0x20 E:/Program Files (x86)/Atollic CMSIS PACKS/ARM/CMSIS/5.3.0/CMSIS/Lib/GCC\libarm_cortexM4lf_math.a(arm_cfft_f32.o)
 .debug_ranges  0x00000800       0x10 E:/Program Files (x86)/Atollic CMSIS PACKS/ARM/CMSIS/5.3.0/CMSIS/Lib/GCC\libarm_cortexM4lf_math.a(arm_cfft_radix8_f32.o)

.debug_line     0x00000000     0x5443
 .debug_line    0x00000000      0x503 Drivers\STM32F4xx_HAL_Driver\Src\stm32f4xx_hal.o
 .debug_line    0x00000503      0x64a Drivers\STM32F4xx_HAL_Driver\Src\stm32f4xx_hal_cortex.o
 .debug_line    0x00000b4d      0x5a2 Drivers\STM32F4xx_HAL_Driver\Src\stm32f4xx_hal_rcc.o
 .debug_line    0x000010ef     0x14d6 Drivers\STM32F4xx_HAL_Driver\Src\stm32f4xx_hal_tim.o
 .debug_line    0x000025c5      0x8f7 Drivers\STM32F4xx_HAL_Driver\Src\stm32f4xx_hal_tim_ex.o
 .debug_line    0x00002ebc      0x2aa Src\gpio.o
 .debug_line    0x00003166      0x4aa Src\main.o
 .debug_line    0x00003610      0x2bc Src\stm32f4xx_hal_msp.o
 .debug_line    0x000038cc      0x3c4 Src\stm32f4xx_it.o
 .debug_line    0x00003c90      0x2e2 Src\system_stm32f4xx.o
 .debug_line    0x00003f72      0x370 Src\tim.o
 .debug_line    0x000042e2       0x7f startup\startup_stm32f405xx.o
 .debug_line    0x00004361      0x14c E:/Program Files (x86)/Atollic CMSIS PACKS/ARM/CMSIS/5.3.0/CMSIS/Lib/GCC\libarm_cortexM4lf_math.a(arm_const_structs.o)
 .debug_line    0x000044ad      0x135 E:/Program Files (x86)/Atollic CMSIS PACKS/ARM/CMSIS/5.3.0/CMSIS/Lib/GCC\libarm_cortexM4lf_math.a(arm_common_tables.o)
 .debug_line    0x000045e2      0x73e E:/Program Files (x86)/Atollic CMSIS PACKS/ARM/CMSIS/5.3.0/CMSIS/Lib/GCC\libarm_cortexM4lf_math.a(arm_cfft_f32.o)
 .debug_line    0x00004d20       0xa2 E:/Program Files (x86)/Atollic CMSIS PACKS/ARM/CMSIS/5.3.0/CMSIS/Lib/GCC\libarm_cortexM4lf_math.a(arm_bitreversal2.o)
 .debug_line    0x00004dc2      0x681 E:/Program Files (x86)/Atollic CMSIS PACKS/ARM/CMSIS/5.3.0/CMSIS/Lib/GCC\libarm_cortexM4lf_math.a(arm_cfft_radix8_f32.o)

.debug_str      0x00000000     0x3dc9
 .debug_str     0x00000000      0xea0 Drivers\STM32F4xx_HAL_Driver\Src\stm32f4xx_hal.o
                                0xf47 (size before relaxing)
 .debug_str     0x00000ea0      0x4f2 Drivers\STM32F4xx_HAL_Driver\Src\stm32f4xx_hal_cortex.o
                               0x1073 (size before relaxing)
 .debug_str     0x00001392      0x353 Drivers\STM32F4xx_HAL_Driver\Src\stm32f4xx_hal_rcc.o
                                0xb06 (size before relaxing)
 .debug_str     0x000016e5     0x10df Drivers\STM32F4xx_HAL_Driver\Src\stm32f4xx_hal_tim.o
                               0x17ca (size before relaxing)
 .debug_str     0x000027c4      0x543 Drivers\STM32F4xx_HAL_Driver\Src\stm32f4xx_hal_tim_ex.o
                               0x1085 (size before relaxing)
 .debug_str     0x00002d07       0x1b Src\gpio.o
                                0x736 (size before relaxing)
 .debug_str     0x00002d22      0x911 Src\main.o
                               0x1a91 (size before relaxing)
 .debug_str     0x00003633       0x1b Src\stm32f4xx_hal_msp.o
                                0xb0c (size before relaxing)
 .debug_str     0x0000364e       0xb6 Src\stm32f4xx_it.o
                                0xae1 (size before relaxing)
 .debug_str     0x00003704       0x45 Src\system_stm32f4xx.o
                                0x7be (size before relaxing)
 .debug_str     0x00003749       0x29 Src\tim.o
                               0x111f (size before relaxing)
 .debug_str     0x00003772      0x4bc E:/Program Files (x86)/Atollic CMSIS PACKS/ARM/CMSIS/5.3.0/CMSIS/Lib/GCC\libarm_cortexM4lf_math.a(arm_const_structs.o)
                                0xd32 (size before relaxing)
 .debug_str     0x00003c2e       0x2e E:/Program Files (x86)/Atollic CMSIS PACKS/ARM/CMSIS/5.3.0/CMSIS/Lib/GCC\libarm_cortexM4lf_math.a(arm_common_tables.o)
                                0x717 (size before relaxing)
 .debug_str     0x00003c5c      0x120 E:/Program Files (x86)/Atollic CMSIS PACKS/ARM/CMSIS/5.3.0/CMSIS/Lib/GCC\libarm_cortexM4lf_math.a(arm_cfft_f32.o)
                                0x372 (size before relaxing)
 .debug_str     0x00003d7c       0x4d E:/Program Files (x86)/Atollic CMSIS PACKS/ARM/CMSIS/5.3.0/CMSIS/Lib/GCC\libarm_cortexM4lf_math.a(arm_cfft_radix8_f32.o)
                                0x269 (size before relaxing)

.comment        0x00000000       0xea
 .comment       0x00000000       0x7c Drivers\STM32F4xx_HAL_Driver\Src\stm32f4xx_hal.o
                                 0x7d (size before relaxing)
 .comment       0x0000007c       0x7d Drivers\STM32F4xx_HAL_Driver\Src\stm32f4xx_hal_cortex.o
 .comment       0x0000007c       0x7d Drivers\STM32F4xx_HAL_Driver\Src\stm32f4xx_hal_rcc.o
 .comment       0x0000007c       0x7d Drivers\STM32F4xx_HAL_Driver\Src\stm32f4xx_hal_tim.o
 .comment       0x0000007c       0x7d Drivers\STM32F4xx_HAL_Driver\Src\stm32f4xx_hal_tim_ex.o
 .comment       0x0000007c       0x7d Src\gpio.o
 .comment       0x0000007c       0x7d Src\main.o
 .comment       0x0000007c       0x7d Src\stm32f4xx_hal_msp.o
 .comment       0x0000007c       0x7d Src\stm32f4xx_it.o
 .comment       0x0000007c       0x7d Src\system_stm32f4xx.o
 .comment       0x0000007c       0x7d Src\tim.o
 .comment       0x0000007c       0x6e E:/Program Files (x86)/Atollic CMSIS PACKS/ARM/CMSIS/5.3.0/CMSIS/Lib/GCC\libarm_cortexM4lf_math.a(arm_const_structs.o)
                                 0x6f (size before relaxing)
 .comment       0x000000ea       0x6f E:/Program Files (x86)/Atollic CMSIS PACKS/ARM/CMSIS/5.3.0/CMSIS/Lib/GCC\libarm_cortexM4lf_math.a(arm_common_tables.o)
 .comment       0x000000ea       0x6f E:/Program Files (x86)/Atollic CMSIS PACKS/ARM/CMSIS/5.3.0/CMSIS/Lib/GCC\libarm_cortexM4lf_math.a(arm_cfft_f32.o)
 .comment       0x000000ea       0x6f E:/Program Files (x86)/Atollic CMSIS PACKS/ARM/CMSIS/5.3.0/CMSIS/Lib/GCC\libarm_cortexM4lf_math.a(arm_cfft_radix8_f32.o)

.debug_frame    0x00000000     0x2bf8
 .debug_frame   0x00000000      0x33c Drivers\STM32F4xx_HAL_Driver\Src\stm32f4xx_hal.o
 .debug_frame   0x0000033c      0x498 Drivers\STM32F4xx_HAL_Driver\Src\stm32f4xx_hal_cortex.o
 .debug_frame   0x000007d4      0x1f8 Drivers\STM32F4xx_HAL_Driver\Src\stm32f4xx_hal_rcc.o
 .debug_frame   0x000009cc      0xfb4 Drivers\STM32F4xx_HAL_Driver\Src\stm32f4xx_hal_tim.o
 .debug_frame   0x00001980      0x574 Drivers\STM32F4xx_HAL_Driver\Src\stm32f4xx_hal_tim_ex.o
 .debug_frame   0x00001ef4       0x38 Src\gpio.o
 .debug_frame   0x00001f2c       0xe0 Src\main.o
 .debug_frame   0x0000200c       0x2c Src\stm32f4xx_hal_msp.o
 .debug_frame   0x00002038      0x128 Src\stm32f4xx_it.o
 .debug_frame   0x00002160       0x58 Src\system_stm32f4xx.o
 .debug_frame   0x000021b8       0x7c Src\tim.o
 .debug_frame   0x00002234       0xfc E:/Program Files (x86)/Atollic CMSIS PACKS/ARM/CMSIS/5.3.0/CMSIS/Lib/GCC\libarm_cortexM4lf_math.a(arm_cfft_f32.o)
 .debug_frame   0x00002330       0x94 E:/Program Files (x86)/Atollic CMSIS PACKS/ARM/CMSIS/5.3.0/CMSIS/Lib/GCC\libarm_cortexM4lf_math.a(arm_cfft_radix8_f32.o)
 .debug_frame   0x000023c4       0x2c c:/program files (x86)/atollic/truestudio for stm32 9.0.0/armtools/bin/../lib/gcc/arm-atollic-eabi/6.3.1/../../../../arm-atollic-eabi/lib/armv7e-m/fpu\libc_nano.a(lib_a-init.o)
 .debug_frame   0x000023f0       0x74 c:/program files (x86)/atollic/truestudio for stm32 9.0.0/armtools/bin/../lib/gcc/arm-atollic-eabi/6.3.1/../../../../arm-atollic-eabi/lib/armv7e-m/fpu\libc_nano.a(lib_a-printf.o)
 .debug_frame   0x00002464      0x11c c:/program files (x86)/atollic/truestudio for stm32 9.0.0/armtools/bin/../lib/gcc/arm-atollic-eabi/6.3.1/../../../../arm-atollic-eabi/lib/armv7e-m/fpu\libc_nano.a(lib_a-findfp.o)
 .debug_frame   0x00002580       0x54 c:/program files (x86)/atollic/truestudio for stm32 9.0.0/armtools/bin/../lib/gcc/arm-atollic-eabi/6.3.1/../../../../arm-atollic-eabi/lib/armv7e-m/fpu\libc_nano.a(lib_a-fwalk.o)
 .debug_frame   0x000025d4       0x20 c:/program files (x86)/atollic/truestudio for stm32 9.0.0/armtools/bin/../lib/gcc/arm-atollic-eabi/6.3.1/../../../../arm-atollic-eabi/lib/armv7e-m/fpu\libc_nano.a(lib_a-memset.o)
 .debug_frame   0x000025f4       0x2c c:/program files (x86)/atollic/truestudio for stm32 9.0.0/armtools/bin/../lib/gcc/arm-atollic-eabi/6.3.1/../../../../arm-atollic-eabi/lib/armv7e-m/fpu\libc_nano.a(lib_a-nano-mallocr.o)
 .debug_frame   0x00002620       0xac c:/program files (x86)/atollic/truestudio for stm32 9.0.0/armtools/bin/../lib/gcc/arm-atollic-eabi/6.3.1/../../../../arm-atollic-eabi/lib/armv7e-m/fpu\libc_nano.a(lib_a-nano-vfprintf.o)
 .debug_frame   0x000026cc       0x60 c:/program files (x86)/atollic/truestudio for stm32 9.0.0/armtools/bin/../lib/gcc/arm-atollic-eabi/6.3.1/../../../../arm-atollic-eabi/lib/armv7e-m/fpu\libc_nano.a(lib_a-nano-vfprintf_i.o)
 .debug_frame   0x0000272c       0x2c c:/program files (x86)/atollic/truestudio for stm32 9.0.0/armtools/bin/../lib/gcc/arm-atollic-eabi/6.3.1/../../../../arm-atollic-eabi/lib/armv7e-m/fpu\libc_nano.a(lib_a-sbrkr.o)
 .debug_frame   0x00002758       0x88 c:/program files (x86)/atollic/truestudio for stm32 9.0.0/armtools/bin/../lib/gcc/arm-atollic-eabi/6.3.1/../../../../arm-atollic-eabi/lib/armv7e-m/fpu\libc_nano.a(lib_a-stdio.o)
 .debug_frame   0x000027e0       0x40 c:/program files (x86)/atollic/truestudio for stm32 9.0.0/armtools/bin/../lib/gcc/arm-atollic-eabi/6.3.1/../../../../arm-atollic-eabi/lib/armv7e-m/fpu\libc_nano.a(lib_a-wbuf.o)
 .debug_frame   0x00002820       0x2c c:/program files (x86)/atollic/truestudio for stm32 9.0.0/armtools/bin/../lib/gcc/arm-atollic-eabi/6.3.1/../../../../arm-atollic-eabi/lib/armv7e-m/fpu\libc_nano.a(lib_a-writer.o)
 .debug_frame   0x0000284c       0x2c c:/program files (x86)/atollic/truestudio for stm32 9.0.0/armtools/bin/../lib/gcc/arm-atollic-eabi/6.3.1/../../../../arm-atollic-eabi/lib/armv7e-m/fpu\libc_nano.a(lib_a-wsetup.o)
 .debug_frame   0x00002878       0x2c c:/program files (x86)/atollic/truestudio for stm32 9.0.0/armtools/bin/../lib/gcc/arm-atollic-eabi/6.3.1/../../../../arm-atollic-eabi/lib/armv7e-m/fpu\libc_nano.a(lib_a-closer.o)
 .debug_frame   0x000028a4       0x68 c:/program files (x86)/atollic/truestudio for stm32 9.0.0/armtools/bin/../lib/gcc/arm-atollic-eabi/6.3.1/../../../../arm-atollic-eabi/lib/armv7e-m/fpu\libc_nano.a(lib_a-fflush.o)
 .debug_frame   0x0000290c       0x2c c:/program files (x86)/atollic/truestudio for stm32 9.0.0/armtools/bin/../lib/gcc/arm-atollic-eabi/6.3.1/../../../../arm-atollic-eabi/lib/armv7e-m/fpu\libc_nano.a(lib_a-lseekr.o)
 .debug_frame   0x00002938       0x58 c:/program files (x86)/atollic/truestudio for stm32 9.0.0/armtools/bin/../lib/gcc/arm-atollic-eabi/6.3.1/../../../../arm-atollic-eabi/lib/armv7e-m/fpu\libc_nano.a(lib_a-makebuf.o)
 .debug_frame   0x00002990       0x30 c:/program files (x86)/atollic/truestudio for stm32 9.0.0/armtools/bin/../lib/gcc/arm-atollic-eabi/6.3.1/../../../../arm-atollic-eabi/lib/armv7e-m/fpu\libc_nano.a(lib_a-mlock.o)
 .debug_frame   0x000029c0       0x38 c:/program files (x86)/atollic/truestudio for stm32 9.0.0/armtools/bin/../lib/gcc/arm-atollic-eabi/6.3.1/../../../../arm-atollic-eabi/lib/armv7e-m/fpu\libc_nano.a(lib_a-nano-freer.o)
 .debug_frame   0x000029f8       0x2c c:/program files (x86)/atollic/truestudio for stm32 9.0.0/armtools/bin/../lib/gcc/arm-atollic-eabi/6.3.1/../../../../arm-atollic-eabi/lib/armv7e-m/fpu\libc_nano.a(lib_a-readr.o)
 .debug_frame   0x00002a24       0x5c c:/program files (x86)/atollic/truestudio for stm32 9.0.0/armtools/bin/../lib/gcc/arm-atollic-eabi/6.3.1/../../../../arm-atollic-eabi/lib/armv7e-m/fpu\libc_nano.a(lib_a-reent.o)
 .debug_frame   0x00002a80       0x2c c:/program files (x86)/atollic/truestudio for stm32 9.0.0/armtools/bin/../lib/gcc/arm-atollic-eabi/6.3.1/../../../../arm-atollic-eabi/lib/armv7e-m/fpu\libc_nano.a(lib_a-fstatr.o)
 .debug_frame   0x00002aac       0x2c c:/program files (x86)/atollic/truestudio for stm32 9.0.0/armtools/bin/../lib/gcc/arm-atollic-eabi/6.3.1/../../../../arm-atollic-eabi/lib/armv7e-m/fpu\libc_nano.a(lib_a-isattyr.o)
 .debug_frame   0x00002ad8       0x2c c:/program files (x86)/atollic/truestudio for stm32 9.0.0/armtools/bin/../lib/gcc/arm-atollic-eabi/6.3.1/armv7e-m/fpu\libgcc.a(_aeabi_uldivmod.o)
 .debug_frame   0x00002b04       0x34 c:/program files (x86)/atollic/truestudio for stm32 9.0.0/armtools/bin/../lib/gcc/arm-atollic-eabi/6.3.1/armv7e-m/fpu\libgcc.a(_udivmoddi4.o)
 .debug_frame   0x00002b38       0x20 c:/program files (x86)/atollic/truestudio for stm32 9.0.0/armtools/bin/../lib/gcc/arm-atollic-eabi/6.3.1/../../../../arm-atollic-eabi/lib/armv7e-m/fpu\libnosys.a(close.o)
 .debug_frame   0x00002b58       0x20 c:/program files (x86)/atollic/truestudio for stm32 9.0.0/armtools/bin/../lib/gcc/arm-atollic-eabi/6.3.1/../../../../arm-atollic-eabi/lib/armv7e-m/fpu\libnosys.a(fstat.o)
 .debug_frame   0x00002b78       0x20 c:/program files (x86)/atollic/truestudio for stm32 9.0.0/armtools/bin/../lib/gcc/arm-atollic-eabi/6.3.1/../../../../arm-atollic-eabi/lib/armv7e-m/fpu\libnosys.a(isatty.o)
 .debug_frame   0x00002b98       0x20 c:/program files (x86)/atollic/truestudio for stm32 9.0.0/armtools/bin/../lib/gcc/arm-atollic-eabi/6.3.1/../../../../arm-atollic-eabi/lib/armv7e-m/fpu\libnosys.a(lseek.o)
 .debug_frame   0x00002bb8       0x20 c:/program files (x86)/atollic/truestudio for stm32 9.0.0/armtools/bin/../lib/gcc/arm-atollic-eabi/6.3.1/../../../../arm-atollic-eabi/lib/armv7e-m/fpu\libnosys.a(read.o)
 .debug_frame   0x00002bd8       0x20 c:/program files (x86)/atollic/truestudio for stm32 9.0.0/armtools/bin/../lib/gcc/arm-atollic-eabi/6.3.1/../../../../arm-atollic-eabi/lib/armv7e-m/fpu\libnosys.a(sbrk.o)

.debug_loc      0x00000000     0x1908
 .debug_loc     0x00000000     0x1067 E:/Program Files (x86)/Atollic CMSIS PACKS/ARM/CMSIS/5.3.0/CMSIS/Lib/GCC\libarm_cortexM4lf_math.a(arm_cfft_f32.o)
 .debug_loc     0x00001067      0x8a1 E:/Program Files (x86)/Atollic CMSIS PACKS/ARM/CMSIS/5.3.0/CMSIS/Lib/GCC\libarm_cortexM4lf_math.a(arm_cfft_radix8_f32.o)

.stab           0x00000000       0x84
 .stab          0x00000000       0x24 c:/program files (x86)/atollic/truestudio for stm32 9.0.0/armtools/bin/../lib/gcc/arm-atollic-eabi/6.3.1/../../../../arm-atollic-eabi/lib/armv7e-m/fpu\libnosys.a(close.o)
 .stab          0x00000024       0x18 c:/program files (x86)/atollic/truestudio for stm32 9.0.0/armtools/bin/../lib/gcc/arm-atollic-eabi/6.3.1/../../../../arm-atollic-eabi/lib/armv7e-m/fpu\libnosys.a(fstat.o)
                                 0x24 (size before relaxing)
 .stab          0x0000003c       0x18 c:/program files (x86)/atollic/truestudio for stm32 9.0.0/armtools/bin/../lib/gcc/arm-atollic-eabi/6.3.1/../../../../arm-atollic-eabi/lib/armv7e-m/fpu\libnosys.a(isatty.o)
                                 0x24 (size before relaxing)
 .stab          0x00000054       0x18 c:/program files (x86)/atollic/truestudio for stm32 9.0.0/armtools/bin/../lib/gcc/arm-atollic-eabi/6.3.1/../../../../arm-atollic-eabi/lib/armv7e-m/fpu\libnosys.a(lseek.o)
                                 0x24 (size before relaxing)
 .stab          0x0000006c       0x18 c:/program files (x86)/atollic/truestudio for stm32 9.0.0/armtools/bin/../lib/gcc/arm-atollic-eabi/6.3.1/../../../../arm-atollic-eabi/lib/armv7e-m/fpu\libnosys.a(read.o)
                                 0x24 (size before relaxing)

.stabstr        0x00000000      0x117
 .stabstr       0x00000000      0x117 c:/program files (x86)/atollic/truestudio for stm32 9.0.0/armtools/bin/../lib/gcc/arm-atollic-eabi/6.3.1/../../../../arm-atollic-eabi/lib/armv7e-m/fpu\libnosys.a(close.o)
