stm32h7xx_hal_dma.c:211:19:HAL_DMA_Init	32	static
stm32h7xx_hal_dma.c:439:19:HAL_DMA_DeInit	24	static
stm32h7xx_hal_dma.c:582:19:HAL_DMA_Start	32	static
stm32h7xx_hal_dma.c:638:19:HAL_DMA_Start_IT	32	static
stm32h7xx_hal_dma.c:737:19:HAL_DMA_Abort	32	static
stm32h7xx_hal_dma.c:844:19:HAL_DMA_Abort_IT	16	static
stm32h7xx_hal_dma.c:922:19:HAL_DMA_PollForTransfer	48	static
stm32h7xx_hal_dma.c:1158:6:HAL_DMA_IRQHandler	40	static
stm32h7xx_hal_dma.c:1468:19:HAL_DMA_RegisterCallback	32	static
stm32h7xx_hal_dma.c:1534:19:HAL_DMA_UnRegisterCallback	24	static
stm32h7xx_hal_dma.c:1625:22:HAL_DMA_GetState	16	static
stm32h7xx_hal_dma.c:1636:10:HAL_DMA_GetError	16	static
stm32h7xx_hal_dma.c:1662:13:DMA_SetConfig	32	static
stm32h7xx_hal_dma.c:1741:17:DMA_CalcBaseAndBitshift	24	static
stm32h7xx_hal_dma.c:1769:26:DMA_CheckFifoParam	24	static
stm32h7xx_hal_dma.c:1863:13:DMA_CalcDMAMUXChannelBaseAndMask	24	static
stm32h7xx_hal_dma.c:1899:13:DMA_CalcDMAMUXRequestGenBaseAndMask	24	static
