stm32h7xx_hal_cortex.c:161:6:HAL_NVIC_SetPriorityGrouping	0	static
stm32h7xx_hal_cortex.c:183:6:HAL_NVIC_SetPriority	12	static
stm32h7xx_hal_cortex.c:205:6:HAL_NVIC_EnableIRQ	0	static
stm32h7xx_hal_cortex.c:221:6:HAL_NVIC_DisableIRQ	0	static
stm32h7xx_hal_cortex.c:234:6:HAL_NVIC_SystemReset	0	static
stm32h7xx_hal_cortex.c:247:10:HAL_SYSTICK_Config	0	static
stm32h7xx_hal_cortex.c:277:6:HAL_MPU_ConfigRegion	8	static
stm32h7xx_hal_cortex.c:321:10:HAL_NVIC_GetPriorityGrouping	0	static
stm32h7xx_hal_cortex.c:348:6:HAL_NVIC_GetPriority	16	static
stm32h7xx_hal_cortex.c:363:6:HAL_NVIC_SetPendingIRQ	0	static
stm32h7xx_hal_cortex.c:381:10:HAL_NVIC_GetPendingIRQ	0	static
stm32h7xx_hal_cortex.c:397:6:HAL_NVIC_ClearPendingIRQ	0	static
stm32h7xx_hal_cortex.c:414:10:HAL_NVIC_GetActive	0	static
stm32h7xx_hal_cortex.c:431:6:HAL_SYSTICK_CLKSourceConfig	0	static
stm32h7xx_hal_cortex.c:458:13:HAL_SYSTICK_Callback	0	static
stm32h7xx_hal_cortex.c:449:6:HAL_SYSTICK_IRQHandler	8	static
stm32h7xx_hal_cortex.c:470:10:HAL_GetCurrentCPUID	0	static
