stm32h7xx_hal_rcc_ex.c:2494:26:RCCEx_PLL2_Config	16	static
stm32h7xx_hal_rcc_ex.c:2573:26:RCCEx_PLL3_Config	16	static
stm32h7xx_hal_rcc_ex.c:124:19:HAL_RCCEx_PeriphCLKConfig	32	static
stm32h7xx_hal_rcc_ex.c:1370:6:HAL_RCCEx_GetPeriphCLKConfig	20	static
stm32h7xx_hal_rcc_ex.c:1839:10:HAL_RCCEx_GetD1PCLK1Freq	8	static
stm32h7xx_hal_rcc_ex.c:1851:10:HAL_RCCEx_GetD3PCLK1Freq	8	static
stm32h7xx_hal_rcc_ex.c:1870:6:HAL_RCCEx_GetPLL2ClockFreq	12	static
stm32h7xx_hal_rcc_ex.c:1932:6:HAL_RCCEx_GetPLL3ClockFreq	12	static
stm32h7xx_hal_rcc_ex.c:1989:6:HAL_RCCEx_GetPLL1ClockFreq	12	static
stm32h7xx_hal_rcc_ex.c:1483:10:HAL_RCCEx_GetPeriphCLKFreq	24	static
stm32h7xx_hal_rcc_ex.c:2040:10:HAL_RCCEx_GetD1SysClockFreq	8	static
stm32h7xx_hal_rcc_ex.c:2053:6:HAL_RCCEx_EnableLSECSS	0	static
stm32h7xx_hal_rcc_ex.c:2063:6:HAL_RCCEx_DisableLSECSS	0	static
stm32h7xx_hal_rcc_ex.c:2080:6:HAL_RCCEx_WakeUpStopCLKConfig	0	static
stm32h7xx_hal_rcc_ex.c:2095:6:HAL_RCCEx_KerWakeUpStopCLKConfig	0	static
stm32h7xx_hal_rcc_ex.c:2113:6:HAL_RCCEx_WWDGxSysResetConfig	0	static
stm32h7xx_hal_rcc_ex.c:2190:6:HAL_RCCEx_CRSConfig	8	static
stm32h7xx_hal_rcc_ex.c:2232:6:HAL_RCCEx_CRSSoftwareSynchronizationGenerate	0	static
stm32h7xx_hal_rcc_ex.c:2242:6:HAL_RCCEx_CRSGetSynchronizationInfo	8	static
stm32h7xx_hal_rcc_ex.c:2275:10:HAL_RCCEx_CRSWaitSynchronization	24	static
stm32h7xx_hal_rcc_ex.c:2423:13:HAL_RCCEx_CRS_SyncOkCallback	0	static
stm32h7xx_hal_rcc_ex.c:2434:13:HAL_RCCEx_CRS_SyncWarnCallback	0	static
stm32h7xx_hal_rcc_ex.c:2445:13:HAL_RCCEx_CRS_ExpectedSyncCallback	0	static
stm32h7xx_hal_rcc_ex.c:2461:13:HAL_RCCEx_CRS_ErrorCallback	0	static
stm32h7xx_hal_rcc_ex.c:2358:6:HAL_RCCEx_CRS_IRQHandler	8	static
