stm32h7xx_hal_flash_ex.c:162:19:HAL_FLASHEx_Erase	24	static
stm32h7xx_hal_flash_ex.c:262:19:HAL_FLASHEx_Erase_IT	24	static
stm32h7xx_hal_flash_ex.c:346:19:HAL_FLASHEx_OBProgram	24	static
stm32h7xx_hal_flash_ex.c:474:6:HAL_FLASHEx_OBGetConfig	16	static
stm32h7xx_hal_flash_ex.c:508:19:HAL_FLASHEx_Unlock_Bank1	4	static
stm32h7xx_hal_flash_ex.c:528:19:HAL_FLASHEx_Lock_Bank1	4	static
stm32h7xx_hal_flash_ex.c:539:19:HAL_FLASHEx_Unlock_Bank2	4	static
stm32h7xx_hal_flash_ex.c:559:19:HAL_FLASHEx_Lock_Bank2	4	static
stm32h7xx_hal_flash_ex.c:583:13:FLASH_MassErase	16	static
stm32h7xx_hal_flash_ex.c:641:6:FLASH_Erase_Sector	40	static
stm32h7xx_hal_flash_ex.c:682:26:FLASH_OB_EnableWRP	24	static
stm32h7xx_hal_flash_ex.c:744:26:FLASH_OB_DisableWRP	24	static
stm32h7xx_hal_flash_ex.c:807:13:FLASH_OB_GetWRP	32	static
stm32h7xx_hal_flash_ex.c:852:26:FLASH_OB_RDPConfig	24	static
stm32h7xx_hal_flash_ex.c:884:17:FLASH_OB_GetRDP	4	static
stm32h7xx_hal_flash_ex.c:908:26:FLASH_OB_UserConfig	32	static
stm32h7xx_hal_flash_ex.c:1013:17:FLASH_OB_GetUser	16	static
stm32h7xx_hal_flash_ex.c:1047:26:FLASH_OB_PCROPConfig	48	static
stm32h7xx_hal_flash_ex.c:1120:13:FLASH_OB_GetPCROP	40	static
stm32h7xx_hal_flash_ex.c:1157:26:FLASH_OB_BOR_LevelConfig	24	static
stm32h7xx_hal_flash_ex.c:1188:17:FLASH_OB_GetBOR	4	static
stm32h7xx_hal_flash_ex.c:1203:26:FLASH_OB_BootAddConfig	32	static
stm32h7xx_hal_flash_ex.c:1248:13:FLASH_OB_GetBootAdd	24	static
stm32h7xx_hal_flash_ex.c:1269:26:FLASH_OB_SecureAreaConfig	48	static
stm32h7xx_hal_flash_ex.c:1333:13:FLASH_OB_GetSecureArea	40	static
