stm32h7xx_hal.c:144:19:HAL_Init	8	static
stm32h7xx_hal.c:167:19:HAL_DeInit	8	static
stm32h7xx_hal.c:208:13:HAL_MspInit	4	static
stm32h7xx_hal.c:219:13:HAL_MspDeInit	4	static
stm32h7xx_hal.c:242:26:HAL_InitTick	16	static
stm32h7xx_hal.c:301:13:HAL_IncTick	4	static
stm32h7xx_hal.c:312:17:HAL_GetTick	4	static
stm32h7xx_hal.c:321:10:HAL_GetTickPrio	4	static
stm32h7xx_hal.c:330:19:HAL_SetTickFreq	24	static
stm32h7xx_hal.c:350:21:HAL_GetTickFreq	4	static
stm32h7xx_hal.c:366:13:HAL_Delay	24	static
stm32h7xx_hal.c:392:13:HAL_SuspendTick	4	static
stm32h7xx_hal.c:408:13:HAL_ResumeTick	4	static
stm32h7xx_hal.c:418:10:HAL_GetHalVersion	4	static
stm32h7xx_hal.c:427:10:HAL_GetREVID	4	static
stm32h7xx_hal.c:436:10:HAL_GetDEVID	4	static
stm32h7xx_hal.c:455:6:HAL_SYSCFG_VREFBUF_VoltageScalingConfig	16	static
stm32h7xx_hal.c:471:6:HAL_SYSCFG_VREFBUF_HighImpedanceConfig	16	static
stm32h7xx_hal.c:483:6:HAL_SYSCFG_VREFBUF_TrimmingConfig	16	static
stm32h7xx_hal.c:495:19:HAL_SYSCFG_EnableVREFBUF	16	static
stm32h7xx_hal.c:521:6:HAL_SYSCFG_DisableVREFBUF	4	static
stm32h7xx_hal.c:534:6:HAL_SYSCFG_ETHInterfaceSelect	16	static
stm32h7xx_hal.c:564:6:HAL_SYSCFG_AnalogSwitchConfig	16	static
stm32h7xx_hal.c:582:6:HAL_SYSCFG_EnableBOOST	4	static
stm32h7xx_hal.c:594:6:HAL_SYSCFG_DisableBOOST	4	static
stm32h7xx_hal.c:609:6:HAL_SYSCFG_CM7BootAddConfig	24	static
stm32h7xx_hal.c:634:6:HAL_EnableCompensationCell	4	static
stm32h7xx_hal.c:645:6:HAL_DisableCompensationCell	4	static
stm32h7xx_hal.c:658:6:HAL_SYSCFG_EnableIOSpeedOptimize	4	static
stm32h7xx_hal.c:670:6:HAL_SYSCFG_DisableIOSpeedOptimize	4	static
stm32h7xx_hal.c:683:6:HAL_SYSCFG_CompensationCodeSelect	16	static
stm32h7xx_hal.c:700:6:HAL_SYSCFG_CompensationCodeConfig	16	static
stm32h7xx_hal.c:713:6:HAL_DBGMCU_EnableDBGSleepMode	4	static
stm32h7xx_hal.c:722:6:HAL_DBGMCU_DisableDBGSleepMode	4	static
stm32h7xx_hal.c:731:6:HAL_DBGMCU_EnableDBGStopMode	4	static
stm32h7xx_hal.c:740:6:HAL_DBGMCU_DisableDBGStopMode	4	static
stm32h7xx_hal.c:749:6:HAL_DBGMCU_EnableDBGStandbyMode	4	static
stm32h7xx_hal.c:758:6:HAL_DBGMCU_DisableDBGStandbyMode	4	static
stm32h7xx_hal.c:769:6:HAL_EnableDomain3DBGStopMode	4	static
stm32h7xx_hal.c:778:6:HAL_DisableDomain3DBGStopMode	4	static
stm32h7xx_hal.c:787:6:HAL_EnableDomain3DBGStandbyMode	4	static
stm32h7xx_hal.c:796:6:HAL_DisableDomain3DBGStandbyMode	4	static
stm32h7xx_hal.c:807:6:HAL_SetFMCMemorySwappingConfig	16	static
stm32h7xx_hal.c:819:10:HAL_GetFMCMemorySwappingConfig	4	static
stm32h7xx_hal.c:836:6:HAL_EXTI_EdgeConfig	16	static
stm32h7xx_hal.c:862:6:HAL_EXTI_GenerateSWInterrupt	16	static
stm32h7xx_hal.c:877:6:HAL_EXTI_D1_ClearFlag	16	static
stm32h7xx_hal.c:897:6:HAL_EXTI_D1_EventInputConfig	24	static
stm32h7xx_hal.c:945:6:HAL_EXTI_D3_EventInputConfig	24	static
