stm32h7xx_hal_uart.c:2502:13:UART_EndRxTransfer	0	static
stm32h7xx_hal_uart.c:546:13:HAL_UART_MspInit	0	static
stm32h7xx_hal_uart.c:561:13:HAL_UART_MspDeInit	0	static
stm32h7xx_hal_uart.c:508:19:HAL_UART_DeInit	16	static
stm32h7xx_hal_uart.c:800:19:HAL_UART_Transmit_IT	0	static
stm32h7xx_hal_uart.c:850:19:HAL_UART_Receive_IT	0	static
stm32h7xx_hal_uart.c:908:19:HAL_UART_Transmit_DMA	16	static
stm32h7xx_hal_uart.c:970:19:HAL_UART_Receive_DMA	16	static
stm32h7xx_hal_uart.c:1030:19:HAL_UART_DMAPause	0	static
stm32h7xx_hal_uart.c:1063:19:HAL_UART_DMAResume	0	static
stm32h7xx_hal_uart.c:1097:19:HAL_UART_DMAStop	8	static
stm32h7xx_hal_uart.c:1151:19:HAL_UART_Abort	8	static
stm32h7xx_hal_uart.c:1218:19:HAL_UART_AbortTransmit	8	static
stm32h7xx_hal_uart.c:1261:19:HAL_UART_AbortReceive	8	static
stm32h7xx_hal_uart.c:1727:13:HAL_UART_TxCpltCallback	0	static
stm32h7xx_hal_uart.c:2518:13:UART_DMATransmitCplt	8	static
stm32h7xx_hal_uart.c:1742:13:HAL_UART_TxHalfCpltCallback	0	static
stm32h7xx_hal_uart.c:2547:13:UART_DMATxHalfCplt	8	static
stm32h7xx_hal_uart.c:1757:13:HAL_UART_RxCpltCallback	0	static
stm32h7xx_hal_uart.c:2559:13:UART_DMAReceiveCplt	8	static
stm32h7xx_hal_uart.c:2855:26:UART_Receive_IT	8	static
stm32h7xx_hal_uart.c:1772:13:HAL_UART_RxHalfCpltCallback	0	static
stm32h7xx_hal_uart.c:2588:13:UART_DMARxHalfCplt	8	static
stm32h7xx_hal_uart.c:1787:13:HAL_UART_ErrorCallback	0	static
stm32h7xx_hal_uart.c:2600:13:UART_DMAError	8	static
stm32h7xx_hal_uart.c:1563:6:HAL_UART_IRQHandler	16	static
stm32h7xx_hal_uart.c:2634:13:UART_DMAAbortOnError	8	static
stm32h7xx_hal_uart.c:1802:13:HAL_UART_AbortCpltCallback	0	static
stm32h7xx_hal_uart.c:1309:19:HAL_UART_Abort_IT	8	static
stm32h7xx_hal_uart.c:2693:13:UART_DMARxAbortCallback	8	static
stm32h7xx_hal_uart.c:2651:13:UART_DMATxAbortCallback	8	static
stm32h7xx_hal_uart.c:1817:13:HAL_UART_AbortTransmitCpltCallback	0	static
stm32h7xx_hal_uart.c:1434:19:HAL_UART_AbortTransmit_IT	8	static
stm32h7xx_hal_uart.c:2735:13:UART_DMATxOnlyAbortCallback	8	static
stm32h7xx_hal_uart.c:1832:13:HAL_UART_AbortReceiveCpltCallback	0	static
stm32h7xx_hal_uart.c:1500:19:HAL_UART_AbortReceive_IT	8	static
stm32h7xx_hal_uart.c:2756:13:UART_DMARxOnlyAbortCallback	8	static
stm32h7xx_hal_uart.c:1916:6:HAL_MultiProcessor_EnterMuteMode	0	static
stm32h7xx_hal_uart.c:1926:19:HAL_HalfDuplex_EnableTransmitter	0	static
stm32h7xx_hal_uart.c:1950:19:HAL_HalfDuplex_EnableReceiver	0	static
stm32h7xx_hal_uart.c:1974:19:HAL_LIN_SendBreak	0	static
stm32h7xx_hal_uart.c:2022:23:HAL_UART_GetState	0	static
stm32h7xx_hal_uart.c:2037:10:HAL_UART_GetError	0	static
stm32h7xx_hal_uart.c:2058:19:UART_SetConfig	56	static
stm32h7xx_hal_uart.c:2330:6:UART_AdvFeatureConfig	8	static
stm32h7xx_hal_uart.c:2454:19:UART_WaitOnFlagUntilTimeout	24	static
stm32h7xx_hal_uart.c:660:19:HAL_UART_Transmit	32	static
stm32h7xx_hal_uart.c:729:19:HAL_UART_Receive	32	static
stm32h7xx_hal_uart.c:2404:19:UART_CheckIdleState	24	static
stm32h7xx_hal_uart.c:231:19:HAL_UART_Init	8	static
stm32h7xx_hal_uart.c:294:19:HAL_HalfDuplex_Init	8	static
stm32h7xx_hal_uart.c:357:19:HAL_LIN_Init	16	static
stm32h7xx_hal_uart.c:444:19:HAL_MultiProcessor_Init	16	static
stm32h7xx_hal_uart.c:1874:19:HAL_MultiProcessor_EnableMuteMode	0	static
stm32h7xx_hal_uart.c:1895:19:HAL_MultiProcessor_DisableMuteMode	0	static
