core_cm7.h:1854:22:__NVIC_SetPriorityGrouping	24	static
core_cm7.h:1873:26:__NVIC_GetPriorityGrouping	4	static
core_cm7.h:1885:22:__NVIC_EnableIRQ	16	static
core_cm7.h:1921:22:__NVIC_DisableIRQ	16	static
core_cm7.h:1940:26:__NVIC_GetPendingIRQ	16	static
core_cm7.h:1959:22:__NVIC_SetPendingIRQ	16	static
core_cm7.h:1974:22:__NVIC_ClearPendingIRQ	16	static
core_cm7.h:1991:26:__NVIC_GetActive	16	static
core_cm7.h:2013:22:__NVIC_SetPriority	16	static
core_cm7.h:2035:26:__NVIC_GetPriority	16	static
core_cm7.h:2060:26:NVIC_EncodePriority	40	static
core_cm7.h:2087:22:NVIC_DecodePriority	40	static
core_cm7.h:2136:22:__NVIC_SystemReset	4	static
core_cm7.h:2553:26:SysTick_Config	16	static
stm32h7xx_hal_cortex.c:161:6:HAL_NVIC_SetPriorityGrouping	16	static
stm32h7xx_hal_cortex.c:183:6:HAL_NVIC_SetPriority	32	static
stm32h7xx_hal_cortex.c:205:6:HAL_NVIC_EnableIRQ	16	static
stm32h7xx_hal_cortex.c:221:6:HAL_NVIC_DisableIRQ	16	static
stm32h7xx_hal_cortex.c:234:6:HAL_NVIC_SystemReset	8	static
stm32h7xx_hal_cortex.c:247:10:HAL_SYSTICK_Config	16	static
stm32h7xx_hal_cortex.c:277:6:HAL_MPU_ConfigRegion	16	static
stm32h7xx_hal_cortex.c:321:10:HAL_NVIC_GetPriorityGrouping	8	static
stm32h7xx_hal_cortex.c:348:6:HAL_NVIC_GetPriority	24	static
stm32h7xx_hal_cortex.c:363:6:HAL_NVIC_SetPendingIRQ	16	static
stm32h7xx_hal_cortex.c:381:10:HAL_NVIC_GetPendingIRQ	16	static
stm32h7xx_hal_cortex.c:397:6:HAL_NVIC_ClearPendingIRQ	16	static
stm32h7xx_hal_cortex.c:414:10:HAL_NVIC_GetActive	16	static
stm32h7xx_hal_cortex.c:431:6:HAL_SYSTICK_CLKSourceConfig	16	static
stm32h7xx_hal_cortex.c:449:6:HAL_SYSTICK_IRQHandler	8	static
stm32h7xx_hal_cortex.c:458:13:HAL_SYSTICK_Callback	4	static
stm32h7xx_hal_cortex.c:470:10:HAL_GetCurrentCPUID	4	static
