stm32h7xx_hal_tim_ex.c:2064:13:TIM_CCxNChannelCmd	8	static
stm32h7xx_hal_tim_ex.c:265:13:HAL_TIMEx_HallSensor_MspInit	0	static
stm32h7xx_hal_tim_ex.c:160:19:HAL_TIMEx_HallSensor_Init	48	static
stm32h7xx_hal_tim_ex.c:280:13:HAL_TIMEx_HallSensor_MspDeInit	0	static
stm32h7xx_hal_tim_ex.c:238:19:HAL_TIMEx_HallSensor_DeInit	8	static
stm32h7xx_hal_tim_ex.c:295:19:HAL_TIMEx_HallSensor_Start	8	static
stm32h7xx_hal_tim_ex.c:316:19:HAL_TIMEx_HallSensor_Stop	8	static
stm32h7xx_hal_tim_ex.c:337:19:HAL_TIMEx_HallSensor_Start_IT	8	static
stm32h7xx_hal_tim_ex.c:361:19:HAL_TIMEx_HallSensor_Stop_IT	8	static
stm32h7xx_hal_tim_ex.c:387:19:HAL_TIMEx_HallSensor_Start_DMA	16	static
stm32h7xx_hal_tim_ex.c:434:19:HAL_TIMEx_HallSensor_Stop_DMA	8	static
stm32h7xx_hal_tim_ex.c:866:19:HAL_TIMEx_PWMN_Start	8	static
stm32h7xx_hal_tim_ex.c:490:19:HAL_TIMEx_OCN_Start	0	static
stm32h7xx_hal_tim_ex.c:924:19:HAL_TIMEx_PWMN_Start_IT	8	static
stm32h7xx_hal_tim_ex.c:549:19:HAL_TIMEx_OCN_Start_IT	0	static
stm32h7xx_hal_tim_ex.c:983:19:HAL_TIMEx_PWMN_Stop_IT	8	static
stm32h7xx_hal_tim_ex.c:608:19:HAL_TIMEx_OCN_Stop_IT	0	static
stm32h7xx_hal_tim_ex.c:1050:19:HAL_TIMEx_PWMN_Start_DMA	16	static
stm32h7xx_hal_tim_ex.c:675:19:HAL_TIMEx_OCN_Start_DMA	0	static
stm32h7xx_hal_tim_ex.c:1148:19:HAL_TIMEx_PWMN_Stop_DMA	8	static
stm32h7xx_hal_tim_ex.c:773:19:HAL_TIMEx_OCN_Stop_DMA	0	static
stm32h7xx_hal_tim_ex.c:1228:19:HAL_TIMEx_OnePulseN_Start	8	static
stm32h7xx_hal_tim_ex.c:1253:19:HAL_TIMEx_OnePulseN_Stop	8	static
stm32h7xx_hal_tim_ex.c:895:19:HAL_TIMEx_PWMN_Stop	0	static
stm32h7xx_hal_tim_ex.c:520:19:HAL_TIMEx_OCN_Stop	0	static
stm32h7xx_hal_tim_ex.c:1282:19:HAL_TIMEx_OnePulseN_Start_IT	8	static
stm32h7xx_hal_tim_ex.c:1313:19:HAL_TIMEx_OnePulseN_Stop_IT	8	static
stm32h7xx_hal_tim_ex.c:1381:19:HAL_TIMEx_ConfigCommutationEvent	8	static
stm32h7xx_hal_tim_ex.c:1430:19:HAL_TIMEx_ConfigCommutationEvent_IT	8	static
stm32h7xx_hal_tim_ex.c:1483:19:HAL_TIMEx_ConfigCommutationEvent_DMA	8	static
stm32h7xx_hal_tim_ex.c:1527:19:HAL_TIMEx_MasterConfigSynchronization	12	static
stm32h7xx_hal_tim_ex.c:1588:19:HAL_TIMEx_ConfigBreakDeadTime	8	static
stm32h7xx_hal_tim_ex.c:1650:19:HAL_TIMEx_ConfigBreakInput	20	static
stm32h7xx_hal_tim_ex.c:1808:19:HAL_TIMEx_RemapConfig	0	static
stm32h7xx_hal_tim_ex.c:1895:20:HAL_TIMEx_TISelection	12	static
stm32h7xx_hal_tim_ex.c:1930:19:HAL_TIMEx_GroupChannel5	0	static
stm32h7xx_hal_tim_ex.c:1980:13:HAL_TIMEx_CommutationCallback	0	static
stm32h7xx_hal_tim_ex.c:2043:6:TIMEx_DMACommutationCplt	8	static
stm32h7xx_hal_tim_ex.c:1995:13:HAL_TIMEx_BreakCallback	0	static
stm32h7xx_hal_tim_ex.c:2029:22:HAL_TIMEx_HallSensor_GetState	0	static
