stm32h7xx_hal_dma.c:1662:13:DMA_SetConfig	20	static
stm32h7xx_hal_dma.c:1741:17:DMA_CalcBaseAndBitshift	0	static
stm32h7xx_hal_dma.c:1863:13:DMA_CalcDMAMUXChannelBaseAndMask	0	static
stm32h7xx_hal_dma.c:1899:13:DMA_CalcDMAMUXRequestGenBaseAndMask	8	static
stm32h7xx_hal_dma.c:211:19:HAL_DMA_Init	16	static
stm32h7xx_hal_dma.c:439:19:HAL_DMA_DeInit	8	static
stm32h7xx_hal_dma.c:582:19:HAL_DMA_Start	16	static
stm32h7xx_hal_dma.c:638:19:HAL_DMA_Start_IT	16	static
stm32h7xx_hal_dma.c:737:19:HAL_DMA_Abort	24	static
stm32h7xx_hal_dma.c:844:19:HAL_DMA_Abort_IT	8	static
stm32h7xx_hal_dma.c:922:19:HAL_DMA_PollForTransfer	48	static
stm32h7xx_hal_dma.c:1158:6:HAL_DMA_IRQHandler	32	static
stm32h7xx_hal_dma.c:1468:19:HAL_DMA_RegisterCallback	8	static
stm32h7xx_hal_dma.c:1534:19:HAL_DMA_UnRegisterCallback	0	static
stm32h7xx_hal_dma.c:1625:22:HAL_DMA_GetState	0	static
stm32h7xx_hal_dma.c:1636:10:HAL_DMA_GetError	0	static
