stm32h7xx_hal_rcc.c:206:6:HAL_RCC_DeInit	4	static
stm32h7xx_hal_rcc.c:272:26:HAL_RCC_OscConfig	64	static
stm32h7xx_hal_rcc.c:736:19:HAL_RCC_ClockConfig	32	static
stm32h7xx_hal_rcc.c:954:6:HAL_RCC_MCOConfig	56	static
stm32h7xx_hal_rcc.c:1008:6:HAL_RCC_EnableCSS	4	static
stm32h7xx_hal_rcc.c:1047:10:HAL_RCC_GetSysClockFreq	40	static
stm32h7xx_hal_rcc.c:1136:10:HAL_RCC_GetHCLKFreq	16	static
stm32h7xx_hal_rcc.c:1149:10:HAL_RCC_GetPCLK1Freq	16	static
stm32h7xx_hal_rcc.c:1162:10:HAL_RCC_GetPCLK2Freq	16	static
stm32h7xx_hal_rcc.c:1175:6:HAL_RCC_GetOscConfig	88	static
stm32h7xx_hal_rcc.c:1280:6:HAL_RCC_GetClockConfig	16	static
stm32h7xx_hal_rcc.c:1317:6:HAL_RCC_NMI_IRQHandler	8	static
stm32h7xx_hal_rcc.c:1334:13:HAL_RCC_CSSCallback	4	static
