stm32h7xx_hal_pwr_ex.c:150:19:HAL_PWREx_ConfigSupply	24	static
stm32h7xx_hal_pwr_ex.c:180:11:HAL_PWREx_GetSupplyConfig	4	static
stm32h7xx_hal_pwr_ex.c:203:19:HAL_PWREx_ControlVoltageScaling	24	static
stm32h7xx_hal_pwr_ex.c:232:11:HAL_PWREx_GetVoltageRange	4	static
stm32h7xx_hal_pwr_ex.c:253:19:HAL_PWREx_ControlStopModeVoltageScaling	16	static
stm32h7xx_hal_pwr_ex.c:267:11:HAL_PWREx_GetStopModeVoltageRange	4	static
stm32h7xx_hal_pwr_ex.c:434:6:HAL_PWREx_EnterSTOPMode	24	static
stm32h7xx_hal_pwr_ex.c:508:6:HAL_PWREx_EnterSTANDBYMode	16	static
stm32h7xx_hal_pwr_ex.c:554:6:HAL_PWREx_ConfigD3Domain	16	static
stm32h7xx_hal_pwr_ex.c:571:6:HAL_PWREx_EnableFlashPowerDown	4	static
stm32h7xx_hal_pwr_ex.c:581:6:HAL_PWREx_DisableFlashPowerDown	4	static
stm32h7xx_hal_pwr_ex.c:593:6:HAL_PWREx_EnableWakeUpPin	64	static
stm32h7xx_hal_pwr_ex.c:631:6:HAL_PWREx_DisableWakeUpPin	16	static
stm32h7xx_hal_pwr_ex.c:652:11:HAL_PWREx_GetWakeupFlag	16	static
stm32h7xx_hal_pwr_ex.c:672:19:HAL_PWREx_ClearWakeupFlag	16	static
stm32h7xx_hal_pwr_ex.c:692:6:HAL_PWREx_WAKEUP_PIN_IRQHandler	8	static
stm32h7xx_hal_pwr_ex.c:749:13:HAL_PWREx_WKUP1_Callback	4	static
stm32h7xx_hal_pwr_ex.c:760:13:HAL_PWREx_WKUP2_Callback	4	static
stm32h7xx_hal_pwr_ex.c:771:13:HAL_PWREx_WKUP3_Callback	4	static
stm32h7xx_hal_pwr_ex.c:782:13:HAL_PWREx_WKUP4_Callback	4	static
stm32h7xx_hal_pwr_ex.c:793:13:HAL_PWREx_WKUP5_Callback	4	static
stm32h7xx_hal_pwr_ex.c:804:13:HAL_PWREx_WKUP6_Callback	4	static
stm32h7xx_hal_pwr_ex.c:889:19:HAL_PWREx_EnableBkUpReg	16	static
stm32h7xx_hal_pwr_ex.c:914:19:HAL_PWREx_DisableBkUpReg	16	static
stm32h7xx_hal_pwr_ex.c:939:19:HAL_PWREx_EnableUSBReg	16	static
stm32h7xx_hal_pwr_ex.c:965:19:HAL_PWREx_DisableUSBReg	16	static
stm32h7xx_hal_pwr_ex.c:990:6:HAL_PWREx_EnableUSBVoltageDetector	4	static
stm32h7xx_hal_pwr_ex.c:1000:6:HAL_PWREx_DisableUSBVoltageDetector	4	static
stm32h7xx_hal_pwr_ex.c:1016:6:HAL_PWREx_EnableBatteryCharging	16	static
stm32h7xx_hal_pwr_ex.c:1032:6:HAL_PWREx_DisableBatteryCharging	4	static
stm32h7xx_hal_pwr_ex.c:1088:6:HAL_PWREx_EnableMonitoring	4	static
stm32h7xx_hal_pwr_ex.c:1098:6:HAL_PWREx_DisableMonitoring	4	static
stm32h7xx_hal_pwr_ex.c:1108:10:HAL_PWREx_GetTemperatureLevel	16	static
stm32h7xx_hal_pwr_ex.c:1137:10:HAL_PWREx_GetVBATLevel	16	static
stm32h7xx_hal_pwr_ex.c:1170:6:HAL_PWREx_ConfigAVD	16	static
stm32h7xx_hal_pwr_ex.c:1212:6:HAL_PWREx_EnableAVD	4	static
stm32h7xx_hal_pwr_ex.c:1222:6:HAL_PWREx_DisableAVD	4	static
stm32h7xx_hal_pwr_ex.c:1233:6:HAL_PWREx_PVD_AVD_IRQHandler	8	static
stm32h7xx_hal_pwr_ex.c:1268:13:HAL_PWREx_AVDCallback	4	static
