stm32h7xx_hal_pwr_ex.c:150:19:HAL_PWREx_ConfigSupply	16	static
stm32h7xx_hal_pwr_ex.c:180:11:HAL_PWREx_GetSupplyConfig	0	static
stm32h7xx_hal_pwr_ex.c:203:19:HAL_PWREx_ControlVoltageScaling	16	static
stm32h7xx_hal_pwr_ex.c:232:11:HAL_PWREx_GetVoltageRange	0	static
stm32h7xx_hal_pwr_ex.c:253:19:HAL_PWREx_ControlStopModeVoltageScaling	0	static
stm32h7xx_hal_pwr_ex.c:267:11:HAL_PWREx_GetStopModeVoltageRange	0	static
stm32h7xx_hal_pwr_ex.c:434:6:HAL_PWREx_EnterSTOPMode	8	static
stm32h7xx_hal_pwr_ex.c:508:6:HAL_PWREx_EnterSTANDBYMode	0	static
stm32h7xx_hal_pwr_ex.c:554:6:HAL_PWREx_ConfigD3Domain	0	static
stm32h7xx_hal_pwr_ex.c:571:6:HAL_PWREx_EnableFlashPowerDown	0	static
stm32h7xx_hal_pwr_ex.c:581:6:HAL_PWREx_DisableFlashPowerDown	0	static
stm32h7xx_hal_pwr_ex.c:593:6:HAL_PWREx_EnableWakeUpPin	20	static
stm32h7xx_hal_pwr_ex.c:631:6:HAL_PWREx_DisableWakeUpPin	0	static
stm32h7xx_hal_pwr_ex.c:652:11:HAL_PWREx_GetWakeupFlag	0	static
stm32h7xx_hal_pwr_ex.c:672:19:HAL_PWREx_ClearWakeupFlag	0	static
stm32h7xx_hal_pwr_ex.c:749:13:HAL_PWREx_WKUP1_Callback	0	static
stm32h7xx_hal_pwr_ex.c:760:13:HAL_PWREx_WKUP2_Callback	0	static
stm32h7xx_hal_pwr_ex.c:771:13:HAL_PWREx_WKUP3_Callback	0	static
stm32h7xx_hal_pwr_ex.c:782:13:HAL_PWREx_WKUP4_Callback	0	static
stm32h7xx_hal_pwr_ex.c:793:13:HAL_PWREx_WKUP5_Callback	0	static
stm32h7xx_hal_pwr_ex.c:804:13:HAL_PWREx_WKUP6_Callback	0	static
stm32h7xx_hal_pwr_ex.c:692:6:HAL_PWREx_WAKEUP_PIN_IRQHandler	8	static
stm32h7xx_hal_pwr_ex.c:889:19:HAL_PWREx_EnableBkUpReg	16	static
stm32h7xx_hal_pwr_ex.c:914:19:HAL_PWREx_DisableBkUpReg	16	static
stm32h7xx_hal_pwr_ex.c:939:19:HAL_PWREx_EnableUSBReg	16	static
stm32h7xx_hal_pwr_ex.c:965:19:HAL_PWREx_DisableUSBReg	16	static
stm32h7xx_hal_pwr_ex.c:990:6:HAL_PWREx_EnableUSBVoltageDetector	0	static
stm32h7xx_hal_pwr_ex.c:1000:6:HAL_PWREx_DisableUSBVoltageDetector	0	static
stm32h7xx_hal_pwr_ex.c:1016:6:HAL_PWREx_EnableBatteryCharging	0	static
stm32h7xx_hal_pwr_ex.c:1032:6:HAL_PWREx_DisableBatteryCharging	0	static
stm32h7xx_hal_pwr_ex.c:1088:6:HAL_PWREx_EnableMonitoring	0	static
stm32h7xx_hal_pwr_ex.c:1098:6:HAL_PWREx_DisableMonitoring	0	static
stm32h7xx_hal_pwr_ex.c:1108:10:HAL_PWREx_GetTemperatureLevel	0	static
stm32h7xx_hal_pwr_ex.c:1137:10:HAL_PWREx_GetVBATLevel	0	static
stm32h7xx_hal_pwr_ex.c:1170:6:HAL_PWREx_ConfigAVD	0	static
stm32h7xx_hal_pwr_ex.c:1212:6:HAL_PWREx_EnableAVD	0	static
stm32h7xx_hal_pwr_ex.c:1222:6:HAL_PWREx_DisableAVD	0	static
stm32h7xx_hal_pwr_ex.c:1268:13:HAL_PWREx_AVDCallback	0	static
stm32h7xx_hal_pwr_ex.c:1233:6:HAL_PWREx_PVD_AVD_IRQHandler	16	static
