stm32h7xx_hal_i2c.c:4268:13:I2C_Flush_TXDR	0	static
stm32h7xx_hal_i2c.c:4388:13:I2C_DMASlaveReceiveCplt	0	static
stm32h7xx_hal_i2c.c:4674:13:I2C_TransferConfig	12	static
stm32h7xx_hal_i2c.c:4693:26:I2C_Enable_IRQ	12	static
stm32h7xx_hal_i2c.c:4766:26:I2C_Disable_IRQ	0	static
stm32h7xx_hal_i2c.c:4456:26:I2C_WaitOnFlagUntilTimeout	24	static
stm32h7xx_hal_i2c.c:4289:13:I2C_DMAMasterTransmitCplt	8	static
stm32h7xx_hal_i2c.c:4346:13:I2C_DMAMasterReceiveCplt	8	static
stm32h7xx_hal_i2c.c:4608:26:I2C_IsAcknowledgeFailed	16	static
stm32h7xx_hal_i2c.c:4485:26:I2C_WaitOnTXISFlagUntilTimeout	16	static
stm32h7xx_hal_i2c.c:3625:26:I2C_RequestMemoryWrite	32	static
stm32h7xx_hal_i2c.c:3691:26:I2C_RequestMemoryRead	32	static
stm32h7xx_hal_i2c.c:4556:26:I2C_WaitOnRXNEFlagUntilTimeout	16	static
stm32h7xx_hal_i2c.c:4331:13:I2C_DMASlaveTransmitCplt	0	static
stm32h7xx_hal_i2c.c:4522:26:I2C_WaitOnSTOPFlagUntilTimeout	16	static
stm32h7xx_hal_i2c.c:530:13:HAL_I2C_MspInit	0	static
stm32h7xx_hal_i2c.c:407:19:HAL_I2C_Init	8	static
stm32h7xx_hal_i2c.c:546:13:HAL_I2C_MspDeInit	0	static
stm32h7xx_hal_i2c.c:494:19:HAL_I2C_DeInit	8	static
stm32h7xx_hal_i2c.c:629:19:HAL_I2C_Master_Transmit	40	static
stm32h7xx_hal_i2c.c:752:19:HAL_I2C_Master_Receive	40	static
stm32h7xx_hal_i2c.c:875:19:HAL_I2C_Slave_Transmit	40	static
stm32h7xx_hal_i2c.c:1015:19:HAL_I2C_Slave_Receive	40	static
stm32h7xx_hal_i2c.c:1146:19:HAL_I2C_Master_Transmit_IT	24	static
stm32h7xx_hal_i2c.c:1214:19:HAL_I2C_Master_Receive_IT	24	static
stm32h7xx_hal_i2c.c:1281:19:HAL_I2C_Slave_Transmit_IT	16	static
stm32h7xx_hal_i2c.c:1330:19:HAL_I2C_Slave_Receive_IT	16	static
stm32h7xx_hal_i2c.c:1380:19:HAL_I2C_Master_Transmit_DMA	32	static
stm32h7xx_hal_i2c.c:1487:19:HAL_I2C_Master_Receive_DMA	32	static
stm32h7xx_hal_i2c.c:1592:19:HAL_I2C_Slave_Transmit_DMA	16	static
stm32h7xx_hal_i2c.c:1658:19:HAL_I2C_Slave_Receive_DMA	16	static
stm32h7xx_hal_i2c.c:1727:19:HAL_I2C_Mem_Write	56	static
stm32h7xx_hal_i2c.c:1878:19:HAL_I2C_Mem_Read	56	static
stm32h7xx_hal_i2c.c:2020:19:HAL_I2C_Mem_Write_IT	40	static
stm32h7xx_hal_i2c.c:2118:19:HAL_I2C_Mem_Read_IT	40	static
stm32h7xx_hal_i2c.c:2215:19:HAL_I2C_Mem_Write_DMA	40	static
stm32h7xx_hal_i2c.c:2330:19:HAL_I2C_Mem_Read_DMA	40	static
stm32h7xx_hal_i2c.c:2443:19:HAL_I2C_IsDeviceReady	48	static
stm32h7xx_hal_i2c.c:2561:19:HAL_I2C_Master_Sequential_Transmit_IT	24	static
stm32h7xx_hal_i2c.c:2633:19:HAL_I2C_Master_Sequential_Receive_IT	24	static
stm32h7xx_hal_i2c.c:2704:19:HAL_I2C_Slave_Sequential_Transmit_IT	24	static
stm32h7xx_hal_i2c.c:2778:19:HAL_I2C_Slave_Sequential_Receive_IT	24	static
stm32h7xx_hal_i2c.c:2848:19:HAL_I2C_EnableListen_IT	8	static
stm32h7xx_hal_i2c.c:2872:19:HAL_I2C_DisableListen_IT	8	static
stm32h7xx_hal_i2c.c:2904:19:HAL_I2C_Master_Abort_IT	24	static
stm32h7xx_hal_i2c.c:2954:6:HAL_I2C_EV_IRQHandler	0	static
stm32h7xx_hal_i2c.c:3018:13:HAL_I2C_MasterTxCpltCallback	0	static
stm32h7xx_hal_i2c.c:3034:13:HAL_I2C_MasterRxCpltCallback	0	static
stm32h7xx_hal_i2c.c:3835:13:I2C_ITMasterSequentialCplt	16	static
stm32h7xx_hal_i2c.c:3049:13:HAL_I2C_SlaveTxCpltCallback	0	static
stm32h7xx_hal_i2c.c:3065:13:HAL_I2C_SlaveRxCpltCallback	0	static
stm32h7xx_hal_i2c.c:3880:13:I2C_ITSlaveSequentialCplt	16	static
stm32h7xx_hal_i2c.c:3083:13:HAL_I2C_AddrCallback	0	static
stm32h7xx_hal_i2c.c:3101:13:HAL_I2C_ListenCpltCallback	0	static
stm32h7xx_hal_i2c.c:4122:13:I2C_ITListenCplt	8	static
stm32h7xx_hal_i2c.c:3117:13:HAL_I2C_MemTxCpltCallback	0	static
stm32h7xx_hal_i2c.c:3133:13:HAL_I2C_MemRxCpltCallback	0	static
stm32h7xx_hal_i2c.c:3149:13:HAL_I2C_ErrorCallback	0	static
stm32h7xx_hal_i2c.c:3165:13:HAL_I2C_AbortCpltCallback	0	static
stm32h7xx_hal_i2c.c:4166:13:I2C_ITError	8	static
stm32h7xx_hal_i2c.c:4016:13:I2C_ITSlaveCplt	16	static
stm32h7xx_hal_i2c.c:3369:26:I2C_Slave_ISR_IT	32	static
stm32h7xx_hal_i2c.c:3571:26:I2C_Slave_ISR_DMA	8	static
stm32h7xx_hal_i2c.c:3924:13:I2C_ITMasterCplt	8	static
stm32h7xx_hal_i2c.c:3248:26:I2C_Master_ISR_IT	24	static
stm32h7xx_hal_i2c.c:3482:26:I2C_Master_ISR_DMA	16	static
stm32h7xx_hal_i2c.c:4403:13:I2C_DMAError	0	static
stm32h7xx_hal_i2c.c:2973:6:HAL_I2C_ER_IRQHandler	4	static
stm32h7xx_hal_i2c.c:4420:13:I2C_DMAAbort	8	static
stm32h7xx_hal_i2c.c:3200:22:HAL_I2C_GetState	0	static
stm32h7xx_hal_i2c.c:3212:21:HAL_I2C_GetMode	0	static
stm32h7xx_hal_i2c.c:3223:10:HAL_I2C_GetError	0	static
