stm32h7xx_hal.c:208:13:HAL_MspInit	0	static
stm32h7xx_hal.c:219:13:HAL_MspDeInit	0	static
stm32h7xx_hal.c:167:19:HAL_DeInit	8	static
stm32h7xx_hal.c:242:26:HAL_InitTick	16	static
stm32h7xx_hal.c:144:19:HAL_Init	8	static
stm32h7xx_hal.c:301:13:HAL_IncTick	0	static
stm32h7xx_hal.c:312:17:HAL_GetTick	0	static
stm32h7xx_hal.c:321:10:HAL_GetTickPrio	0	static
stm32h7xx_hal.c:330:19:HAL_SetTickFreq	8	static
stm32h7xx_hal.c:350:21:HAL_GetTickFreq	0	static
stm32h7xx_hal.c:366:13:HAL_Delay	16	static
stm32h7xx_hal.c:392:13:HAL_SuspendTick	0	static
stm32h7xx_hal.c:408:13:HAL_ResumeTick	0	static
stm32h7xx_hal.c:418:10:HAL_GetHalVersion	0	static
stm32h7xx_hal.c:427:10:HAL_GetREVID	0	static
stm32h7xx_hal.c:436:10:HAL_GetDEVID	0	static
stm32h7xx_hal.c:455:6:HAL_SYSCFG_VREFBUF_VoltageScalingConfig	0	static
stm32h7xx_hal.c:471:6:HAL_SYSCFG_VREFBUF_HighImpedanceConfig	0	static
stm32h7xx_hal.c:483:6:HAL_SYSCFG_VREFBUF_TrimmingConfig	0	static
stm32h7xx_hal.c:495:19:HAL_SYSCFG_EnableVREFBUF	16	static
stm32h7xx_hal.c:521:6:HAL_SYSCFG_DisableVREFBUF	0	static
stm32h7xx_hal.c:534:6:HAL_SYSCFG_ETHInterfaceSelect	0	static
stm32h7xx_hal.c:564:6:HAL_SYSCFG_AnalogSwitchConfig	0	static
stm32h7xx_hal.c:582:6:HAL_SYSCFG_EnableBOOST	0	static
stm32h7xx_hal.c:594:6:HAL_SYSCFG_DisableBOOST	0	static
stm32h7xx_hal.c:609:6:HAL_SYSCFG_CM7BootAddConfig	8	static
stm32h7xx_hal.c:634:6:HAL_EnableCompensationCell	0	static
stm32h7xx_hal.c:645:6:HAL_DisableCompensationCell	0	static
stm32h7xx_hal.c:658:6:HAL_SYSCFG_EnableIOSpeedOptimize	0	static
stm32h7xx_hal.c:670:6:HAL_SYSCFG_DisableIOSpeedOptimize	0	static
stm32h7xx_hal.c:683:6:HAL_SYSCFG_CompensationCodeSelect	0	static
stm32h7xx_hal.c:700:6:HAL_SYSCFG_CompensationCodeConfig	0	static
stm32h7xx_hal.c:713:6:HAL_DBGMCU_EnableDBGSleepMode	0	static
stm32h7xx_hal.c:722:6:HAL_DBGMCU_DisableDBGSleepMode	0	static
stm32h7xx_hal.c:731:6:HAL_DBGMCU_EnableDBGStopMode	0	static
stm32h7xx_hal.c:740:6:HAL_DBGMCU_DisableDBGStopMode	0	static
stm32h7xx_hal.c:749:6:HAL_DBGMCU_EnableDBGStandbyMode	0	static
stm32h7xx_hal.c:758:6:HAL_DBGMCU_DisableDBGStandbyMode	0	static
stm32h7xx_hal.c:769:6:HAL_EnableDomain3DBGStopMode	0	static
stm32h7xx_hal.c:778:6:HAL_DisableDomain3DBGStopMode	0	static
stm32h7xx_hal.c:787:6:HAL_EnableDomain3DBGStandbyMode	0	static
stm32h7xx_hal.c:796:6:HAL_DisableDomain3DBGStandbyMode	0	static
stm32h7xx_hal.c:807:6:HAL_SetFMCMemorySwappingConfig	0	static
stm32h7xx_hal.c:819:10:HAL_GetFMCMemorySwappingConfig	0	static
stm32h7xx_hal.c:836:6:HAL_EXTI_EdgeConfig	8	static
stm32h7xx_hal.c:862:6:HAL_EXTI_GenerateSWInterrupt	0	static
stm32h7xx_hal.c:877:6:HAL_EXTI_D1_ClearFlag	0	static
stm32h7xx_hal.c:897:6:HAL_EXTI_D1_EventInputConfig	16	static
stm32h7xx_hal.c:945:6:HAL_EXTI_D3_EventInputConfig	16	static
