stm32h7xx_hal_mdma.c:237:19:HAL_MDMA_Init	24	static
stm32h7xx_hal_mdma.c:313:19:HAL_MDMA_DeInit	16	static
stm32h7xx_hal_mdma.c:373:19:HAL_MDMA_ConfigPostRequestMask	32	static
stm32h7xx_hal_mdma.c:435:19:HAL_MDMA_RegisterCallback	32	static
stm32h7xx_hal_mdma.c:500:19:HAL_MDMA_UnRegisterCallback	24	static
stm32h7xx_hal_mdma.c:594:19:HAL_MDMA_LinkedList_CreateNode	56	static
stm32h7xx_hal_mdma.c:737:19:HAL_MDMA_LinkedList_AddNode	40	static
stm32h7xx_hal_mdma.c:870:19:HAL_MDMA_LinkedList_RemoveNode	32	static
stm32h7xx_hal_mdma.c:983:19:HAL_MDMA_LinkedList_EnableCircularMode	24	static
stm32h7xx_hal_mdma.c:1027:19:HAL_MDMA_LinkedList_DisableCircularMode	24	static
stm32h7xx_hal_mdma.c:1098:19:HAL_MDMA_Start	32	static
stm32h7xx_hal_mdma.c:1160:19:HAL_MDMA_Start_IT	32	static
stm32h7xx_hal_mdma.c:1243:19:HAL_MDMA_Abort	24	static
stm32h7xx_hal_mdma.c:1308:19:HAL_MDMA_Abort_IT	16	static
stm32h7xx_hal_mdma.c:1341:19:HAL_MDMA_PollForTransfer	40	static
stm32h7xx_hal_mdma.c:1484:19:HAL_MDMA_GenerateSWRequest	16	static
stm32h7xx_hal_mdma.c:1519:6:HAL_MDMA_IRQHandler	32	static
stm32h7xx_hal_mdma.c:1738:23:HAL_MDMA_GetState	16	static
stm32h7xx_hal_mdma.c:1749:10:HAL_MDMA_GetError	16	static
stm32h7xx_hal_mdma.c:1776:13:MDMA_SetConfig	40	static
stm32h7xx_hal_mdma.c:1822:13:MDMA_Init	48	static
