stm32h7xx_hal_pwr.c:113:6:HAL_PWR_DeInit	4	static
stm32h7xx_hal_pwr.c:124:6:HAL_PWR_EnableBkUpAccess	4	static
stm32h7xx_hal_pwr.c:137:6:HAL_PWR_DisableBkUpAccess	4	static
stm32h7xx_hal_pwr.c:271:6:HAL_PWR_ConfigPVD	16	static
stm32h7xx_hal_pwr.c:314:6:HAL_PWR_EnablePVD	4	static
stm32h7xx_hal_pwr.c:324:6:HAL_PWR_DisablePVD	4	static
stm32h7xx_hal_pwr.c:347:6:HAL_PWR_EnableWakeUpPin	16	static
stm32h7xx_hal_pwr.c:368:6:HAL_PWR_DisableWakeUpPin	16	static
stm32h7xx_hal_pwr.c:389:6:HAL_PWR_EnterSLEEPMode	16	static
stm32h7xx_hal_pwr.c:432:6:HAL_PWR_EnterSTOPMode	24	static
stm32h7xx_hal_pwr.c:491:6:HAL_PWR_EnterSTANDBYMode	4	static
stm32h7xx_hal_pwr.c:521:6:HAL_PWR_EnableSleepOnExit	4	static
stm32h7xx_hal_pwr.c:534:6:HAL_PWR_DisableSleepOnExit	4	static
stm32h7xx_hal_pwr.c:546:6:HAL_PWR_EnableSEVOnPend	4	static
stm32h7xx_hal_pwr.c:558:6:HAL_PWR_DisableSEVOnPend	4	static
stm32h7xx_hal_pwr.c:569:6:HAL_PWR_PVD_IRQHandler	8	static
stm32h7xx_hal_pwr.c:586:13:HAL_PWR_PVDCallback	4	static
