stm32h7xx_hal_pwr.c:113:6:HAL_PWR_DeInit	0	static
stm32h7xx_hal_pwr.c:124:6:HAL_PWR_EnableBkUpAccess	0	static
stm32h7xx_hal_pwr.c:137:6:HAL_PWR_DisableBkUpAccess	0	static
stm32h7xx_hal_pwr.c:271:6:HAL_PWR_ConfigPVD	0	static
stm32h7xx_hal_pwr.c:314:6:HAL_PWR_EnablePVD	0	static
stm32h7xx_hal_pwr.c:324:6:HAL_PWR_DisablePVD	0	static
stm32h7xx_hal_pwr.c:347:6:HAL_PWR_EnableWakeUpPin	0	static
stm32h7xx_hal_pwr.c:368:6:HAL_PWR_DisableWakeUpPin	0	static
stm32h7xx_hal_pwr.c:389:6:HAL_PWR_EnterSLEEPMode	0	static
stm32h7xx_hal_pwr.c:432:6:HAL_PWR_EnterSTOPMode	0	static
stm32h7xx_hal_pwr.c:491:6:HAL_PWR_EnterSTANDBYMode	0	static
stm32h7xx_hal_pwr.c:521:6:HAL_PWR_EnableSleepOnExit	0	static
stm32h7xx_hal_pwr.c:534:6:HAL_PWR_DisableSleepOnExit	0	static
stm32h7xx_hal_pwr.c:546:6:HAL_PWR_EnableSEVOnPend	0	static
stm32h7xx_hal_pwr.c:558:6:HAL_PWR_DisableSEVOnPend	0	static
stm32h7xx_hal_pwr.c:586:13:HAL_PWR_PVDCallback	0	static
stm32h7xx_hal_pwr.c:569:6:HAL_PWR_PVD_IRQHandler	8	static
