Archive member included to satisfy reference by file (symbol)

E:/Program Files (x86)/Atollic CMSIS PACKS/ARM/CMSIS/5.3.0/CMSIS/Lib/GCC\libarm_cortexM7lfdp_math.a(arm_const_structs.o)
                              Src\main.o (arm_cfft_sR_f32_len1024)
E:/Program Files (x86)/Atollic CMSIS PACKS/ARM/CMSIS/5.3.0/CMSIS/Lib/GCC\libarm_cortexM7lfdp_math.a(arm_common_tables.o)
                              E:/Program Files (x86)/Atollic CMSIS PACKS/ARM/CMSIS/5.3.0/CMSIS/Lib/GCC\libarm_cortexM7lfdp_math.a(arm_const_structs.o) (twiddleCoef_rfft_4096)
E:/Program Files (x86)/Atollic CMSIS PACKS/ARM/CMSIS/5.3.0/CMSIS/Lib/GCC\libarm_cortexM7lfdp_math.a(arm_cfft_f32.o)
                              Src\main.o (arm_cfft_f32)
E:/Program Files (x86)/Atollic CMSIS PACKS/ARM/CMSIS/5.3.0/CMSIS/Lib/GCC\libarm_cortexM7lfdp_math.a(arm_rfft_init_q31.o)
                              E:/Program Files (x86)/Atollic CMSIS PACKS/ARM/CMSIS/5.3.0/CMSIS/Lib/GCC\libarm_cortexM7lfdp_math.a(arm_const_structs.o) (realCoefBQ31)
E:/Program Files (x86)/Atollic CMSIS PACKS/ARM/CMSIS/5.3.0/CMSIS/Lib/GCC\libarm_cortexM7lfdp_math.a(arm_rfft_init_q15.o)
                              E:/Program Files (x86)/Atollic CMSIS PACKS/ARM/CMSIS/5.3.0/CMSIS/Lib/GCC\libarm_cortexM7lfdp_math.a(arm_const_structs.o) (realCoefBQ15)
E:/Program Files (x86)/Atollic CMSIS PACKS/ARM/CMSIS/5.3.0/CMSIS/Lib/GCC\libarm_cortexM7lfdp_math.a(arm_bitreversal2.o)
                              E:/Program Files (x86)/Atollic CMSIS PACKS/ARM/CMSIS/5.3.0/CMSIS/Lib/GCC\libarm_cortexM7lfdp_math.a(arm_cfft_f32.o) (arm_bitreversal_32)
E:/Program Files (x86)/Atollic CMSIS PACKS/ARM/CMSIS/5.3.0/CMSIS/Lib/GCC\libarm_cortexM7lfdp_math.a(arm_cfft_radix8_f32.o)
                              E:/Program Files (x86)/Atollic CMSIS PACKS/ARM/CMSIS/5.3.0/CMSIS/Lib/GCC\libarm_cortexM7lfdp_math.a(arm_cfft_f32.o) (arm_radix8_butterfly_f32)
c:/program files (x86)/atollic/truestudio for stm32 9.0.0/armtools/bin/../lib/gcc/arm-atollic-eabi/6.3.1/../../../../arm-atollic-eabi/lib/armv7e-m/fpu/fpv5-d16\libc_nano.a(lib_a-exit.o)
                              c:/program files (x86)/atollic/truestudio for stm32 9.0.0/armtools/bin/../lib/gcc/arm-atollic-eabi/6.3.1/../../../../arm-atollic-eabi/lib/armv7e-m/fpu/fpv5-d16\crt0.o (exit)
c:/program files (x86)/atollic/truestudio for stm32 9.0.0/armtools/bin/../lib/gcc/arm-atollic-eabi/6.3.1/../../../../arm-atollic-eabi/lib/armv7e-m/fpu/fpv5-d16\libc_nano.a(lib_a-impure.o)
                              c:/program files (x86)/atollic/truestudio for stm32 9.0.0/armtools/bin/../lib/gcc/arm-atollic-eabi/6.3.1/../../../../arm-atollic-eabi/lib/armv7e-m/fpu/fpv5-d16\libc_nano.a(lib_a-exit.o) (_global_impure_ptr)
c:/program files (x86)/atollic/truestudio for stm32 9.0.0/armtools/bin/../lib/gcc/arm-atollic-eabi/6.3.1/../../../../arm-atollic-eabi/lib/armv7e-m/fpu/fpv5-d16\libc_nano.a(lib_a-init.o)
                              startup\startup_stm32h743xx.o (__libc_init_array)
c:/program files (x86)/atollic/truestudio for stm32 9.0.0/armtools/bin/../lib/gcc/arm-atollic-eabi/6.3.1/../../../../arm-atollic-eabi/lib/armv7e-m/fpu/fpv5-d16\libc_nano.a(lib_a-memset.o)
                              c:/program files (x86)/atollic/truestudio for stm32 9.0.0/armtools/bin/../lib/gcc/arm-atollic-eabi/6.3.1/../../../../arm-atollic-eabi/lib/armv7e-m/fpu/fpv5-d16\crt0.o (memset)
c:/program files (x86)/atollic/truestudio for stm32 9.0.0/armtools/bin/../lib/gcc/arm-atollic-eabi/6.3.1/../../../../arm-atollic-eabi/lib/armv7e-m/fpu/fpv5-d16\libc_nano.a(lib_a-printf.o)
                              Src\main.o (printf)
c:/program files (x86)/atollic/truestudio for stm32 9.0.0/armtools/bin/../lib/gcc/arm-atollic-eabi/6.3.1/../../../../arm-atollic-eabi/lib/armv7e-m/fpu/fpv5-d16\libc_nano.a(lib_a-findfp.o)
                              c:/program files (x86)/atollic/truestudio for stm32 9.0.0/armtools/bin/../lib/gcc/arm-atollic-eabi/6.3.1/../../../../arm-atollic-eabi/lib/armv7e-m/fpu/fpv5-d16\libc_nano.a(lib_a-printf.o) (__sinit)
c:/program files (x86)/atollic/truestudio for stm32 9.0.0/armtools/bin/../lib/gcc/arm-atollic-eabi/6.3.1/../../../../arm-atollic-eabi/lib/armv7e-m/fpu/fpv5-d16\libc_nano.a(lib_a-fwalk.o)
                              c:/program files (x86)/atollic/truestudio for stm32 9.0.0/armtools/bin/../lib/gcc/arm-atollic-eabi/6.3.1/../../../../arm-atollic-eabi/lib/armv7e-m/fpu/fpv5-d16\libc_nano.a(lib_a-findfp.o) (_fwalk)
c:/program files (x86)/atollic/truestudio for stm32 9.0.0/armtools/bin/../lib/gcc/arm-atollic-eabi/6.3.1/../../../../arm-atollic-eabi/lib/armv7e-m/fpu/fpv5-d16\libc_nano.a(lib_a-nano-mallocr.o)
                              c:/program files (x86)/atollic/truestudio for stm32 9.0.0/armtools/bin/../lib/gcc/arm-atollic-eabi/6.3.1/../../../../arm-atollic-eabi/lib/armv7e-m/fpu/fpv5-d16\libc_nano.a(lib_a-findfp.o) (_malloc_r)
[...]
Memory Configuration

Name             Origin             Length             Attributes
DTCMRAM          0x20000000         0x00020000         xrw
RAM_D1           0x24000000         0x00080000         xrw
RAM_D2           0x30000000         0x00048000         xrw
RAM_D3           0x38000000         0x00010000         xrw
ITCMRAM          0x00000000         0x00010000         xrw
FLASH            0x08000000         0x00200000         xr
*default*        0x00000000         0xffffffff

Linker script and memory map

LOAD c:/program files (x86)/atollic/truestudio for stm32 9.0.0/armtools/bin/../lib/gcc/arm-atollic-eabi/6.3.1/armv7e-m/fpu/fpv5-d16/crti.o
LOAD c:/program files (x86)/atollic/truestudio for stm32 9.0.0/armtools/bin/../lib/gcc/arm-atollic-eabi/6.3.1/armv7e-m/fpu/fpv5-d16/crtbegin.o
LOAD Drivers\STM32H7xx_HAL_Driver\Src\stm32h7xx_hal.o
LOAD Drivers\STM32H7xx_HAL_Driver\Src\stm32h7xx_hal_cortex.o
LOAD Drivers\STM32H7xx_HAL_Driver\Src\stm32h7xx_hal_dma.o
LOAD Drivers\STM32H7xx_HAL_Driver\Src\stm32h7xx_hal_dma_ex.o
LOAD Drivers\STM32H7xx_HAL_Driver\Src\stm32h7xx_hal_flash.o
LOAD Drivers\STM32H7xx_HAL_Driver\Src\stm32h7xx_hal_flash_ex.o
LOAD Drivers\STM32H7xx_HAL_Driver\Src\stm32h7xx_hal_gpio.o
LOAD Drivers\STM32H7xx_HAL_Driver\Src\stm32h7xx_hal_hsem.o
LOAD Drivers\STM32H7xx_HAL_Driver\Src\stm32h7xx_hal_i2c.o
LOAD Drivers\STM32H7xx_HAL_Driver\Src\stm32h7xx_hal_i2c_ex.o
LOAD Drivers\STM32H7xx_HAL_Driver\Src\stm32h7xx_hal_mdma.o
LOAD Drivers\STM32H7xx_HAL_Driver\Src\stm32h7xx_hal_pwr.o
LOAD Drivers\STM32H7xx_HAL_Driver\Src\stm32h7xx_hal_pwr_ex.o
LOAD Drivers\STM32H7xx_HAL_Driver\Src\stm32h7xx_hal_rcc.o
LOAD Drivers\STM32H7xx_HAL_Driver\Src\stm32h7xx_hal_rcc_ex.o
LOAD Drivers\STM32H7xx_HAL_Driver\Src\stm32h7xx_hal_tim.o
LOAD Drivers\STM32H7xx_HAL_Driver\Src\stm32h7xx_hal_tim_ex.o
LOAD Drivers\STM32H7xx_HAL_Driver\Src\stm32h7xx_hal_uart.o
LOAD Drivers\STM32H7xx_HAL_Driver\Src\stm32h7xx_hal_uart_ex.o
LOAD Src\gpio.o
LOAD Src\main.o
LOAD Src\stm32h7xx_hal_msp.o
LOAD Src\stm32h7xx_it.o
LOAD Src\system_stm32h7xx.o
LOAD Src\tim.o
LOAD Src\usart.o
LOAD startup\startup_stm32h743xx.o
LOAD E:/Program Files (x86)/Atollic CMSIS PACKS/ARM/CMSIS/5.3.0/CMSIS/Lib/GCC\libarm_cortexM7lfdp_math.a
LOAD c:/program files (x86)/atollic/truestudio for stm32 9.0.0/armtools/bin/../lib/gcc/arm-atollic-eabi/6.3.1/../../../../arm-atollic-eabi/lib/armv7e-m/fpu/fpv5-d16\crt0.o
                0x00000080                malloc_getpagesize_P = 0x80
START GROUP
LOAD c:/program files (x86)/atollic/truestudio for stm32 9.0.0/armtools/bin/../lib/gcc/arm-atollic-eabi/6.3.1/../../../../arm-atollic-eabi/lib/armv7e-m/fpu/fpv5-d16\libc_nano.a
LOAD c:/program files (x86)/atollic/truestudio for stm32 9.0.0/armtools/bin/../lib/gcc/arm-atollic-eabi/6.3.1/../../../../arm-atollic-eabi/lib/armv7e-m/fpu/fpv5-d16\libm.a
END GROUP
START GROUP
LOAD c:/program files (x86)/atollic/truestudio for stm32 9.0.0/armtools/bin/../lib/gcc/arm-atollic-eabi/6.3.1/armv7e-m/fpu/fpv5-d16\libgcc.a
LOAD c:/program files (x86)/atollic/truestudio for stm32 9.0.0/armtools/bin/../lib/gcc/arm-atollic-eabi/6.3.1/../../../../arm-atollic-eabi/lib/armv7e-m/fpu/fpv5-d16\libc_nano.a
END GROUP
START GROUP
LOAD c:/program files (x86)/atollic/truestudio for stm32 9.0.0/armtools/bin/../lib/gcc/arm-atollic-eabi/6.3.1/armv7e-m/fpu/fpv5-d16\libgcc.a
LOAD c:/program files (x86)/atollic/truestudio for stm32 9.0.0/armtools/bin/../lib/gcc/arm-atollic-eabi/6.3.1/../../../../arm-atollic-eabi/lib/armv7e-m/fpu/fpv5-d16\libc_nano.a
LOAD c:/program files (x86)/atollic/truestudio for stm32 9.0.0/armtools/bin/../lib/gcc/arm-atollic-eabi/6.3.1/../../../../arm-atollic-eabi/lib/armv7e-m/fpu/fpv5-d16\libnosys.a
END GROUP
START GROUP
LOAD c:/program files (x86)/atollic/truestudio for stm32 9.0.0/armtools/bin/../lib/gcc/arm-atollic-eabi/6.3.1/armv7e-m/fpu/fpv5-d16\libgcc.a
LOAD c:/program files (x86)/atollic/truestudio for stm32 9.0.0/armtools/bin/../lib/gcc/arm-atollic-eabi/6.3.1/../../../../arm-atollic-eabi/lib/armv7e-m/fpu/fpv5-d16\libc_nano.a
LOAD c:/program files (x86)/atollic/truestudio for stm32 9.0.0/armtools/bin/../lib/gcc/arm-atollic-eabi/6.3.1/../../../../arm-atollic-eabi/lib/armv7e-m/fpu/fpv5-d16\libnosys.a
END GROUP
LOAD c:/program files (x86)/atollic/truestudio for stm32 9.0.0/armtools/bin/../lib/gcc/arm-atollic-eabi/6.3.1/armv7e-m/fpu/fpv5-d16/crtend.o
LOAD c:/program files (x86)/atollic/truestudio for stm32 9.0.0/armtools/bin/../lib/gcc/arm-atollic-eabi/6.3.1/armv7e-m/fpu/fpv5-d16/crtn.o
                0x20020000                _estack = 0x20020000
                0x00000200                _Min_Heap_Size = 0x200
                0x00000400                _Min_Stack_Size = 0x400

.isr_vector     0x08000000      0x298
                0x08000000                . = ALIGN (0x4)
 *(.isr_vector)
 .isr_vector    0x08000000      0x298 startup\startup_stm32h743xx.o
                0x08000000                g_pfnVectors
                0x08000298                . = ALIGN (0x4)

.text           0x080002a0     0x7020
                0x080002a0                . = ALIGN (0x4)
 *(.text)
 .text          0x080002a0       0x40 c:/program files (x86)/atollic/truestudio for stm32 9.0.0/armtools/bin/../lib/gcc/arm-atollic-eabi/6.3.1/armv7e-m/fpu/fpv5-d16/crtbegin.o
 .text          0x080002e0       0xc0 E:/Program Files (x86)/Atollic CMSIS PACKS/ARM/CMSIS/5.3.0/CMSIS/Lib/GCC\libarm_cortexM7lfdp_math.a(arm_bitreversal2.o)
                0x080002e0                arm_bitreversal_32
                0x0800034a                arm_bitreversal_16
 .text          0x080003a0       0xa0 c:/program files (x86)/atollic/truestudio for stm32 9.0.0/armtools/bin/../lib/gcc/arm-atollic-eabi/6.3.1/../../../../arm-atollic-eabi/lib/armv7e-m/fpu/fpv5-d16\libc_nano.a(lib_a-memchr.o)
                0x080003a0                memchr
 .text          0x08000440       0x30 c:/program files (x86)/atollic/truestudio for stm32 9.0.0/armtools/bin/../lib/gcc/arm-atollic-eabi/6.3.1/armv7e-m/fpu/fpv5-d16\libgcc.a(_aeabi_uldivmod.o)
                0x08000440                __aeabi_uldivmod
 .text          0x08000470      0x2dc c:/program files (x86)/atollic/truestudio for stm32 9.0.0/armtools/bin/../lib/gcc/arm-atollic-eabi/6.3.1/armv7e-m/fpu/fpv5-d16\libgcc.a(_udivmoddi4.o)
                0x08000470                __udivmoddi4
 .text          0x0800074c        0x4 c:/program files (x86)/atollic/truestudio for stm32 9.0.0/armtools/bin/../lib/gcc/arm-atollic-eabi/6.3.1/armv7e-m/fpu/fpv5-d16\libgcc.a(_dvmd_tls.o)
                0x0800074c                __aeabi_idiv0
                0x0800074c                __aeabi_ldiv0
 *(.text*)
 .text.HAL_Init
                0x08000750       0x24 Drivers\STM32H7xx_HAL_Driver\Src\stm32h7xx_hal.o
                0x08000750                HAL_Init
 .text.HAL_InitTick
                0x08000774       0x60 Drivers\STM32H7xx_HAL_Driver\Src\stm32h7xx_hal.o
                0x08000774                HAL_InitTick
 .text.HAL_IncTick
                0x080007d4       0x28 Drivers\STM32H7xx_HAL_Driver\Src\stm32h7xx_hal.o
                0x080007d4                HAL_IncTick
 .text.HAL_GetTick
                0x080007fc       0x18 Drivers\STM32H7xx_HAL_Driver\Src\stm32h7xx_hal.o
                0x080007fc                HAL_GetTick
 .text.__NVIC_SetPriorityGrouping
                0x08000814       0x48 Drivers\STM32H7xx_HAL_Driver\Src\stm32h7xx_hal_cortex.o
 .text.__NVIC_GetPriorityGrouping
                0x0800085c       0x1c Drivers\STM32H7xx_HAL_Driver\Src\stm32h7xx_hal_cortex.o
 .text.__NVIC_EnableIRQ
                0x08000878       0x3c Drivers\STM32H7xx_HAL_Driver\Src\stm32h7xx_hal_cortex.o
 .text.__NVIC_SetPriority
                0x080008b4       0x54 Drivers\STM32H7xx_HAL_Driver\Src\stm32h7xx_hal_cortex.o
 .text.NVIC_EncodePriority
                0x08000908       0x62 Drivers\STM32H7xx_HAL_Driver\Src\stm32h7xx_hal_cortex.o
 *fill*         0x0800096a        0x2 
 .text.SysTick_Config
                0x0800096c       0x44 Drivers\STM32H7xx_HAL_Driver\Src\stm32h7xx_hal_cortex.o
 .text.HAL_NVIC_SetPriorityGrouping
                0x080009b0       0x16 Drivers\STM32H7xx_HAL_Driver\Src\stm32h7xx_hal_cortex.o
                0x080009b0                HAL_NVIC_SetPriorityGrouping
 .text.HAL_NVIC_SetPriority
                0x080009c6       0x38 Drivers\STM32H7xx_HAL_Driver\Src\stm32h7xx_hal_cortex.o
                0x080009c6                HAL_NVIC_SetPriority
 .text.HAL_NVIC_EnableIRQ
                0x080009fe       0x1c Drivers\STM32H7xx_HAL_Driver\Src\stm32h7xx_hal_cortex.o
                0x080009fe                HAL_NVIC_EnableIRQ
 .text.HAL_SYSTICK_Config
                0x08000a1a       0x18 Drivers\STM32H7xx_HAL_Driver\Src\stm32h7xx_hal_cortex.o
                0x08000a1a                HAL_SYSTICK_Config
 *fill*         0x08000a32        0x2 
 .text.HAL_SYSTICK_CLKSourceConfig
                0x08000a34       0x38 Drivers\STM32H7xx_HAL_Driver\Src\stm32h7xx_hal_cortex.o
                0x08000a34                HAL_SYSTICK_CLKSourceConfig
 .text.HAL_SYSTICK_IRQHandler
                0x08000a6c        0xc Drivers\STM32H7xx_HAL_Driver\Src\stm32h7xx_hal_cortex.o
                0x08000a6c                HAL_SYSTICK_IRQHandler
 .text.HAL_SYSTICK_Callback
                0x08000a78        0xe Drivers\STM32H7xx_HAL_Driver\Src\stm32h7xx_hal_cortex.o
                0x08000a78                HAL_SYSTICK_Callback
 *fill*         0x08000a86        0x2 
 .text.HAL_GPIO_Init
                0x08000a88      0x36c Drivers\STM32H7xx_HAL_Driver\Src\stm32h7xx_hal_gpio.o
                0x08000a88                HAL_GPIO_Init
 .text.HAL_GPIO_WritePin
                0x08000df4       0x30 Drivers\STM32H7xx_HAL_Driver\Src\stm32h7xx_hal_gpio.o
                0x08000df4                HAL_GPIO_WritePin
 .text.HAL_RCC_OscConfig
                0x08000e24      0x734 Drivers\STM32H7xx_HAL_Driver\Src\stm32h7xx_hal_rcc.o
                0x08000e24                HAL_RCC_OscConfig
 .text.HAL_RCC_ClockConfig
                0x08001558      0x294 Drivers\STM32H7xx_HAL_Driver\Src\stm32h7xx_hal_rcc.o
                0x08001558                HAL_RCC_ClockConfig
 .text.HAL_RCC_GetSysClockFreq
                0x080017ec      0x2e0 Drivers\STM32H7xx_HAL_Driver\Src\stm32h7xx_hal_rcc.o
                0x080017ec                HAL_RCC_GetSysClockFreq
 .text.HAL_RCC_GetHCLKFreq
                0x08001acc       0x50 Drivers\STM32H7xx_HAL_Driver\Src\stm32h7xx_hal_rcc.o
                0x08001acc                HAL_RCC_GetHCLKFreq
 .text.HAL_RCC_GetPCLK1Freq
                0x08001b1c       0x44 Drivers\STM32H7xx_HAL_Driver\Src\stm32h7xx_hal_rcc.o
                0x08001b1c                HAL_RCC_GetPCLK1Freq
 .text.HAL_RCC_GetPCLK2Freq
                0x08001b60       0x44 Drivers\STM32H7xx_HAL_Driver\Src\stm32h7xx_hal_rcc.o
                0x08001b60                HAL_RCC_GetPCLK2Freq
 .text.HAL_RCCEx_PeriphCLKConfig
                0x08001ba4      0xfb8 Drivers\STM32H7xx_HAL_Driver\Src\stm32h7xx_hal_rcc_ex.o
                0x08001ba4                HAL_RCCEx_PeriphCLKConfig
 .text.HAL_RCCEx_GetD3PCLK1Freq
                0x08002b5c       0x44 Drivers\STM32H7xx_HAL_Driver\Src\stm32h7xx_hal_rcc_ex.o
                0x08002b5c                HAL_RCCEx_GetD3PCLK1Freq
 .text.HAL_RCCEx_GetPLL2ClockFreq
                0x08002ba0      0x270 Drivers\STM32H7xx_HAL_Driver\Src\stm32h7xx_hal_rcc_ex.o
                0x08002ba0                HAL_RCCEx_GetPLL2ClockFreq
 .text.HAL_RCCEx_GetPLL3ClockFreq
                0x08002e10      0x270 Drivers\STM32H7xx_HAL_Driver\Src\stm32h7xx_hal_rcc_ex.o
                0x08002e10                HAL_RCCEx_GetPLL3ClockFreq
 .text.HAL_RCCEx_GetD1SysClockFreq
                0x08003080       0x50 Drivers\STM32H7xx_HAL_Driver\Src\stm32h7xx_hal_rcc_ex.o
                0x08003080                HAL_RCCEx_GetD1SysClockFreq
 .text.RCCEx_PLL2_Config
                0x080030d0      0x100 Drivers\STM32H7xx_HAL_Driver\Src\stm32h7xx_hal_rcc_ex.o
 .text.RCCEx_PLL3_Config
                0x080031d0      0x100 Drivers\STM32H7xx_HAL_Driver\Src\stm32h7xx_hal_rcc_ex.o
 .text.HAL_TIM_Base_Init
                0x080032d0       0x56 Drivers\STM32H7xx_HAL_Driver\Src\stm32h7xx_hal_tim.o
                0x080032d0                HAL_TIM_Base_Init
 .text.HAL_TIM_Base_Start_IT
                0x08003326       0x3a Drivers\STM32H7xx_HAL_Driver\Src\stm32h7xx_hal_tim.o
                0x08003326                HAL_TIM_Base_Start_IT
 .text.HAL_TIM_IRQHandler
                0x08003360      0x23e Drivers\STM32H7xx_HAL_Driver\Src\stm32h7xx_hal_tim.o
                0x08003360                HAL_TIM_IRQHandler
 *fill*         0x0800359e        0x2 
 .text.HAL_TIM_ConfigClockSource
                0x080035a0      0x1c0 Drivers\STM32H7xx_HAL_Driver\Src\stm32h7xx_hal_tim.o
                0x080035a0                HAL_TIM_ConfigClockSource
 .text.HAL_TIM_OC_DelayElapsedCallback
                0x08003760       0x14 Drivers\STM32H7xx_HAL_Driver\Src\stm32h7xx_hal_tim.o
                0x08003760                HAL_TIM_OC_DelayElapsedCallback
 .text.HAL_TIM_IC_CaptureCallback
                0x08003774       0x14 Drivers\STM32H7xx_HAL_Driver\Src\stm32h7xx_hal_tim.o
                0x08003774                HAL_TIM_IC_CaptureCallback
 .text.HAL_TIM_PWM_PulseFinishedCallback
                0x08003788       0x14 Drivers\STM32H7xx_HAL_Driver\Src\stm32h7xx_hal_tim.o
                0x08003788                HAL_TIM_PWM_PulseFinishedCallback
 .text.HAL_TIM_TriggerCallback
                0x0800379c       0x14 Drivers\STM32H7xx_HAL_Driver\Src\stm32h7xx_hal_tim.o
                0x0800379c                HAL_TIM_TriggerCallback
 .text.TIM_Base_SetConfig
                0x080037b0      0x140 Drivers\STM32H7xx_HAL_Driver\Src\stm32h7xx_hal_tim.o
                0x080037b0                TIM_Base_SetConfig
 .text.TIM_TI1_ConfigInputStage
                0x080038f0       0x66 Drivers\STM32H7xx_HAL_Driver\Src\stm32h7xx_hal_tim.o
 .text.TIM_TI2_ConfigInputStage
                0x08003956       0x68 Drivers\STM32H7xx_HAL_Driver\Src\stm32h7xx_hal_tim.o
 *fill*         0x080039be        0x2 
 .text.TIM_ITRx_SetConfig
                0x080039c0       0x44 Drivers\STM32H7xx_HAL_Driver\Src\stm32h7xx_hal_tim.o
 .text.TIM_ETR_SetConfig
                0x08003a04       0x44 Drivers\STM32H7xx_HAL_Driver\Src\stm32h7xx_hal_tim.o
                0x08003a04                TIM_ETR_SetConfig
 .text.HAL_TIMEx_MasterConfigSynchronization
                0x08003a48       0xa8 Drivers\STM32H7xx_HAL_Driver\Src\stm32h7xx_hal_tim_ex.o
                0x08003a48                HAL_TIMEx_MasterConfigSynchronization
 .text.HAL_TIMEx_CommutationCallback
                0x08003af0       0x14 Drivers\STM32H7xx_HAL_Driver\Src\stm32h7xx_hal_tim_ex.o
                0x08003af0                HAL_TIMEx_CommutationCallback
 .text.HAL_TIMEx_BreakCallback
                0x08003b04       0x14 Drivers\STM32H7xx_HAL_Driver\Src\stm32h7xx_hal_tim_ex.o
                0x08003b04                HAL_TIMEx_BreakCallback
 .text.HAL_UART_Init
                0x08003b18       0xa2 Drivers\STM32H7xx_HAL_Driver\Src\stm32h7xx_hal_uart.o
                0x08003b18                HAL_UART_Init
 .text.HAL_UART_Transmit
                0x08003bba      0x11a Drivers\STM32H7xx_HAL_Driver\Src\stm32h7xx_hal_uart.o
                0x08003bba                HAL_UART_Transmit
 .text.HAL_UART_GetState
                0x08003cd4       0x3c Drivers\STM32H7xx_HAL_Driver\Src\stm32h7xx_hal_uart.o
                0x08003cd4                HAL_UART_GetState
 .text.UART_SetConfig
                0x08003d10      0xf5c Drivers\STM32H7xx_HAL_Driver\Src\stm32h7xx_hal_uart.o
                0x08003d10                UART_SetConfig
 .text.UART_AdvFeatureConfig
                0x08004c6c      0x144 Drivers\STM32H7xx_HAL_Driver\Src\stm32h7xx_hal_uart.o
                0x08004c6c                UART_AdvFeatureConfig
 .text.UART_CheckIdleState
                0x08004db0       0x92 Drivers\STM32H7xx_HAL_Driver\Src\stm32h7xx_hal_uart.o
                0x08004db0                UART_CheckIdleState
 .text.UART_WaitOnFlagUntilTimeout
                0x08004e42       0x94 Drivers\STM32H7xx_HAL_Driver\Src\stm32h7xx_hal_uart.o
                0x08004e42                UART_WaitOnFlagUntilTimeout
 *fill*         0x08004ed6        0x2 
 .text.MX_GPIO_Init
                0x08004ed8      0x204 Src\gpio.o
                0x08004ed8                MX_GPIO_Init
 .text.__io_putchar
                0x080050dc       0x38 Src\main.o
                0x080050dc                __io_putchar
 .text._write   0x08005114       0x38 Src\main.o
                0x08005114                _write
 .text.main     0x0800514c       0x54 Src\main.o
                0x0800514c                main
 .text.SystemClock_Config
                0x080051a0      0x164 Src\main.o
                0x080051a0                SystemClock_Config
 .text.HAL_TIM_PeriodElapsedCallback
                0x08005304       0x40 Src\main.o
                0x08005304                HAL_TIM_PeriodElapsedCallback
 .text._Error_Handler
                0x08005344        0xc Src\main.o
                0x08005344                _Error_Handler
 .text.HAL_MspInit
                0x08005350       0x8c Src\stm32h7xx_hal_msp.o
                0x08005350                HAL_MspInit
 .text.SysTick_Handler
                0x080053dc       0x10 Src\stm32h7xx_it.o
                0x080053dc                SysTick_Handler
 .text.TIM2_IRQHandler
                0x080053ec       0x14 Src\stm32h7xx_it.o
                0x080053ec                TIM2_IRQHandler
 .text.SystemInit
                0x08005400       0xb0 Src\system_stm32h7xx.o
                0x08005400                SystemInit
 .text.MX_TIM2_Init
                0x080054b0       0x98 Src\tim.o
                0x080054b0                MX_TIM2_Init
 .text.HAL_TIM_Base_MspInit
                0x08005548       0x4c Src\tim.o
                0x08005548                HAL_TIM_Base_MspInit
 .text.MX_USART3_UART_Init
                0x08005594       0x80 Src\usart.o
                0x08005594                MX_USART3_UART_Init
 .text.HAL_UART_MspInit
                0x08005614       0x68 Src\usart.o
                0x08005614                HAL_UART_MspInit
 .text.Reset_Handler
                0x0800567c       0x50 startup\startup_stm32h743xx.o
                0x0800567c                Reset_Handler
 .text.Default_Handler
                0x080056cc        0x2 startup\startup_stm32h743xx.o
                0x080056cc                RTC_Alarm_IRQHandler
                0x080056cc                EXTI2_IRQHandler
                0x080056cc                TIM8_CC_IRQHandler
                0x080056cc                HRTIM1_Master_IRQHandler
                0x080056cc                DebugMon_Handler
                0x080056cc                UART8_IRQHandler
                0x080056cc                SPI4_IRQHandler
                0x080056cc                TIM1_CC_IRQHandler
                0x080056cc                BDMA_Channel6_IRQHandler
                0x080056cc                DMA2_Stream5_IRQHandler
                0x080056cc                HardFault_Handler
                0x080056cc                HRTIM1_FLT_IRQHandler
                0x080056cc                JPEG_IRQHandler
                0x080056cc                DMA1_Stream5_IRQHandler
                0x080056cc                BDMA_Channel1_IRQHandler
                0x080056cc                HRTIM1_TIMD_IRQHandler
                0x080056cc                TAMP_STAMP_IRQHandler
                0x080056cc                PendSV_Handler
                0x080056cc                NMI_Handler
                0x080056cc                EXTI3_IRQHandler
                0x080056cc                LPTIM4_IRQHandler
                0x080056cc                TIM8_TRG_COM_TIM14_IRQHandler
                0x080056cc                LPTIM2_IRQHandler
                0x080056cc                DFSDM1_FLT1_IRQHandler
                0x080056cc                DMAMUX2_OVR_IRQHandler
                0x080056cc                TIM8_UP_TIM13_IRQHandler
                0x080056cc                I2C3_ER_IRQHandler
                0x080056cc                DFSDM1_FLT2_IRQHandler
                0x080056cc                MDMA_IRQHandler
                0x080056cc                LPTIM3_IRQHandler
                0x080056cc                HSEM1_IRQHandler
                0x080056cc                EXTI0_IRQHandler
                0x080056cc                I2C2_EV_IRQHandler
                0x080056cc                DMA1_Stream2_IRQHandler
                0x080056cc                FPU_IRQHandler
                0x080056cc                OTG_HS_WKUP_IRQHandler
                0x080056cc                FDCAN1_IT1_IRQHandler
                0x080056cc                UsageFault_Handler
                0x080056cc                LTDC_ER_IRQHandler
                0x080056cc                DMA2_Stream2_IRQHandler
                0x080056cc                HRTIM1_TIME_IRQHandler
                0x080056cc                SPI1_IRQHandler
                0x080056cc                TIM6_DAC_IRQHandler
                0x080056cc                DCMI_IRQHandler
                0x080056cc                HRTIM1_TIMC_IRQHandler
                0x080056cc                DMA2_Stream3_IRQHandler
                0x080056cc                SAI2_IRQHandler
                0x080056cc                DFSDM1_FLT3_IRQHandler
                0x080056cc                USART6_IRQHandler
                0x080056cc                TIM17_IRQHandler
                0x080056cc                USART3_IRQHandler
                0x080056cc                BDMA_Channel7_IRQHandler
                0x080056cc                LPTIM5_IRQHandler
                0x080056cc                UART5_IRQHandler
                0x080056cc                ADC3_IRQHandler
                0x080056cc                DMA2_Stream0_IRQHandler
                0x080056cc                TIM4_IRQHandler
                0x080056cc                BDMA_Channel2_IRQHandler
                0x080056cc                QUADSPI_IRQHandler
                0x080056cc                I2C1_EV_IRQHandler
                0x080056cc                DMA1_Stream6_IRQHandler
                0x080056cc                DMAMUX1_OVR_IRQHandler
                0x080056cc                DMA1_Stream1_IRQHandler
                0x080056cc                TIM16_IRQHandler
                0x080056cc                UART4_IRQHandler
                0x080056cc                BDMA_Channel5_IRQHandler
                0x080056cc                TIM3_IRQHandler
                0x080056cc                RCC_IRQHandler
                0x080056cc                TIM8_BRK_TIM12_IRQHandler
                0x080056cc                TIM1_TRG_COM_IRQHandler
                0x080056cc                Default_Handler
                0x080056cc                CEC_IRQHandler
                0x080056cc                EXTI15_10_IRQHandler
                0x080056cc                BDMA_Channel0_IRQHandler
                0x080056cc                ADC_IRQHandler
                0x080056cc                DMA1_Stream7_IRQHandler
                0x080056cc                HRTIM1_TIMA_IRQHandler
                0x080056cc                SPI5_IRQHandler
                0x080056cc                TIM7_IRQHandler
                0x080056cc                SDMMC1_IRQHandler
                0x080056cc                TIM5_IRQHandler
                0x080056cc                DMA2_Stream7_IRQHandler
                0x080056cc                TIM15_IRQHandler
                0x080056cc                PVD_AVD_IRQHandler
                0x080056cc                I2C3_EV_IRQHandler
                0x080056cc                EXTI9_5_IRQHandler
                0x080056cc                RTC_WKUP_IRQHandler
                0x080056cc                LTDC_IRQHandler
                0x080056cc                SAI3_IRQHandler
                0x080056cc                ETH_WKUP_IRQHandler
                0x080056cc                SPDIF_RX_IRQHandler
                0x080056cc                SPI2_IRQHandler
                0x080056cc                OTG_HS_EP1_IN_IRQHandler
                0x080056cc                MemManage_Handler
                0x080056cc                DMA1_Stream0_IRQHandler
                0x080056cc                SVC_Handler
                0x080056cc                CRS_IRQHandler
                0x080056cc                EXTI4_IRQHandler
                0x080056cc                RNG_IRQHandler
                0x080056cc                HRTIM1_TIMB_IRQHandler
                0x080056cc                FDCAN2_IT1_IRQHandler
                0x080056cc                ETH_IRQHandler
                0x080056cc                TIM1_UP_IRQHandler
                0x080056cc                BDMA_Channel4_IRQHandler
                0x080056cc                OTG_HS_EP1_OUT_IRQHandler
                0x080056cc                WWDG_IRQHandler
                0x080056cc                SPI6_IRQHandler
                0x080056cc                MDIOS_IRQHandler
                0x080056cc                I2C4_EV_IRQHandler
                0x080056cc                FDCAN2_IT0_IRQHandler
                0x080056cc                LPUART1_IRQHandler
                0x080056cc                FDCAN1_IT0_IRQHandler
                0x080056cc                OTG_FS_WKUP_IRQHandler
                0x080056cc                OTG_HS_IRQHandler
                0x080056cc                DMA2D_IRQHandler
                0x080056cc                TIM1_BRK_IRQHandler
                0x080056cc                EXTI1_IRQHandler
                0x080056cc                SDMMC2_IRQHandler
                0x080056cc                OTG_FS_EP1_OUT_IRQHandler
                0x080056cc                BDMA_Channel3_IRQHandler
                0x080056cc                UART7_IRQHandler
                0x080056cc                MDIOS_WKUP_IRQHandler
                0x080056cc                USART2_IRQHandler
                0x080056cc                DFSDM1_FLT0_IRQHandler
                0x080056cc                SAI4_IRQHandler
                0x080056cc                I2C2_ER_IRQHandler
                0x080056cc                DMA2_Stream1_IRQHandler
                0x080056cc                FLASH_IRQHandler
                0x080056cc                DMA2_Stream4_IRQHandler
                0x080056cc                BusFault_Handler
                0x080056cc                USART1_IRQHandler
                0x080056cc                OTG_FS_IRQHandler
                0x080056cc                SPI3_IRQHandler
                0x080056cc                WAKEUP_PIN_IRQHandler
                0x080056cc                DMA1_Stream4_IRQHandler
                0x080056cc                OTG_FS_EP1_IN_IRQHandler
                0x080056cc                I2C1_ER_IRQHandler
                0x080056cc                FMC_IRQHandler
                0x080056cc                FDCAN_CAL_IRQHandler
                0x080056cc                SWPMI1_IRQHandler
                0x080056cc                COMP1_IRQHandler
                0x080056cc                LPTIM1_IRQHandler
                0x080056cc                I2C4_ER_IRQHandler
                0x080056cc                DMA2_Stream6_IRQHandler
                0x080056cc                SAI1_IRQHandler
                0x080056cc                DMA1_Stream3_IRQHandler
 *fill*         0x080056ce        0x2 
 .text.arm_cfft_radix8by2_f32
                0x080056d0      0x1a0 E:/Program Files (x86)/Atollic CMSIS PACKS/ARM/CMSIS/5.3.0/CMSIS/Lib/GCC\libarm_cortexM7lfdp_math.a(arm_cfft_f32.o)
                0x080056d0                arm_cfft_radix8by2_f32
 .text.arm_cfft_radix8by4_f32
                0x08005870      0x4b0 E:/Program Files (x86)/Atollic CMSIS PACKS/ARM/CMSIS/5.3.0/CMSIS/Lib/GCC\libarm_cortexM7lfdp_math.a(arm_cfft_f32.o)
                0x08005870                arm_cfft_radix8by4_f32
 .text.arm_cfft_f32
                0x08005d20       0xf0 E:/Program Files (x86)/Atollic CMSIS PACKS/ARM/CMSIS/5.3.0/CMSIS/Lib/GCC\libarm_cortexM7lfdp_math.a(arm_cfft_f32.o)
                0x08005d20                arm_cfft_f32
 .text.arm_radix8_butterfly_f32
                0x08005e10      0x5e4 E:/Program Files (x86)/Atollic CMSIS PACKS/ARM/CMSIS/5.3.0/CMSIS/Lib/GCC\libarm_cortexM7lfdp_math.a(arm_cfft_radix8_f32.o)
                0x08005e10                arm_radix8_butterfly_f32
 .text.__libc_init_array
                0x080063f4       0x48 c:/program files (x86)/atollic/truestudio for stm32 9.0.0/armtools/bin/../lib/gcc/arm-atollic-eabi/6.3.1/../../../../arm-atollic-eabi/lib/armv7e-m/fpu/fpv5-d16\libc_nano.a(lib_a-init.o)
                0x080063f4                __libc_init_array
 .text.memset   0x0800643c       0x10 c:/program files (x86)/atollic/truestudio for stm32 9.0.0/armtools/bin/../lib/gcc/arm-atollic-eabi/6.3.1/../../../../arm-atollic-eabi/lib/armv7e-m/fpu/fpv5-d16\libc_nano.a(lib_a-memset.o)
                0x0800643c                memset
 .text.printf   0x0800644c       0x30 c:/program files (x86)/atollic/truestudio for stm32 9.0.0/armtools/bin/../lib/gcc/arm-atollic-eabi/6.3.1/../../../../arm-atollic-eabi/lib/armv7e-m/fpu/fpv5-d16\libc_nano.a(lib_a-printf.o)
                0x0800644c                iprintf
                0x0800644c                printf
 .text._cleanup_r
                0x0800647c        0xc c:/program files (x86)/atollic/truestudio for stm32 9.0.0/armtools/bin/../lib/gcc/arm-atollic-eabi/6.3.1/../../../../arm-atollic-eabi/lib/armv7e-m/fpu/fpv5-d16\libc_nano.a(lib_a-findfp.o)
                0x0800647c                _cleanup_r
 .text.std.isra.0
                0x08006488       0x48 c:/program files (x86)/atollic/truestudio for stm32 9.0.0/armtools/bin/../lib/gcc/arm-atollic-eabi/6.3.1/../../../../arm-atollic-eabi/lib/armv7e-m/fpu/fpv5-d16\libc_nano.a(lib_a-findfp.o)
 .text.__sfmoreglue
                0x080064d0       0x2c c:/program files (x86)/atollic/truestudio for stm32 9.0.0/armtools/bin/../lib/gcc/arm-atollic-eabi/6.3.1/../../../../arm-atollic-eabi/lib/armv7e-m/fpu/fpv5-d16\libc_nano.a(lib_a-findfp.o)
                0x080064d0                __sfmoreglue
 .text.__sinit  0x080064fc       0x60 c:/program files (x86)/atollic/truestudio for stm32 9.0.0/armtools/bin/../lib/gcc/arm-atollic-eabi/6.3.1/../../../../arm-atollic-eabi/lib/armv7e-m/fpu/fpv5-d16\libc_nano.a(lib_a-findfp.o)
                0x080064fc                __sinit
 .text.__sfp    0x0800655c       0x78 c:/program files (x86)/atollic/truestudio for stm32 9.0.0/armtools/bin/../lib/gcc/arm-atollic-eabi/6.3.1/../../../../arm-atollic-eabi/lib/armv7e-m/fpu/fpv5-d16\libc_nano.a(lib_a-findfp.o)
                0x0800655c                __sfp
 .text._fwalk_reent
                0x080065d4       0x3c c:/program files (x86)/atollic/truestudio for stm32 9.0.0/armtools/bin/../lib/gcc/arm-atollic-eabi/6.3.1/../../../../arm-atollic-eabi/lib/armv7e-m/fpu/fpv5-d16\libc_nano.a(lib_a-fwalk.o)
                0x080065d4                _fwalk_reent
 .text._malloc_r
                0x08006610       0xbc c:/program files (x86)/atollic/truestudio for stm32 9.0.0/armtools/bin/../lib/gcc/arm-atollic-eabi/6.3.1/../../../../arm-atollic-eabi/lib/armv7e-m/fpu/fpv5-d16\libc_nano.a(lib_a-nano-mallocr.o)
                0x08006610                _malloc_r
 .text.__sfputc_r
                0x080066cc       0x30 c:/program files (x86)/atollic/truestudio for stm32 9.0.0/armtools/bin/../lib/gcc/arm-atollic-eabi/6.3.1/../../../../arm-atollic-eabi/lib/armv7e-m/fpu/fpv5-d16\libc_nano.a(lib_a-nano-vfprintf.o)
 .text.__sfputs_r
                0x080066fc       0x24 c:/program files (x86)/atollic/truestudio for stm32 9.0.0/armtools/bin/../lib/gcc/arm-atollic-eabi/6.3.1/../../../../arm-atollic-eabi/lib/armv7e-m/fpu/fpv5-d16\libc_nano.a(lib_a-nano-vfprintf.o)
                0x080066fc                __sfputs_r
 .text._vfprintf_r
                0x08006720      0x22c c:/program files (x86)/atollic/truestudio for stm32 9.0.0/armtools/bin/../lib/gcc/arm-atollic-eabi/6.3.1/../../../../arm-atollic-eabi/lib/armv7e-m/fpu/fpv5-d16\libc_nano.a(lib_a-nano-vfprintf.o)
                0x08006720                _vfprintf_r
                0x08006720                _vfiprintf_r
 .text._printf_common
                0x0800694c       0xec c:/program files (x86)/atollic/truestudio for stm32 9.0.0/armtools/bin/../lib/gcc/arm-atollic-eabi/6.3.1/../../../../arm-atollic-eabi/lib/armv7e-m/fpu/fpv5-d16\libc_nano.a(lib_a-nano-vfprintf_i.o)
                0x0800694c                _printf_common
 .text._printf_i
                0x08006a38      0x240 c:/program files (x86)/atollic/truestudio for stm32 9.0.0/armtools/bin/../lib/gcc/arm-atollic-eabi/6.3.1/../../../../arm-atollic-eabi/lib/armv7e-m/fpu/fpv5-d16\libc_nano.a(lib_a-nano-vfprintf_i.o)
                0x08006a38                _printf_i
 .text._sbrk_r  0x08006c78       0x20 c:/program files (x86)/atollic/truestudio for stm32 9.0.0/armtools/bin/../lib/gcc/arm-atollic-eabi/6.3.1/../../../../arm-atollic-eabi/lib/armv7e-m/fpu/fpv5-d16\libc_nano.a(lib_a-sbrkr.o)
                0x08006c78                _sbrk_r
 .text.__sread  0x08006c98       0x22 c:/program files (x86)/atollic/truestudio for stm32 9.0.0/armtools/bin/../lib/gcc/arm-atollic-eabi/6.3.1/../../../../arm-atollic-eabi/lib/armv7e-m/fpu/fpv5-d16\libc_nano.a(lib_a-stdio.o)
                0x08006c98                __sread
 .text.__swrite
                0x08006cba       0x38 c:/program files (x86)/atollic/truestudio for stm32 9.0.0/armtools/bin/../lib/gcc/arm-atollic-eabi/6.3.1/../../../../arm-atollic-eabi/lib/armv7e-m/fpu/fpv5-d16\libc_nano.a(lib_a-stdio.o)
                0x08006cba                __swrite
 .text.__sseek  0x08006cf2       0x24 c:/program files (x86)/atollic/truestudio for stm32 9.0.0/armtools/bin/../lib/gcc/arm-atollic-eabi/6.3.1/../../../../arm-atollic-eabi/lib/armv7e-m/fpu/fpv5-d16\libc_nano.a(lib_a-stdio.o)
                0x08006cf2                __sseek
 .text.__sclose
                0x08006d16        0x8 c:/program files (x86)/atollic/truestudio for stm32 9.0.0/armtools/bin/../lib/gcc/arm-atollic-eabi/6.3.1/../../../../arm-atollic-eabi/lib/armv7e-m/fpu/fpv5-d16\libc_nano.a(lib_a-stdio.o)
                0x08006d16                __sclose
 *fill*         0x08006d1e        0x2 
 .text.__swbuf_r
                0x08006d20       0xa4 c:/program files (x86)/atollic/truestudio for stm32 9.0.0/armtools/bin/../lib/gcc/arm-atollic-eabi/6.3.1/../../../../arm-atollic-eabi/lib/armv7e-m/fpu/fpv5-d16\libc_nano.a(lib_a-wbuf.o)
                0x08006d20                __swbuf_r
 .text._write_r
                0x08006dc4       0x24 c:/program files (x86)/atollic/truestudio for stm32 9.0.0/armtools/bin/../lib/gcc/arm-atollic-eabi/6.3.1/../../../../arm-atollic-eabi/lib/armv7e-m/fpu/fpv5-d16\libc_nano.a(lib_a-writer.o)
                0x08006dc4                _write_r
 .text.__swsetup_r
                0x08006de8       0xdc c:/program files (x86)/atollic/truestudio for stm32 9.0.0/armtools/bin/../lib/gcc/arm-atollic-eabi/6.3.1/../../../../arm-atollic-eabi/lib/armv7e-m/fpu/fpv5-d16\libc_nano.a(lib_a-wsetup.o)
                0x08006de8                __swsetup_r
 .text._close_r
                0x08006ec4       0x20 c:/program files (x86)/atollic/truestudio for stm32 9.0.0/armtools/bin/../lib/gcc/arm-atollic-eabi/6.3.1/../../../../arm-atollic-eabi/lib/armv7e-m/fpu/fpv5-d16\libc_nano.a(lib_a-closer.o)
                0x08006ec4                _close_r
 .text.__sflush_r
                0x08006ee4      0x110 c:/program files (x86)/atollic/truestudio for stm32 9.0.0/armtools/bin/../lib/gcc/arm-atollic-eabi/6.3.1/../../../../arm-atollic-eabi/lib/armv7e-m/fpu/fpv5-d16\libc_nano.a(lib_a-fflush.o)
                0x08006ee4                __sflush_r
 .text._fflush_r
                0x08006ff4       0x54 c:/program files (x86)/atollic/truestudio for stm32 9.0.0/armtools/bin/../lib/gcc/arm-atollic-eabi/6.3.1/../../../../arm-atollic-eabi/lib/armv7e-m/fpu/fpv5-d16\libc_nano.a(lib_a-fflush.o)
                0x08006ff4                _fflush_r
 .text._lseek_r
                0x08007048       0x24 c:/program files (x86)/atollic/truestudio for stm32 9.0.0/armtools/bin/../lib/gcc/arm-atollic-eabi/6.3.1/../../../../arm-atollic-eabi/lib/armv7e-m/fpu/fpv5-d16\libc_nano.a(lib_a-lseekr.o)
                0x08007048                _lseek_r
 .text.__swhatbuf_r
                0x0800706c       0x48 c:/program files (x86)/atollic/truestudio for stm32 9.0.0/armtools/bin/../lib/gcc/arm-atollic-eabi/6.3.1/../../../../arm-atollic-eabi/lib/armv7e-m/fpu/fpv5-d16\libc_nano.a(lib_a-makebuf.o)
                0x0800706c                __swhatbuf_r
 .text.__smakebuf_r
                0x080070b4       0x80 c:/program files (x86)/atollic/truestudio for stm32 9.0.0/armtools/bin/../lib/gcc/arm-atollic-eabi/6.3.1/../../../../arm-atollic-eabi/lib/armv7e-m/fpu/fpv5-d16\libc_nano.a(lib_a-makebuf.o)
                0x080070b4                __smakebuf_r
 .text.__malloc_lock
                0x08007134        0x2 c:/program files (x86)/atollic/truestudio for stm32 9.0.0/armtools/bin/../lib/gcc/arm-atollic-eabi/6.3.1/../../../../arm-atollic-eabi/lib/armv7e-m/fpu/fpv5-d16\libc_nano.a(lib_a-mlock.o)
                0x08007134                __malloc_lock
 .text.__malloc_unlock
                0x08007136        0x2 c:/program files (x86)/atollic/truestudio for stm32 9.0.0/armtools/bin/../lib/gcc/arm-atollic-eabi/6.3.1/../../../../arm-atollic-eabi/lib/armv7e-m/fpu/fpv5-d16\libc_nano.a(lib_a-mlock.o)
                0x08007136                __malloc_unlock
 .text._free_r  0x08007138       0x9c c:/program files (x86)/atollic/truestudio for stm32 9.0.0/armtools/bin/../lib/gcc/arm-atollic-eabi/6.3.1/../../../../arm-atollic-eabi/lib/armv7e-m/fpu/fpv5-d16\libc_nano.a(lib_a-nano-freer.o)
                0x08007138                _free_r
 .text._read_r  0x080071d4       0x24 c:/program files (x86)/atollic/truestudio for stm32 9.0.0/armtools/bin/../lib/gcc/arm-atollic-eabi/6.3.1/../../../../arm-atollic-eabi/lib/armv7e-m/fpu/fpv5-d16\libc_nano.a(lib_a-readr.o)
                0x080071d4                _read_r
 .text._fstat_r
                0x080071f8       0x24 c:/program files (x86)/atollic/truestudio for stm32 9.0.0/armtools/bin/../lib/gcc/arm-atollic-eabi/6.3.1/../../../../arm-atollic-eabi/lib/armv7e-m/fpu/fpv5-d16\libc_nano.a(lib_a-fstatr.o)
                0x080071f8                _fstat_r
 .text._isatty_r
                0x0800721c       0x20 c:/program files (x86)/atollic/truestudio for stm32 9.0.0/armtools/bin/../lib/gcc/arm-atollic-eabi/6.3.1/../../../../arm-atollic-eabi/lib/armv7e-m/fpu/fpv5-d16\libc_nano.a(lib_a-isattyr.o)
                0x0800721c                _isatty_r
 .text._close   0x0800723c       0x10 c:/program files (x86)/atollic/truestudio for stm32 9.0.0/armtools/bin/../lib/gcc/arm-atollic-eabi/6.3.1/../../../../arm-atollic-eabi/lib/armv7e-m/fpu/fpv5-d16\libnosys.a(close.o)
                0x0800723c                _close
 .text._fstat   0x0800724c       0x10 c:/program files (x86)/atollic/truestudio for stm32 9.0.0/armtools/bin/../lib/gcc/arm-atollic-eabi/6.3.1/../../../../arm-atollic-eabi/lib/armv7e-m/fpu/fpv5-d16\libnosys.a(fstat.o)
                0x0800724c                _fstat
 .text._isatty  0x0800725c       0x10 c:/program files (x86)/atollic/truestudio for stm32 9.0.0/armtools/bin/../lib/gcc/arm-atollic-eabi/6.3.1/../../../../arm-atollic-eabi/lib/armv7e-m/fpu/fpv5-d16\libnosys.a(isatty.o)
                0x0800725c                _isatty
 .text._lseek   0x0800726c       0x10 c:/program files (x86)/atollic/truestudio for stm32 9.0.0/armtools/bin/../lib/gcc/arm-atollic-eabi/6.3.1/../../../../arm-atollic-eabi/lib/armv7e-m/fpu/fpv5-d16\libnosys.a(lseek.o)
                0x0800726c                _lseek
 .text._read    0x0800727c       0x10 c:/program files (x86)/atollic/truestudio for stm32 9.0.0/armtools/bin/../lib/gcc/arm-atollic-eabi/6.3.1/../../../../arm-atollic-eabi/lib/armv7e-m/fpu/fpv5-d16\libnosys.a(read.o)
                0x0800727c                _read
 .text._sbrk    0x0800728c       0x1c c:/program files (x86)/atollic/truestudio for stm32 9.0.0/armtools/bin/../lib/gcc/arm-atollic-eabi/6.3.1/../../../../arm-atollic-eabi/lib/armv7e-m/fpu/fpv5-d16\libnosys.a(sbrk.o)
                0x0800728c                _sbrk
 *(.glue_7)
 .glue_7        0x080072a8        0x0 linker stubs
 *(.glue_7t)
 .glue_7t       0x080072a8        0x0 linker stubs
 *(.eh_frame)
 .eh_frame      0x080072a8        0x0 c:/program files (x86)/atollic/truestudio for stm32 9.0.0/armtools/bin/../lib/gcc/arm-atollic-eabi/6.3.1/armv7e-m/fpu/fpv5-d16/crtbegin.o
 *(.init)
 .init          0x080072a8        0x4 c:/program files (x86)/atollic/truestudio for stm32 9.0.0/armtools/bin/../lib/gcc/arm-atollic-eabi/6.3.1/armv7e-m/fpu/fpv5-d16/crti.o
                0x080072a8                _init
 .init          0x080072ac        0x8 c:/program files (x86)/atollic/truestudio for stm32 9.0.0/armtools/bin/../lib/gcc/arm-atollic-eabi/6.3.1/armv7e-m/fpu/fpv5-d16/crtn.o
 *(.fini)
 .fini          0x080072b4        0x4 c:/program files (x86)/atollic/truestudio for stm32 9.0.0/armtools/bin/../lib/gcc/arm-atollic-eabi/6.3.1/armv7e-m/fpu/fpv5-d16/crti.o
                0x080072b4                _fini
 .fini          0x080072b8        0x8 c:/program files (x86)/atollic/truestudio for stm32 9.0.0/armtools/bin/../lib/gcc/arm-atollic-eabi/6.3.1/armv7e-m/fpu/fpv5-d16/crtn.o
                0x080072c0                . = ALIGN (0x4)
                0x080072c0                _etext = .

.vfp11_veneer   0x080072c0        0x0
 .vfp11_veneer  0x080072c0        0x0 linker stubs

.v4_bx          0x080072c0        0x0
 .v4_bx         0x080072c0        0x0 linker stubs

.iplt           0x080072c0        0x0
 .iplt          0x080072c0        0x0 c:/program files (x86)/atollic/truestudio for stm32 9.0.0/armtools/bin/../lib/gcc/arm-atollic-eabi/6.3.1/armv7e-m/fpu/fpv5-d16/crtbegin.o

.rodata         0x080072c0     0x2f20
                0x080072c0                . = ALIGN (0x4)
 *(.rodata)
 .rodata        0x080072c0       0x1d Src\main.o
 *fill*         0x080072dd        0x3 
 .rodata        0x080072e0        0xd Src\tim.o
 *fill*         0x080072ed        0x3 
 .rodata        0x080072f0        0xf Src\usart.o
 *(.rodata*)
 *fill*         0x080072ff        0x1 
 .rodata.UARTPrescTable
                0x08007300       0x18 Drivers\STM32H7xx_HAL_Driver\Src\stm32h7xx_hal_uart.o
 .rodata.D1CorePrescTable
                0x08007318       0x10 Src\system_stm32h7xx.o
                0x08007318                D1CorePrescTable
 .rodata.arm_cfft_sR_f32_len1024
                0x08007328       0x10 E:/Program Files (x86)/Atollic CMSIS PACKS/ARM/CMSIS/5.3.0/CMSIS/Lib/GCC\libarm_cortexM7lfdp_math.a(arm_const_structs.o)
                0x08007328                arm_cfft_sR_f32_len1024
 .rodata.twiddleCoef_1024
                0x08007338     0x2000 E:/Program Files (x86)/Atollic CMSIS PACKS/ARM/CMSIS/5.3.0/CMSIS/Lib/GCC\libarm_cortexM7lfdp_math.a(arm_common_tables.o)
                0x08007338                twiddleCoef_1024
 .rodata.armBitRevIndexTable1024
                0x08009338      0xe10 E:/Program Files (x86)/Atollic CMSIS PACKS/ARM/CMSIS/5.3.0/CMSIS/Lib/GCC\libarm_cortexM7lfdp_math.a(arm_common_tables.o)
                0x08009338                armBitRevIndexTable1024
 .rodata._global_impure_ptr
                0x0800a148        0x4 c:/program files (x86)/atollic/truestudio for stm32 9.0.0/armtools/bin/../lib/gcc/arm-atollic-eabi/6.3.1/../../../../arm-atollic-eabi/lib/armv7e-m/fpu/fpv5-d16\libc_nano.a(lib_a-impure.o)
                0x0800a148                _global_impure_ptr
 .rodata.__sf_fake_stderr
                0x0800a14c       0x20 c:/program files (x86)/atollic/truestudio for stm32 9.0.0/armtools/bin/../lib/gcc/arm-atollic-eabi/6.3.1/../../../../arm-atollic-eabi/lib/armv7e-m/fpu/fpv5-d16\libc_nano.a(lib_a-findfp.o)
                0x0800a14c                __sf_fake_stderr
 .rodata.__sf_fake_stdin
                0x0800a16c       0x20 c:/program files (x86)/atollic/truestudio for stm32 9.0.0/armtools/bin/../lib/gcc/arm-atollic-eabi/6.3.1/../../../../arm-atollic-eabi/lib/armv7e-m/fpu/fpv5-d16\libc_nano.a(lib_a-findfp.o)
                0x0800a16c                __sf_fake_stdin
 .rodata.__sf_fake_stdout
                0x0800a18c       0x20 c:/program files (x86)/atollic/truestudio for stm32 9.0.0/armtools/bin/../lib/gcc/arm-atollic-eabi/6.3.1/../../../../arm-atollic-eabi/lib/armv7e-m/fpu/fpv5-d16\libc_nano.a(lib_a-findfp.o)
                0x0800a18c                __sf_fake_stdout
 .rodata._vfprintf_r.str1.1
                0x0800a1ac       0x11 c:/program files (x86)/atollic/truestudio for stm32 9.0.0/armtools/bin/../lib/gcc/arm-atollic-eabi/6.3.1/../../../../arm-atollic-eabi/lib/armv7e-m/fpu/fpv5-d16\libc_nano.a(lib_a-nano-vfprintf.o)
 .rodata._printf_i.str1.1
                0x0800a1bd       0x22 c:/program files (x86)/atollic/truestudio for stm32 9.0.0/armtools/bin/../lib/gcc/arm-atollic-eabi/6.3.1/../../../../arm-atollic-eabi/lib/armv7e-m/fpu/fpv5-d16\libc_nano.a(lib_a-nano-vfprintf_i.o)
                0x0800a1e0                . = ALIGN (0x4)
 *fill*         0x0800a1df        0x1 

.ARM.extab
 *(.ARM.extab* .gnu.linkonce.armextab.*)

.ARM            0x0800a1e0        0x8
                0x0800a1e0                __exidx_start = .
 *(.ARM.exidx*)
 .ARM.exidx     0x0800a1e0        0x8 c:/program files (x86)/atollic/truestudio for stm32 9.0.0/armtools/bin/../lib/gcc/arm-atollic-eabi/6.3.1/armv7e-m/fpu/fpv5-d16\libgcc.a(_udivmoddi4.o)
                0x0800a1e8                __exidx_end = .

.rel.dyn        0x0800a1e8        0x0
 .rel.iplt      0x0800a1e8        0x0 c:/program files (x86)/atollic/truestudio for stm32 9.0.0/armtools/bin/../lib/gcc/arm-atollic-eabi/6.3.1/armv7e-m/fpu/fpv5-d16/crtbegin.o

.preinit_array  0x0800a1e8        0x0
                0x0800a1e8                PROVIDE (__preinit_array_start, .)
 *(.preinit_array*)
                0x0800a1e8                PROVIDE (__preinit_array_end, .)

.init_array     0x0800a1e8        0x4
                0x0800a1e8                PROVIDE (__init_array_start, .)
 *(SORT(.init_array.*))
 *(.init_array*)
 .init_array    0x0800a1e8        0x4 c:/program files (x86)/atollic/truestudio for stm32 9.0.0/armtools/bin/../lib/gcc/arm-atollic-eabi/6.3.1/armv7e-m/fpu/fpv5-d16/crtbegin.o
                0x0800a1ec                PROVIDE (__init_array_end, .)

.fini_array     0x0800a1ec        0x4
                [!provide]                PROVIDE (__fini_array_start, .)
 *(SORT(.fini_array.*))
 *(.fini_array*)
 .fini_array    0x0800a1ec        0x4 c:/program files (x86)/atollic/truestudio for stm32 9.0.0/armtools/bin/../lib/gcc/arm-atollic-eabi/6.3.1/armv7e-m/fpu/fpv5-d16/crtbegin.o
                [!provide]                PROVIDE (__fini_array_end, .)
                0x0800a1f0                _sidata = LOADADDR (.data)

.data           0x20000000     0x2074 load address 0x0800a1f0
                0x20000000                . = ALIGN (0x4)
                0x20000000                _sdata = .
 *(.data)
 *(.data*)
 .data.uwTickPrio
                0x20000000        0x4 Drivers\STM32H7xx_HAL_Driver\Src\stm32h7xx_hal.o
 .data.uwTickFreq
                0x20000004        0x1 Drivers\STM32H7xx_HAL_Driver\Src\stm32h7xx_hal.o
 *fill*         0x20000005        0x3 
 .data.testInput_f32_10khz
                0x20000008     0x2000 Src\main.o
                0x20000008                testInput_f32_10khz
 .data.SystemCoreClock
                0x20002008        0x4 Src\system_stm32h7xx.o
                0x20002008                SystemCoreClock
 .data.SystemD2Clock
                0x2000200c        0x4 Src\system_stm32h7xx.o
                0x2000200c                SystemD2Clock
 .data._impure_ptr
                0x20002010        0x4 c:/program files (x86)/atollic/truestudio for stm32 9.0.0/armtools/bin/../lib/gcc/arm-atollic-eabi/6.3.1/../../../../arm-atollic-eabi/lib/armv7e-m/fpu/fpv5-d16\libc_nano.a(lib_a-impure.o)
                0x20002010                _impure_ptr
 .data.impure_data
                0x20002014       0x60 c:/program files (x86)/atollic/truestudio for stm32 9.0.0/armtools/bin/../lib/gcc/arm-atollic-eabi/6.3.1/../../../../arm-atollic-eabi/lib/armv7e-m/fpu/fpv5-d16\libc_nano.a(lib_a-impure.o)
                0x20002074                . = ALIGN (0x4)
                0x20002074                _edata = .

.igot.plt       0x20002074        0x0 load address 0x0800c264
 .igot.plt      0x20002074        0x0 c:/program files (x86)/atollic/truestudio for stm32 9.0.0/armtools/bin/../lib/gcc/arm-atollic-eabi/6.3.1/armv7e-m/fpu/fpv5-d16/crtbegin.o
                0x20002074                . = ALIGN (0x4)

.bss            0x20002074       0xf8 load address 0x0800c264
                0x20002074                _sbss = .
                0x20002074                __bss_start__ = _sbss
 *(.bss)
 .bss           0x20002074       0x1c c:/program files (x86)/atollic/truestudio for stm32 9.0.0/armtools/bin/../lib/gcc/arm-atollic-eabi/6.3.1/armv7e-m/fpu/fpv5-d16/crtbegin.o
 *(.bss*)
 .bss.uwTick    0x20002090        0x4 Drivers\STM32H7xx_HAL_Driver\Src\stm32h7xx_hal.o
 .bss.__malloc_free_list
                0x20002094        0x4 c:/program files (x86)/atollic/truestudio for stm32 9.0.0/armtools/bin/../lib/gcc/arm-atollic-eabi/6.3.1/../../../../arm-atollic-eabi/lib/armv7e-m/fpu/fpv5-d16\libc_nano.a(lib_a-nano-mallocr.o)
                0x20002094                __malloc_free_list
 .bss.__malloc_sbrk_start
                0x20002098        0x4 c:/program files (x86)/atollic/truestudio for stm32 9.0.0/armtools/bin/../lib/gcc/arm-atollic-eabi/6.3.1/../../../../arm-atollic-eabi/lib/armv7e-m/fpu/fpv5-d16\libc_nano.a(lib_a-nano-mallocr.o)
                0x20002098                __malloc_sbrk_start
 .bss.heap_end.5239
                0x2000209c        0x4 c:/program files (x86)/atollic/truestudio for stm32 9.0.0/armtools/bin/../lib/gcc/arm-atollic-eabi/6.3.1/../../../../arm-atollic-eabi/lib/armv7e-m/fpu/fpv5-d16\libnosys.a(sbrk.o)
 *(COMMON)
 COMMON         0x200020a0        0x8 Src\main.o
                0x200020a0                FFT_result
                0x200020a4                FFT_old
 COMMON         0x200020a8       0x40 Src\tim.o
                0x200020a8                htim2
 COMMON         0x200020e8       0x80 Src\usart.o
                0x200020e8                huart3
 COMMON         0x20002168        0x4 c:/program files (x86)/atollic/truestudio for stm32 9.0.0/armtools/bin/../lib/gcc/arm-atollic-eabi/6.3.1/../../../../arm-atollic-eabi/lib/armv7e-m/fpu/fpv5-d16\libc_nano.a(lib_a-reent.o)
                0x20002168                errno
                0x2000216c                . = ALIGN (0x4)
                0x2000216c                _ebss = .
                0x2000216c                __bss_end__ = _ebss

._user_heap_stack
                0x2000216c      0x600 load address 0x0800c264
                0x2000216c                . = ALIGN (0x4)
                0x2000216c                PROVIDE (end, .)
                [!provide]                PROVIDE (_end, .)
                0x2000236c                . = (. + _Min_Heap_Size)
 *fill*         0x2000216c      0x200 
                0x2000276c                . = (. + _Min_Stack_Size)
 *fill*         0x2000236c      0x400 
                0x2000276c                . = ALIGN (0x4)

/DISCARD/
 libc.a(*)
 libm.a(*)
 libgcc.a(*)

.ARM.attributes
                0x00000000       0x2e
 *(.ARM.attributes)
 .ARM.attributes
                0x00000000       0x20 c:/program files (x86)/atollic/truestudio for stm32 9.0.0/armtools/bin/../lib/gcc/arm-atollic-eabi/6.3.1/armv7e-m/fpu/fpv5-d16/crti.o
 .ARM.attributes
                0x00000020       0x32 c:/program files (x86)/atollic/truestudio for stm32 9.0.0/armtools/bin/../lib/gcc/arm-atollic-eabi/6.3.1/armv7e-m/fpu/fpv5-d16/crtbegin.o
 .ARM.attributes
                0x00000052       0x37 Drivers\STM32H7xx_HAL_Driver\Src\stm32h7xx_hal.o
 .ARM.attributes
                0x00000089       0x37 Drivers\STM32H7xx_HAL_Driver\Src\stm32h7xx_hal_cortex.o
 .ARM.attributes
                0x000000c0       0x37 Drivers\STM32H7xx_HAL_Driver\Src\stm32h7xx_hal_gpio.o
 .ARM.attributes
                0x000000f7       0x37 Drivers\STM32H7xx_HAL_Driver\Src\stm32h7xx_hal_rcc.o
 .ARM.attributes
                0x0000012e       0x37 Drivers\STM32H7xx_HAL_Driver\Src\stm32h7xx_hal_rcc_ex.o
 .ARM.attributes
                0x00000165       0x37 Drivers\STM32H7xx_HAL_Driver\Src\stm32h7xx_hal_tim.o
 .ARM.attributes
                0x0000019c       0x37 Drivers\STM32H7xx_HAL_Driver\Src\stm32h7xx_hal_tim_ex.o
 .ARM.attributes
                0x000001d3       0x37 Drivers\STM32H7xx_HAL_Driver\Src\stm32h7xx_hal_uart.o
 .ARM.attributes
                0x0000020a       0x37 Src\gpio.o
 .ARM.attributes
                0x00000241       0x37 Src\main.o
 .ARM.attributes
                0x00000278       0x37 Src\stm32h7xx_hal_msp.o
 .ARM.attributes
                0x000002af       0x37 Src\stm32h7xx_it.o
 .ARM.attributes
                0x000002e6       0x37 Src\system_stm32h7xx.o
 .ARM.attributes
                0x0000031d       0x37 Src\tim.o
 .ARM.attributes
                0x00000354       0x37 Src\usart.o
 .ARM.attributes
                0x0000038b       0x21 startup\startup_stm32h743xx.o
 .ARM.attributes
                0x000003ac       0x37 E:/Program Files (x86)/Atollic CMSIS PACKS/ARM/CMSIS/5.3.0/CMSIS/Lib/GCC\libarm_cortexM7lfdp_math.a(arm_const_structs.o)
 .ARM.attributes
                0x000003e3       0x37 E:/Program Files (x86)/Atollic CMSIS PACKS/ARM/CMSIS/5.3.0/CMSIS/Lib/GCC\libarm_cortexM7lfdp_math.a(arm_common_tables.o)
 .ARM.attributes
                0x0000041a       0x37 E:/Program Files (x86)/Atollic CMSIS PACKS/ARM/CMSIS/5.3.0/CMSIS/Lib/GCC\libarm_cortexM7lfdp_math.a(arm_cfft_f32.o)
 .ARM.attributes
                0x00000451       0x23 E:/Program Files (x86)/Atollic CMSIS PACKS/ARM/CMSIS/5.3.0/CMSIS/Lib/GCC\libarm_cortexM7lfdp_math.a(arm_bitreversal2.o)
 .ARM.attributes
                0x00000474       0x37 E:/Program Files (x86)/Atollic CMSIS PACKS/ARM/CMSIS/5.3.0/CMSIS/Lib/GCC\libarm_cortexM7lfdp_math.a(arm_cfft_radix8_f32.o)
 .ARM.attributes
                0x000004ab       0x32 c:/program files (x86)/atollic/truestudio for stm32 9.0.0/armtools/bin/../lib/gcc/arm-atollic-eabi/6.3.1/../../../../arm-atollic-eabi/lib/armv7e-m/fpu/fpv5-d16\libc_nano.a(lib_a-impure.o)
 .ARM.attributes
                0x000004dd       0x32 c:/program files (x86)/atollic/truestudio for stm32 9.0.0/armtools/bin/../lib/gcc/arm-atollic-eabi/6.3.1/../../../../arm-atollic-eabi/lib/armv7e-m/fpu/fpv5-d16\libc_nano.a(lib_a-init.o)
 .ARM.attributes
                0x0000050f       0x32 c:/program files (x86)/atollic/truestudio for stm32 9.0.0/armtools/bin/../lib/gcc/arm-atollic-eabi/6.3.1/../../../../arm-atollic-eabi/lib/armv7e-m/fpu/fpv5-d16\libc_nano.a(lib_a-memset.o)
 .ARM.attributes
                0x00000541       0x32 c:/program files (x86)/atollic/truestudio for stm32 9.0.0/armtools/bin/../lib/gcc/arm-atollic-eabi/6.3.1/../../../../arm-atollic-eabi/lib/armv7e-m/fpu/fpv5-d16\libc_nano.a(lib_a-printf.o)
 .ARM.attributes
                0x00000573       0x32 c:/program files (x86)/atollic/truestudio for stm32 9.0.0/armtools/bin/../lib/gcc/arm-atollic-eabi/6.3.1/../../../../arm-atollic-eabi/lib/armv7e-m/fpu/fpv5-d16\libc_nano.a(lib_a-findfp.o)
 .ARM.attributes
                0x000005a5       0x32 c:/program files (x86)/atollic/truestudio for stm32 9.0.0/armtools/bin/../lib/gcc/arm-atollic-eabi/6.3.1/../../../../arm-atollic-eabi/lib/armv7e-m/fpu/fpv5-d16\libc_nano.a(lib_a-fwalk.o)
 .ARM.attributes
                0x000005d7       0x32 c:/program files (x86)/atollic/truestudio for stm32 9.0.0/armtools/bin/../lib/gcc/arm-atollic-eabi/6.3.1/../../../../arm-atollic-eabi/lib/armv7e-m/fpu/fpv5-d16\libc_nano.a(lib_a-nano-mallocr.o)
 .ARM.attributes
                0x00000609       0x32 c:/program files (x86)/atollic/truestudio for stm32 9.0.0/armtools/bin/../lib/gcc/arm-atollic-eabi/6.3.1/../../../../arm-atollic-eabi/lib/armv7e-m/fpu/fpv5-d16\libc_nano.a(lib_a-nano-vfprintf.o)
 .ARM.attributes
                0x0000063b       0x32 c:/program files (x86)/atollic/truestudio for stm32 9.0.0/armtools/bin/../lib/gcc/arm-atollic-eabi/6.3.1/../../../../arm-atollic-eabi/lib/armv7e-m/fpu/fpv5-d16\libc_nano.a(lib_a-nano-vfprintf_i.o)
 .ARM.attributes
                0x0000066d       0x32 c:/program files (x86)/atollic/truestudio for stm32 9.0.0/armtools/bin/../lib/gcc/arm-atollic-eabi/6.3.1/../../../../arm-atollic-eabi/lib/armv7e-m/fpu/fpv5-d16\libc_nano.a(lib_a-sbrkr.o)
 .ARM.attributes
                0x0000069f       0x32 c:/program files (x86)/atollic/truestudio for stm32 9.0.0/armtools/bin/../lib/gcc/arm-atollic-eabi/6.3.1/../../../../arm-atollic-eabi/lib/armv7e-m/fpu/fpv5-d16\libc_nano.a(lib_a-stdio.o)
 .ARM.attributes
                0x000006d1       0x32 c:/program files (x86)/atollic/truestudio for stm32 9.0.0/armtools/bin/../lib/gcc/arm-atollic-eabi/6.3.1/../../../../arm-atollic-eabi/lib/armv7e-m/fpu/fpv5-d16\libc_nano.a(lib_a-wbuf.o)
 .ARM.attributes
                0x00000703       0x32 c:/program files (x86)/atollic/truestudio for stm32 9.0.0/armtools/bin/../lib/gcc/arm-atollic-eabi/6.3.1/../../../../arm-atollic-eabi/lib/armv7e-m/fpu/fpv5-d16\libc_nano.a(lib_a-writer.o)
 .ARM.attributes
                0x00000735       0x32 c:/program files (x86)/atollic/truestudio for stm32 9.0.0/armtools/bin/../lib/gcc/arm-atollic-eabi/6.3.1/../../../../arm-atollic-eabi/lib/armv7e-m/fpu/fpv5-d16\libc_nano.a(lib_a-wsetup.o)
 .ARM.attributes
                0x00000767       0x32 c:/program files (x86)/atollic/truestudio for stm32 9.0.0/armtools/bin/../lib/gcc/arm-atollic-eabi/6.3.1/../../../../arm-atollic-eabi/lib/armv7e-m/fpu/fpv5-d16\libc_nano.a(lib_a-closer.o)
 .ARM.attributes
                0x00000799       0x32 c:/program files (x86)/atollic/truestudio for stm32 9.0.0/armtools/bin/../lib/gcc/arm-atollic-eabi/6.3.1/../../../../arm-atollic-eabi/lib/armv7e-m/fpu/fpv5-d16\libc_nano.a(lib_a-fflush.o)
 .ARM.attributes
                0x000007cb       0x32 c:/program files (x86)/atollic/truestudio for stm32 9.0.0/armtools/bin/../lib/gcc/arm-atollic-eabi/6.3.1/../../../../arm-atollic-eabi/lib/armv7e-m/fpu/fpv5-d16\libc_nano.a(lib_a-lseekr.o)
 .ARM.attributes
                0x000007fd       0x32 c:/program files (x86)/atollic/truestudio for stm32 9.0.0/armtools/bin/../lib/gcc/arm-atollic-eabi/6.3.1/../../../../arm-atollic-eabi/lib/armv7e-m/fpu/fpv5-d16\libc_nano.a(lib_a-makebuf.o)
 .ARM.attributes
                0x0000082f       0x1e c:/program files (x86)/atollic/truestudio for stm32 9.0.0/armtools/bin/../lib/gcc/arm-atollic-eabi/6.3.1/../../../../arm-atollic-eabi/lib/armv7e-m/fpu/fpv5-d16\libc_nano.a(lib_a-memchr.o)
 .ARM.attributes
                0x0000084d       0x32 c:/program files (x86)/atollic/truestudio for stm32 9.0.0/armtools/bin/../lib/gcc/arm-atollic-eabi/6.3.1/../../../../arm-atollic-eabi/lib/armv7e-m/fpu/fpv5-d16\libc_nano.a(lib_a-mlock.o)
 .ARM.attributes
                0x0000087f       0x32 c:/program files (x86)/atollic/truestudio for stm32 9.0.0/armtools/bin/../lib/gcc/arm-atollic-eabi/6.3.1/../../../../arm-atollic-eabi/lib/armv7e-m/fpu/fpv5-d16\libc_nano.a(lib_a-nano-freer.o)
 .ARM.attributes
                0x000008b1       0x32 c:/program files (x86)/atollic/truestudio for stm32 9.0.0/armtools/bin/../lib/gcc/arm-atollic-eabi/6.3.1/../../../../arm-atollic-eabi/lib/armv7e-m/fpu/fpv5-d16\libc_nano.a(lib_a-readr.o)
 .ARM.attributes
                0x000008e3       0x32 c:/program files (x86)/atollic/truestudio for stm32 9.0.0/armtools/bin/../lib/gcc/arm-atollic-eabi/6.3.1/../../../../arm-atollic-eabi/lib/armv7e-m/fpu/fpv5-d16\libc_nano.a(lib_a-reent.o)
 .ARM.attributes
                0x00000915       0x32 c:/program files (x86)/atollic/truestudio for stm32 9.0.0/armtools/bin/../lib/gcc/arm-atollic-eabi/6.3.1/../../../../arm-atollic-eabi/lib/armv7e-m/fpu/fpv5-d16\libc_nano.a(lib_a-fstatr.o)
 .ARM.attributes
                0x00000947       0x32 c:/program files (x86)/atollic/truestudio for stm32 9.0.0/armtools/bin/../lib/gcc/arm-atollic-eabi/6.3.1/../../../../arm-atollic-eabi/lib/armv7e-m/fpu/fpv5-d16\libc_nano.a(lib_a-isattyr.o)
 .ARM.attributes
                0x00000979       0x20 c:/program files (x86)/atollic/truestudio for stm32 9.0.0/armtools/bin/../lib/gcc/arm-atollic-eabi/6.3.1/armv7e-m/fpu/fpv5-d16\libgcc.a(_aeabi_uldivmod.o)
 .ARM.attributes
                0x00000999       0x32 c:/program files (x86)/atollic/truestudio for stm32 9.0.0/armtools/bin/../lib/gcc/arm-atollic-eabi/6.3.1/armv7e-m/fpu/fpv5-d16\libgcc.a(_udivmoddi4.o)
 .ARM.attributes
                0x000009cb       0x20 c:/program files (x86)/atollic/truestudio for stm32 9.0.0/armtools/bin/../lib/gcc/arm-atollic-eabi/6.3.1/armv7e-m/fpu/fpv5-d16\libgcc.a(_dvmd_tls.o)
 .ARM.attributes
                0x000009eb       0x32 c:/program files (x86)/atollic/truestudio for stm32 9.0.0/armtools/bin/../lib/gcc/arm-atollic-eabi/6.3.1/../../../../arm-atollic-eabi/lib/armv7e-m/fpu/fpv5-d16\libnosys.a(close.o)
 .ARM.attributes
                0x00000a1d       0x32 c:/program files (x86)/atollic/truestudio for stm32 9.0.0/armtools/bin/../lib/gcc/arm-atollic-eabi/6.3.1/../../../../arm-atollic-eabi/lib/armv7e-m/fpu/fpv5-d16\libnosys.a(fstat.o)
 .ARM.attributes
                0x00000a4f       0x32 c:/program files (x86)/atollic/truestudio for stm32 9.0.0/armtools/bin/../lib/gcc/arm-atollic-eabi/6.3.1/../../../../arm-atollic-eabi/lib/armv7e-m/fpu/fpv5-d16\libnosys.a(isatty.o)
 .ARM.attributes
                0x00000a81       0x32 c:/program files (x86)/atollic/truestudio for stm32 9.0.0/armtools/bin/../lib/gcc/arm-atollic-eabi/6.3.1/../../../../arm-atollic-eabi/lib/armv7e-m/fpu/fpv5-d16\libnosys.a(lseek.o)
 .ARM.attributes
                0x00000ab3       0x32 c:/program files (x86)/atollic/truestudio for stm32 9.0.0/armtools/bin/../lib/gcc/arm-atollic-eabi/6.3.1/../../../../arm-atollic-eabi/lib/armv7e-m/fpu/fpv5-d16\libnosys.a(read.o)
 .ARM.attributes
                0x00000ae5       0x32 c:/program files (x86)/atollic/truestudio for stm32 9.0.0/armtools/bin/../lib/gcc/arm-atollic-eabi/6.3.1/../../../../arm-atollic-eabi/lib/armv7e-m/fpu/fpv5-d16\libnosys.a(sbrk.o)
 .ARM.attributes
                0x00000b17       0x20 c:/program files (x86)/atollic/truestudio for stm32 9.0.0/armtools/bin/../lib/gcc/arm-atollic-eabi/6.3.1/armv7e-m/fpu/fpv5-d16/crtn.o
OUTPUT(Cortex-M7.elf elf32-littlearm)

.debug_info     0x00000000    0x19d51
 .debug_info    0x00000000     0x1c58 Drivers\STM32H7xx_HAL_Driver\Src\stm32h7xx_hal.o
 .debug_info    0x00001c58     0x18d4 Drivers\STM32H7xx_HAL_Driver\Src\stm32h7xx_hal_cortex.o
 .debug_info    0x0000352c     0x147a Drivers\STM32H7xx_HAL_Driver\Src\stm32h7xx_hal_gpio.o
 .debug_info    0x000049a6     0x18eb Drivers\STM32H7xx_HAL_Driver\Src\stm32h7xx_hal_rcc.o
 .debug_info    0x00006291     0x1b98 Drivers\STM32H7xx_HAL_Driver\Src\stm32h7xx_hal_rcc_ex.o
 .debug_info    0x00007e29     0x2c2c Drivers\STM32H7xx_HAL_Driver\Src\stm32h7xx_hal_tim.o
 .debug_info    0x0000aa55     0x1b23 Drivers\STM32H7xx_HAL_Driver\Src\stm32h7xx_hal_tim_ex.o
 .debug_info    0x0000c578     0x20e4 Drivers\STM32H7xx_HAL_Driver\Src\stm32h7xx_hal_uart.o
 .debug_info    0x0000e65c      0xecc Src\gpio.o
 .debug_info    0x0000f528     0x2645 Src\main.o
 .debug_info    0x00011b6d     0x1096 Src\stm32h7xx_hal_msp.o
 .debug_info    0x00012c03      0xf85 Src\stm32h7xx_it.o
 .debug_info    0x00013b88     0x1172 Src\system_stm32h7xx.o
 .debug_info    0x00014cfa     0x17b1 Src\tim.o
 .debug_info    0x000164ab     0x14e9 Src\usart.o
 .debug_info    0x00017994       0x6b startup\startup_stm32h743xx.o
 .debug_info    0x000179ff      0xe6b E:/Program Files (x86)/Atollic CMSIS PACKS/ARM/CMSIS/5.3.0/CMSIS/Lib/GCC\libarm_cortexM7lfdp_math.a(arm_const_structs.o)
 .debug_info    0x0001886a      0x9b1 E:/Program Files (x86)/Atollic CMSIS PACKS/ARM/CMSIS/5.3.0/CMSIS/Lib/GCC\libarm_cortexM7lfdp_math.a(arm_common_tables.o)
 .debug_info    0x0001921b      0x685 E:/Program Files (x86)/Atollic CMSIS PACKS/ARM/CMSIS/5.3.0/CMSIS/Lib/GCC\libarm_cortexM7lfdp_math.a(arm_cfft_f32.o)
 .debug_info    0x000198a0       0x98 E:/Program Files (x86)/Atollic CMSIS PACKS/ARM/CMSIS/5.3.0/CMSIS/Lib/GCC\libarm_cortexM7lfdp_math.a(arm_bitreversal2.o)
 .debug_info    0x00019938      0x419 E:/Program Files (x86)/Atollic CMSIS PACKS/ARM/CMSIS/5.3.0/CMSIS/Lib/GCC\libarm_cortexM7lfdp_math.a(arm_cfft_radix8_f32.o)

.debug_abbrev   0x00000000     0x2915
 .debug_abbrev  0x00000000      0x323 Drivers\STM32H7xx_HAL_Driver\Src\stm32h7xx_hal.o
 .debug_abbrev  0x00000323      0x38b Drivers\STM32H7xx_HAL_Driver\Src\stm32h7xx_hal_cortex.o
 .debug_abbrev  0x000006ae      0x277 Drivers\STM32H7xx_HAL_Driver\Src\stm32h7xx_hal_gpio.o
 .debug_abbrev  0x00000925      0x2fc Drivers\STM32H7xx_HAL_Driver\Src\stm32h7xx_hal_rcc.o
 .debug_abbrev  0x00000c21      0x2f9 Drivers\STM32H7xx_HAL_Driver\Src\stm32h7xx_hal_rcc_ex.o
 .debug_abbrev  0x00000f1a      0x2ab Drivers\STM32H7xx_HAL_Driver\Src\stm32h7xx_hal_tim.o
 .debug_abbrev  0x000011c5      0x288 Drivers\STM32H7xx_HAL_Driver\Src\stm32h7xx_hal_tim_ex.o
 .debug_abbrev  0x0000144d      0x2d0 Drivers\STM32H7xx_HAL_Driver\Src\stm32h7xx_hal_uart.o
 .debug_abbrev  0x0000171d      0x1eb Src\gpio.o
 .debug_abbrev  0x00001908      0x264 Src\main.o
 .debug_abbrev  0x00001b6c      0x1dc Src\stm32h7xx_hal_msp.o
 .debug_abbrev  0x00001d48      0x1bb Src\stm32h7xx_it.o
 .debug_abbrev  0x00001f03      0x22e Src\system_stm32h7xx.o
 .debug_abbrev  0x00002131      0x22e Src\tim.o
 .debug_abbrev  0x0000235f      0x216 Src\usart.o
 .debug_abbrev  0x00002575       0x12 startup\startup_stm32h743xx.o
 .debug_abbrev  0x00002587       0xcb E:/Program Files (x86)/Atollic CMSIS PACKS/ARM/CMSIS/5.3.0/CMSIS/Lib/GCC\libarm_cortexM7lfdp_math.a(arm_const_structs.o)
 .debug_abbrev  0x00002652       0x84 E:/Program Files (x86)/Atollic CMSIS PACKS/ARM/CMSIS/5.3.0/CMSIS/Lib/GCC\libarm_cortexM7lfdp_math.a(arm_common_tables.o)
 .debug_abbrev  0x000026d6      0x183 E:/Program Files (x86)/Atollic CMSIS PACKS/ARM/CMSIS/5.3.0/CMSIS/Lib/GCC\libarm_cortexM7lfdp_math.a(arm_cfft_f32.o)
 .debug_abbrev  0x00002859       0x14 E:/Program Files (x86)/Atollic CMSIS PACKS/ARM/CMSIS/5.3.0/CMSIS/Lib/GCC\libarm_cortexM7lfdp_math.a(arm_bitreversal2.o)
 .debug_abbrev  0x0000286d       0xa8 E:/Program Files (x86)/Atollic CMSIS PACKS/ARM/CMSIS/5.3.0/CMSIS/Lib/GCC\libarm_cortexM7lfdp_math.a(arm_cfft_radix8_f32.o)

.debug_aranges  0x00000000      0xd20
 .debug_aranges
                0x00000000      0x1a0 Drivers\STM32H7xx_HAL_Driver\Src\stm32h7xx_hal.o
 .debug_aranges
                0x000001a0      0x110 Drivers\STM32H7xx_HAL_Driver\Src\stm32h7xx_hal_cortex.o
 .debug_aranges
                0x000002b0       0x58 Drivers\STM32H7xx_HAL_Driver\Src\stm32h7xx_hal_gpio.o
 .debug_aranges
                0x00000308       0x80 Drivers\STM32H7xx_HAL_Driver\Src\stm32h7xx_hal_rcc.o
 .debug_aranges
                0x00000388       0xe0 Drivers\STM32H7xx_HAL_Driver\Src\stm32h7xx_hal_rcc_ex.o
 .debug_aranges
                0x00000468      0x378 Drivers\STM32H7xx_HAL_Driver\Src\stm32h7xx_hal_tim.o
 .debug_aranges
                0x000007e0      0x158 Drivers\STM32H7xx_HAL_Driver\Src\stm32h7xx_hal_tim_ex.o
 .debug_aranges
                0x00000938      0x1e8 Drivers\STM32H7xx_HAL_Driver\Src\stm32h7xx_hal_uart.o
 .debug_aranges
                0x00000b20       0x20 Src\gpio.o
 .debug_aranges
                0x00000b40       0x48 Src\main.o
 .debug_aranges
                0x00000b88       0x20 Src\stm32h7xx_hal_msp.o
 .debug_aranges
                0x00000ba8       0x28 Src\stm32h7xx_it.o
 .debug_aranges
                0x00000bd0       0x28 Src\system_stm32h7xx.o
 .debug_aranges
                0x00000bf8       0x30 Src\tim.o
 .debug_aranges
                0x00000c28       0x30 Src\usart.o
 .debug_aranges
                0x00000c58       0x28 startup\startup_stm32h743xx.o
 .debug_aranges
                0x00000c80       0x18 E:/Program Files (x86)/Atollic CMSIS PACKS/ARM/CMSIS/5.3.0/CMSIS/Lib/GCC\libarm_cortexM7lfdp_math.a(arm_const_structs.o)
 .debug_aranges
                0x00000c98       0x18 E:/Program Files (x86)/Atollic CMSIS PACKS/ARM/CMSIS/5.3.0/CMSIS/Lib/GCC\libarm_cortexM7lfdp_math.a(arm_common_tables.o)
 .debug_aranges
                0x00000cb0       0x30 E:/Program Files (x86)/Atollic CMSIS PACKS/ARM/CMSIS/5.3.0/CMSIS/Lib/GCC\libarm_cortexM7lfdp_math.a(arm_cfft_f32.o)
 .debug_aranges
                0x00000ce0       0x20 E:/Program Files (x86)/Atollic CMSIS PACKS/ARM/CMSIS/5.3.0/CMSIS/Lib/GCC\libarm_cortexM7lfdp_math.a(arm_bitreversal2.o)
 .debug_aranges
                0x00000d00       0x20 E:/Program Files (x86)/Atollic CMSIS PACKS/ARM/CMSIS/5.3.0/CMSIS/Lib/GCC\libarm_cortexM7lfdp_math.a(arm_cfft_radix8_f32.o)

.debug_ranges   0x00000000      0xbb8
 .debug_ranges  0x00000000      0x190 Drivers\STM32H7xx_HAL_Driver\Src\stm32h7xx_hal.o
 .debug_ranges  0x00000190      0x100 Drivers\STM32H7xx_HAL_Driver\Src\stm32h7xx_hal_cortex.o
 .debug_ranges  0x00000290       0x48 Drivers\STM32H7xx_HAL_Driver\Src\stm32h7xx_hal_gpio.o
 .debug_ranges  0x000002d8       0x70 Drivers\STM32H7xx_HAL_Driver\Src\stm32h7xx_hal_rcc.o
 .debug_ranges  0x00000348       0xd0 Drivers\STM32H7xx_HAL_Driver\Src\stm32h7xx_hal_rcc_ex.o
 .debug_ranges  0x00000418      0x368 Drivers\STM32H7xx_HAL_Driver\Src\stm32h7xx_hal_tim.o
 .debug_ranges  0x00000780      0x148 Drivers\STM32H7xx_HAL_Driver\Src\stm32h7xx_hal_tim_ex.o
 .debug_ranges  0x000008c8      0x1d8 Drivers\STM32H7xx_HAL_Driver\Src\stm32h7xx_hal_uart.o
 .debug_ranges  0x00000aa0       0x10 Src\gpio.o
 .debug_ranges  0x00000ab0       0x38 Src\main.o
 .debug_ranges  0x00000ae8       0x10 Src\stm32h7xx_hal_msp.o
 .debug_ranges  0x00000af8       0x18 Src\stm32h7xx_it.o
 .debug_ranges  0x00000b10       0x18 Src\system_stm32h7xx.o
 .debug_ranges  0x00000b28       0x20 Src\tim.o
 .debug_ranges  0x00000b48       0x20 Src\usart.o
 .debug_ranges  0x00000b68       0x20 startup\startup_stm32h743xx.o
 .debug_ranges  0x00000b88       0x20 E:/Program Files (x86)/Atollic CMSIS PACKS/ARM/CMSIS/5.3.0/CMSIS/Lib/GCC\libarm_cortexM7lfdp_math.a(arm_cfft_f32.o)
 .debug_ranges  0x00000ba8       0x10 E:/Program Files (x86)/Atollic CMSIS PACKS/ARM/CMSIS/5.3.0/CMSIS/Lib/GCC\libarm_cortexM7lfdp_math.a(arm_cfft_radix8_f32.o)

.debug_line     0x00000000     0x7db5
 .debug_line    0x00000000      0x719 Drivers\STM32H7xx_HAL_Driver\Src\stm32h7xx_hal.o
 .debug_line    0x00000719      0x632 Drivers\STM32H7xx_HAL_Driver\Src\stm32h7xx_hal_cortex.o
 .debug_line    0x00000d4b      0x54b Drivers\STM32H7xx_HAL_Driver\Src\stm32h7xx_hal_gpio.o
 .debug_line    0x00001296      0x743 Drivers\STM32H7xx_HAL_Driver\Src\stm32h7xx_hal_rcc.o
 .debug_line    0x000019d9      0xa61 Drivers\STM32H7xx_HAL_Driver\Src\stm32h7xx_hal_rcc_ex.o
 .debug_line    0x0000243a     0x1674 Drivers\STM32H7xx_HAL_Driver\Src\stm32h7xx_hal_tim.o
 .debug_line    0x00003aae      0x9f5 Drivers\STM32H7xx_HAL_Driver\Src\stm32h7xx_hal_tim_ex.o
 .debug_line    0x000044a3      0xec9 Drivers\STM32H7xx_HAL_Driver\Src\stm32h7xx_hal_uart.o
 .debug_line    0x0000536c      0x332 Src\gpio.o
 .debug_line    0x0000569e      0x4d3 Src\main.o
 .debug_line    0x00005b71      0x2f8 Src\stm32h7xx_hal_msp.o
 .debug_line    0x00005e69      0x343 Src\stm32h7xx_it.o
 .debug_line    0x000061ac      0x357 Src\system_stm32h7xx.o
 .debug_line    0x00006503      0x36e Src\tim.o
 .debug_line    0x00006871      0x378 Src\usart.o
 .debug_line    0x00006be9       0x7f startup\startup_stm32h743xx.o
 .debug_line    0x00006c68      0x14c E:/Program Files (x86)/Atollic CMSIS PACKS/ARM/CMSIS/5.3.0/CMSIS/Lib/GCC\libarm_cortexM7lfdp_math.a(arm_const_structs.o)
 .debug_line    0x00006db4      0x135 E:/Program Files (x86)/Atollic CMSIS PACKS/ARM/CMSIS/5.3.0/CMSIS/Lib/GCC\libarm_cortexM7lfdp_math.a(arm_common_tables.o)
 .debug_line    0x00006ee9      0x765 E:/Program Files (x86)/Atollic CMSIS PACKS/ARM/CMSIS/5.3.0/CMSIS/Lib/GCC\libarm_cortexM7lfdp_math.a(arm_cfft_f32.o)
 .debug_line    0x0000764e       0xa2 E:/Program Files (x86)/Atollic CMSIS PACKS/ARM/CMSIS/5.3.0/CMSIS/Lib/GCC\libarm_cortexM7lfdp_math.a(arm_bitreversal2.o)
 .debug_line    0x000076f0      0x6c5 E:/Program Files (x86)/Atollic CMSIS PACKS/ARM/CMSIS/5.3.0/CMSIS/Lib/GCC\libarm_cortexM7lfdp_math.a(arm_cfft_radix8_f32.o)

.debug_str      0x00000000     0x5eb6
 .debug_str     0x00000000     0x17fb Drivers\STM32H7xx_HAL_Driver\Src\stm32h7xx_hal.o
                               0x18ed (size before relaxing)
 .debug_str     0x000017fb      0x57a Drivers\STM32H7xx_HAL_Driver\Src\stm32h7xx_hal_cortex.o
                               0x148e (size before relaxing)
 .debug_str     0x00001d75      0x195 Drivers\STM32H7xx_HAL_Driver\Src\stm32h7xx_hal_gpio.o
                                0xb68 (size before relaxing)
 .debug_str     0x00001f0a      0x495 Drivers\STM32H7xx_HAL_Driver\Src\stm32h7xx_hal_rcc.o
                                0xdcb (size before relaxing)
 .debug_str     0x0000239f      0x8b6 Drivers\STM32H7xx_HAL_Driver\Src\stm32h7xx_hal_rcc_ex.o
                               0x1206 (size before relaxing)
 .debug_str     0x00002c55     0x1231 Drivers\STM32H7xx_HAL_Driver\Src\stm32h7xx_hal_tim.o
                               0x196c (size before relaxing)
 .debug_str     0x00003e86      0x671 Drivers\STM32H7xx_HAL_Driver\Src\stm32h7xx_hal_tim_ex.o
                               0x136c (size before relaxing)
 .debug_str     0x000044f7      0x996 Drivers\STM32H7xx_HAL_Driver\Src\stm32h7xx_hal_uart.o
                               0x166b (size before relaxing)
 .debug_str     0x00004e8d       0x1b Src\gpio.o
                                0x90e (size before relaxing)
 .debug_str     0x00004ea8      0x8d7 Src\main.o
                               0x24ab (size before relaxing)
 .debug_str     0x0000577f       0x1b Src\stm32h7xx_hal_msp.o
                               0x109e (size before relaxing)
 .debug_str     0x0000579a       0x36 Src\stm32h7xx_it.o
                                0xbe9 (size before relaxing)
 .debug_str     0x000057d0       0x3b Src\system_stm32h7xx.o
                                0x9ef (size before relaxing)
 .debug_str     0x0000580b       0x29 Src\tim.o
                               0x1709 (size before relaxing)
 .debug_str     0x00005834       0x2e Src\usart.o
                                0xefd (size before relaxing)
 .debug_str     0x00005862      0x4b9 E:/Program Files (x86)/Atollic CMSIS PACKS/ARM/CMSIS/5.3.0/CMSIS/Lib/GCC\libarm_cortexM7lfdp_math.a(arm_const_structs.o)
                                0xd2f (size before relaxing)
 .debug_str     0x00005d1b       0x2e E:/Program Files (x86)/Atollic CMSIS PACKS/ARM/CMSIS/5.3.0/CMSIS/Lib/GCC\libarm_cortexM7lfdp_math.a(arm_common_tables.o)
                                0x714 (size before relaxing)
 .debug_str     0x00005d49      0x120 E:/Program Files (x86)/Atollic CMSIS PACKS/ARM/CMSIS/5.3.0/CMSIS/Lib/GCC\libarm_cortexM7lfdp_math.a(arm_cfft_f32.o)
                                0x36f (size before relaxing)
 .debug_str     0x00005e69       0x4d E:/Program Files (x86)/Atollic CMSIS PACKS/ARM/CMSIS/5.3.0/CMSIS/Lib/GCC\libarm_cortexM7lfdp_math.a(arm_cfft_radix8_f32.o)
                                0x266 (size before relaxing)

.comment        0x00000000       0xea
 .comment       0x00000000       0x7c Drivers\STM32H7xx_HAL_Driver\Src\stm32h7xx_hal.o
                                 0x7d (size before relaxing)
 .comment       0x0000007c       0x7d Drivers\STM32H7xx_HAL_Driver\Src\stm32h7xx_hal_cortex.o
 .comment       0x0000007c       0x7d Drivers\STM32H7xx_HAL_Driver\Src\stm32h7xx_hal_gpio.o
 .comment       0x0000007c       0x7d Drivers\STM32H7xx_HAL_Driver\Src\stm32h7xx_hal_rcc.o
 .comment       0x0000007c       0x7d Drivers\STM32H7xx_HAL_Driver\Src\stm32h7xx_hal_rcc_ex.o
 .comment       0x0000007c       0x7d Drivers\STM32H7xx_HAL_Driver\Src\stm32h7xx_hal_tim.o
 .comment       0x0000007c       0x7d Drivers\STM32H7xx_HAL_Driver\Src\stm32h7xx_hal_tim_ex.o
 .comment       0x0000007c       0x7d Drivers\STM32H7xx_HAL_Driver\Src\stm32h7xx_hal_uart.o
 .comment       0x0000007c       0x7d Src\gpio.o
 .comment       0x0000007c       0x7d Src\main.o
 .comment       0x0000007c       0x7d Src\stm32h7xx_hal_msp.o
 .comment       0x0000007c       0x7d Src\stm32h7xx_it.o
 .comment       0x0000007c       0x7d Src\system_stm32h7xx.o
 .comment       0x0000007c       0x7d Src\tim.o
 .comment       0x0000007c       0x7d Src\usart.o
 .comment       0x0000007c       0x6e E:/Program Files (x86)/Atollic CMSIS PACKS/ARM/CMSIS/5.3.0/CMSIS/Lib/GCC\libarm_cortexM7lfdp_math.a(arm_const_structs.o)
                                 0x6f (size before relaxing)
 .comment       0x000000ea       0x6f E:/Program Files (x86)/Atollic CMSIS PACKS/ARM/CMSIS/5.3.0/CMSIS/Lib/GCC\libarm_cortexM7lfdp_math.a(arm_common_tables.o)
 .comment       0x000000ea       0x6f E:/Program Files (x86)/Atollic CMSIS PACKS/ARM/CMSIS/5.3.0/CMSIS/Lib/GCC\libarm_cortexM7lfdp_math.a(arm_cfft_f32.o)
 .comment       0x000000ea       0x6f E:/Program Files (x86)/Atollic CMSIS PACKS/ARM/CMSIS/5.3.0/CMSIS/Lib/GCC\libarm_cortexM7lfdp_math.a(arm_cfft_radix8_f32.o)

.debug_frame    0x00000000     0x3d20
 .debug_frame   0x00000000      0x6a8 Drivers\STM32H7xx_HAL_Driver\Src\stm32h7xx_hal.o
 .debug_frame   0x000006a8      0x470 Drivers\STM32H7xx_HAL_Driver\Src\stm32h7xx_hal_cortex.o
 .debug_frame   0x00000b18      0x14c Drivers\STM32H7xx_HAL_Driver\Src\stm32h7xx_hal_gpio.o
 .debug_frame   0x00000c64      0x1e4 Drivers\STM32H7xx_HAL_Driver\Src\stm32h7xx_hal_rcc.o
 .debug_frame   0x00000e48      0x3ac Drivers\STM32H7xx_HAL_Driver\Src\stm32h7xx_hal_rcc_ex.o
 .debug_frame   0x000011f4     0x1008 Drivers\STM32H7xx_HAL_Driver\Src\stm32h7xx_hal_tim.o
 .debug_frame   0x000021fc      0x5ec Drivers\STM32H7xx_HAL_Driver\Src\stm32h7xx_hal_tim_ex.o
 .debug_frame   0x000027e8      0x8b8 Drivers\STM32H7xx_HAL_Driver\Src\stm32h7xx_hal_uart.o
 .debug_frame   0x000030a0       0x34 Src\gpio.o
 .debug_frame   0x000030d4       0xe0 Src\main.o
 .debug_frame   0x000031b4       0x34 Src\stm32h7xx_hal_msp.o
 .debug_frame   0x000031e8       0x48 Src\stm32h7xx_it.o
 .debug_frame   0x00003230       0x58 Src\system_stm32h7xx.o
 .debug_frame   0x00003288       0x7c Src\tim.o
 .debug_frame   0x00003304       0x74 Src\usart.o
 .debug_frame   0x00003378       0xe0 E:/Program Files (x86)/Atollic CMSIS PACKS/ARM/CMSIS/5.3.0/CMSIS/Lib/GCC\libarm_cortexM7lfdp_math.a(arm_cfft_f32.o)
 .debug_frame   0x00003458       0x94 E:/Program Files (x86)/Atollic CMSIS PACKS/ARM/CMSIS/5.3.0/CMSIS/Lib/GCC\libarm_cortexM7lfdp_math.a(arm_cfft_radix8_f32.o)
 .debug_frame   0x000034ec       0x2c c:/program files (x86)/atollic/truestudio for stm32 9.0.0/armtools/bin/../lib/gcc/arm-atollic-eabi/6.3.1/../../../../arm-atollic-eabi/lib/armv7e-m/fpu/fpv5-d16\libc_nano.a(lib_a-init.o)
 .debug_frame   0x00003518       0x20 c:/program files (x86)/atollic/truestudio for stm32 9.0.0/armtools/bin/../lib/gcc/arm-atollic-eabi/6.3.1/../../../../arm-atollic-eabi/lib/armv7e-m/fpu/fpv5-d16\libc_nano.a(lib_a-memset.o)
 .debug_frame   0x00003538       0x74 c:/program files (x86)/atollic/truestudio for stm32 9.0.0/armtools/bin/../lib/gcc/arm-atollic-eabi/6.3.1/../../../../arm-atollic-eabi/lib/armv7e-m/fpu/fpv5-d16\libc_nano.a(lib_a-printf.o)
 .debug_frame   0x000035ac      0x11c c:/program files (x86)/atollic/truestudio for stm32 9.0.0/armtools/bin/../lib/gcc/arm-atollic-eabi/6.3.1/../../../../arm-atollic-eabi/lib/armv7e-m/fpu/fpv5-d16\libc_nano.a(lib_a-findfp.o)
 .debug_frame   0x000036c8       0x54 c:/program files (x86)/atollic/truestudio for stm32 9.0.0/armtools/bin/../lib/gcc/arm-atollic-eabi/6.3.1/../../../../arm-atollic-eabi/lib/armv7e-m/fpu/fpv5-d16\libc_nano.a(lib_a-fwalk.o)
 .debug_frame   0x0000371c       0x2c c:/program files (x86)/atollic/truestudio for stm32 9.0.0/armtools/bin/../lib/gcc/arm-atollic-eabi/6.3.1/../../../../arm-atollic-eabi/lib/armv7e-m/fpu/fpv5-d16\libc_nano.a(lib_a-nano-mallocr.o)
 .debug_frame   0x00003748       0xac c:/program files (x86)/atollic/truestudio for stm32 9.0.0/armtools/bin/../lib/gcc/arm-atollic-eabi/6.3.1/../../../../arm-atollic-eabi/lib/armv7e-m/fpu/fpv5-d16\libc_nano.a(lib_a-nano-vfprintf.o)
 .debug_frame   0x000037f4       0x60 c:/program files (x86)/atollic/truestudio for stm32 9.0.0/armtools/bin/../lib/gcc/arm-atollic-eabi/6.3.1/../../../../arm-atollic-eabi/lib/armv7e-m/fpu/fpv5-d16\libc_nano.a(lib_a-nano-vfprintf_i.o)
 .debug_frame   0x00003854       0x2c c:/program files (x86)/atollic/truestudio for stm32 9.0.0/armtools/bin/../lib/gcc/arm-atollic-eabi/6.3.1/../../../../arm-atollic-eabi/lib/armv7e-m/fpu/fpv5-d16\libc_nano.a(lib_a-sbrkr.o)
 .debug_frame   0x00003880       0x88 c:/program files (x86)/atollic/truestudio for stm32 9.0.0/armtools/bin/../lib/gcc/arm-atollic-eabi/6.3.1/../../../../arm-atollic-eabi/lib/armv7e-m/fpu/fpv5-d16\libc_nano.a(lib_a-stdio.o)
 .debug_frame   0x00003908       0x40 c:/program files (x86)/atollic/truestudio for stm32 9.0.0/armtools/bin/../lib/gcc/arm-atollic-eabi/6.3.1/../../../../arm-atollic-eabi/lib/armv7e-m/fpu/fpv5-d16\libc_nano.a(lib_a-wbuf.o)
 .debug_frame   0x00003948       0x2c c:/program files (x86)/atollic/truestudio for stm32 9.0.0/armtools/bin/../lib/gcc/arm-atollic-eabi/6.3.1/../../../../arm-atollic-eabi/lib/armv7e-m/fpu/fpv5-d16\libc_nano.a(lib_a-writer.o)
 .debug_frame   0x00003974       0x2c c:/program files (x86)/atollic/truestudio for stm32 9.0.0/armtools/bin/../lib/gcc/arm-atollic-eabi/6.3.1/../../../../arm-atollic-eabi/lib/armv7e-m/fpu/fpv5-d16\libc_nano.a(lib_a-wsetup.o)
 .debug_frame   0x000039a0       0x2c c:/program files (x86)/atollic/truestudio for stm32 9.0.0/armtools/bin/../lib/gcc/arm-atollic-eabi/6.3.1/../../../../arm-atollic-eabi/lib/armv7e-m/fpu/fpv5-d16\libc_nano.a(lib_a-closer.o)
 .debug_frame   0x000039cc       0x68 c:/program files (x86)/atollic/truestudio for stm32 9.0.0/armtools/bin/../lib/gcc/arm-atollic-eabi/6.3.1/../../../../arm-atollic-eabi/lib/armv7e-m/fpu/fpv5-d16\libc_nano.a(lib_a-fflush.o)
 .debug_frame   0x00003a34       0x2c c:/program files (x86)/atollic/truestudio for stm32 9.0.0/armtools/bin/../lib/gcc/arm-atollic-eabi/6.3.1/../../../../arm-atollic-eabi/lib/armv7e-m/fpu/fpv5-d16\libc_nano.a(lib_a-lseekr.o)
 .debug_frame   0x00003a60       0x58 c:/program files (x86)/atollic/truestudio for stm32 9.0.0/armtools/bin/../lib/gcc/arm-atollic-eabi/6.3.1/../../../../arm-atollic-eabi/lib/armv7e-m/fpu/fpv5-d16\libc_nano.a(lib_a-makebuf.o)
 .debug_frame   0x00003ab8       0x30 c:/program files (x86)/atollic/truestudio for stm32 9.0.0/armtools/bin/../lib/gcc/arm-atollic-eabi/6.3.1/../../../../arm-atollic-eabi/lib/armv7e-m/fpu/fpv5-d16\libc_nano.a(lib_a-mlock.o)
 .debug_frame   0x00003ae8       0x38 c:/program files (x86)/atollic/truestudio for stm32 9.0.0/armtools/bin/../lib/gcc/arm-atollic-eabi/6.3.1/../../../../arm-atollic-eabi/lib/armv7e-m/fpu/fpv5-d16\libc_nano.a(lib_a-nano-freer.o)
 .debug_frame   0x00003b20       0x2c c:/program files (x86)/atollic/truestudio for stm32 9.0.0/armtools/bin/../lib/gcc/arm-atollic-eabi/6.3.1/../../../../arm-atollic-eabi/lib/armv7e-m/fpu/fpv5-d16\libc_nano.a(lib_a-readr.o)
 .debug_frame   0x00003b4c       0x5c c:/program files (x86)/atollic/truestudio for stm32 9.0.0/armtools/bin/../lib/gcc/arm-atollic-eabi/6.3.1/../../../../arm-atollic-eabi/lib/armv7e-m/fpu/fpv5-d16\libc_nano.a(lib_a-reent.o)
 .debug_frame   0x00003ba8       0x2c c:/program files (x86)/atollic/truestudio for stm32 9.0.0/armtools/bin/../lib/gcc/arm-atollic-eabi/6.3.1/../../../../arm-atollic-eabi/lib/armv7e-m/fpu/fpv5-d16\libc_nano.a(lib_a-fstatr.o)
 .debug_frame   0x00003bd4       0x2c c:/program files (x86)/atollic/truestudio for stm32 9.0.0/armtools/bin/../lib/gcc/arm-atollic-eabi/6.3.1/../../../../arm-atollic-eabi/lib/armv7e-m/fpu/fpv5-d16\libc_nano.a(lib_a-isattyr.o)
 .debug_frame   0x00003c00       0x2c c:/program files (x86)/atollic/truestudio for stm32 9.0.0/armtools/bin/../lib/gcc/arm-atollic-eabi/6.3.1/armv7e-m/fpu/fpv5-d16\libgcc.a(_aeabi_uldivmod.o)
 .debug_frame   0x00003c2c       0x34 c:/program files (x86)/atollic/truestudio for stm32 9.0.0/armtools/bin/../lib/gcc/arm-atollic-eabi/6.3.1/armv7e-m/fpu/fpv5-d16\libgcc.a(_udivmoddi4.o)
 .debug_frame   0x00003c60       0x20 c:/program files (x86)/atollic/truestudio for stm32 9.0.0/armtools/bin/../lib/gcc/arm-atollic-eabi/6.3.1/../../../../arm-atollic-eabi/lib/armv7e-m/fpu/fpv5-d16\libnosys.a(close.o)
 .debug_frame   0x00003c80       0x20 c:/program files (x86)/atollic/truestudio for stm32 9.0.0/armtools/bin/../lib/gcc/arm-atollic-eabi/6.3.1/../../../../arm-atollic-eabi/lib/armv7e-m/fpu/fpv5-d16\libnosys.a(fstat.o)
 .debug_frame   0x00003ca0       0x20 c:/program files (x86)/atollic/truestudio for stm32 9.0.0/armtools/bin/../lib/gcc/arm-atollic-eabi/6.3.1/../../../../arm-atollic-eabi/lib/armv7e-m/fpu/fpv5-d16\libnosys.a(isatty.o)
 .debug_frame   0x00003cc0       0x20 c:/program files (x86)/atollic/truestudio for stm32 9.0.0/armtools/bin/../lib/gcc/arm-atollic-eabi/6.3.1/../../../../arm-atollic-eabi/lib/armv7e-m/fpu/fpv5-d16\libnosys.a(lseek.o)
 .debug_frame   0x00003ce0       0x20 c:/program files (x86)/atollic/truestudio for stm32 9.0.0/armtools/bin/../lib/gcc/arm-atollic-eabi/6.3.1/../../../../arm-atollic-eabi/lib/armv7e-m/fpu/fpv5-d16\libnosys.a(read.o)
 .debug_frame   0x00003d00       0x20 c:/program files (x86)/atollic/truestudio for stm32 9.0.0/armtools/bin/../lib/gcc/arm-atollic-eabi/6.3.1/../../../../arm-atollic-eabi/lib/armv7e-m/fpu/fpv5-d16\libnosys.a(sbrk.o)

.debug_loc      0x00000000     0x1d2f
 .debug_loc     0x00000000     0x142b E:/Program Files (x86)/Atollic CMSIS PACKS/ARM/CMSIS/5.3.0/CMSIS/Lib/GCC\libarm_cortexM7lfdp_math.a(arm_cfft_f32.o)
 .debug_loc     0x0000142b      0x904 E:/Program Files (x86)/Atollic CMSIS PACKS/ARM/CMSIS/5.3.0/CMSIS/Lib/GCC\libarm_cortexM7lfdp_math.a(arm_cfft_radix8_f32.o)

.stab           0x00000000       0x84
 .stab          0x00000000       0x24 c:/program files (x86)/atollic/truestudio for stm32 9.0.0/armtools/bin/../lib/gcc/arm-atollic-eabi/6.3.1/../../../../arm-atollic-eabi/lib/armv7e-m/fpu/fpv5-d16\libnosys.a(close.o)
 .stab          0x00000024       0x18 c:/program files (x86)/atollic/truestudio for stm32 9.0.0/armtools/bin/../lib/gcc/arm-atollic-eabi/6.3.1/../../../../arm-atollic-eabi/lib/armv7e-m/fpu/fpv5-d16\libnosys.a(fstat.o)
                                 0x24 (size before relaxing)
 .stab          0x0000003c       0x18 c:/program files (x86)/atollic/truestudio for stm32 9.0.0/armtools/bin/../lib/gcc/arm-atollic-eabi/6.3.1/../../../../arm-atollic-eabi/lib/armv7e-m/fpu/fpv5-d16\libnosys.a(isatty.o)
                                 0x24 (size before relaxing)
 .stab          0x00000054       0x18 c:/program files (x86)/atollic/truestudio for stm32 9.0.0/armtools/bin/../lib/gcc/arm-atollic-eabi/6.3.1/../../../../arm-atollic-eabi/lib/armv7e-m/fpu/fpv5-d16\libnosys.a(lseek.o)
                                 0x24 (size before relaxing)
 .stab          0x0000006c       0x18 c:/program files (x86)/atollic/truestudio for stm32 9.0.0/armtools/bin/../lib/gcc/arm-atollic-eabi/6.3.1/../../../../arm-atollic-eabi/lib/armv7e-m/fpu/fpv5-d16\libnosys.a(read.o)
                                 0x24 (size before relaxing)

.stabstr        0x00000000      0x117
 .stabstr       0x00000000      0x117 c:/program files (x86)/atollic/truestudio for stm32 9.0.0/armtools/bin/../lib/gcc/arm-atollic-eabi/6.3.1/../../../../arm-atollic-eabi/lib/armv7e-m/fpu/fpv5-d16\libnosys.a(close.o)
